401:Authentication credentials (https://dev.twitter.com/pages/auth) were missing or incorrect. Ensure that you have set valid consumer key/secret, access token/secret, and the system clock is in sync.
{"request":"\/1.1\/friends\/ids.json?user_id=13025282&cursor=-1&include_entities=true","error":"Not authorized."}

Relevant discussions can be found on the Internet at:
	http://www.google.co.jp/search?q=a0c96a69 or
	http://www.google.co.jp/search?q=1935c143
TwitterException{exceptionCode=[a0c96a69-1935c143], statusCode=401, message=null, code=-1, retryAfter=-1, rateLimitStatus=RateLimitStatusJSONImpl{remaining=2, limit=15, resetTimeInSeconds=1399054144, secondsUntilReset=178}, version=4.0.1}
	at twitter4j.HttpClientImpl.handleRequest(HttpClientImpl.java:164)
	at twitter4j.HttpClientBase.request(HttpClientBase.java:53)
	at twitter4j.HttpClientBase.get(HttpClientBase.java:71)
	at twitter4j.TwitterImpl.get(TwitterImpl.java:1950)
	at twitter4j.TwitterImpl.getFriendsIDs(TwitterImpl.java:395)
	at retrieval.RetrieveFriendsJSON.main(RetrieveFriendsJSON.java:98)
	at sun.reflect.NativeMethodAccessorImpl.invoke0(Native Method)
	at sun.reflect.NativeMethodAccessorImpl.invoke(NativeMethodAccessorImpl.java:57)
	at sun.reflect.DelegatingMethodAccessorImpl.invoke(DelegatingMethodAccessorImpl.java:43)
	at java.lang.reflect.Method.invoke(Method.java:606)
	at org.eclipse.jdt.internal.jarinjarloader.JarRsrcLoader.main(JarRsrcLoader.java:58)
401:Authentication credentials (https://dev.twitter.com/pages/auth) were missing or incorrect. Ensure that you have set valid consumer key/secret, access token/secret, and the system clock is in sync.
{"request":"\/1.1\/friends\/ids.json?user_id=11513182&cursor=-1&include_entities=true","error":"Not authorized."}

Relevant discussions can be found on the Internet at:
	http://www.google.co.jp/search?q=a0c96a69 or
	http://www.google.co.jp/search?q=1935c143
TwitterException{exceptionCode=[a0c96a69-1935c143], statusCode=401, message=null, code=-1, retryAfter=-1, rateLimitStatus=RateLimitStatusJSONImpl{remaining=0, limit=15, resetTimeInSeconds=1399055044, secondsUntilReset=58}, version=4.0.1}
	at twitter4j.HttpClientImpl.handleRequest(HttpClientImpl.java:164)
	at twitter4j.HttpClientBase.request(HttpClientBase.java:53)
	at twitter4j.HttpClientBase.get(HttpClientBase.java:71)
	at twitter4j.TwitterImpl.get(TwitterImpl.java:1950)
	at twitter4j.TwitterImpl.getFriendsIDs(TwitterImpl.java:395)
	at retrieval.RetrieveFriendsJSON.main(RetrieveFriendsJSON.java:98)
	at sun.reflect.NativeMethodAccessorImpl.invoke0(Native Method)
	at sun.reflect.NativeMethodAccessorImpl.invoke(NativeMethodAccessorImpl.java:57)
	at sun.reflect.DelegatingMethodAccessorImpl.invoke(DelegatingMethodAccessorImpl.java:43)
	at java.lang.reflect.Method.invoke(Method.java:606)
	at org.eclipse.jdt.internal.jarinjarloader.JarRsrcLoader.main(JarRsrcLoader.java:58)
401:Authentication credentials (https://dev.twitter.com/pages/auth) were missing or incorrect. Ensure that you have set valid consumer key/secret, access token/secret, and the system clock is in sync.
{"request":"\/1.1\/friends\/ids.json?user_id=11032482&cursor=-1&include_entities=true","error":"Not authorized."}

Relevant discussions can be found on the Internet at:
	http://www.google.co.jp/search?q=a0c96a69 or
	http://www.google.co.jp/search?q=1935c143
TwitterException{exceptionCode=[a0c96a69-1935c143], statusCode=401, message=null, code=-1, retryAfter=-1, rateLimitStatus=RateLimitStatusJSONImpl{remaining=5, limit=15, resetTimeInSeconds=1399055944, secondsUntilReset=359}, version=4.0.1}
	at twitter4j.HttpClientImpl.handleRequest(HttpClientImpl.java:164)
	at twitter4j.HttpClientBase.request(HttpClientBase.java:53)
	at twitter4j.HttpClientBase.get(HttpClientBase.java:71)
	at twitter4j.TwitterImpl.get(TwitterImpl.java:1950)
	at twitter4j.TwitterImpl.getFriendsIDs(TwitterImpl.java:395)
	at retrieval.RetrieveFriendsJSON.main(RetrieveFriendsJSON.java:98)
	at sun.reflect.NativeMethodAccessorImpl.invoke0(Native Method)
	at sun.reflect.NativeMethodAccessorImpl.invoke(NativeMethodAccessorImpl.java:57)
	at sun.reflect.DelegatingMethodAccessorImpl.invoke(DelegatingMethodAccessorImpl.java:43)
	at java.lang.reflect.Method.invoke(Method.java:606)
	at org.eclipse.jdt.internal.jarinjarloader.JarRsrcLoader.main(JarRsrcLoader.java:58)
401:Authentication credentials (https://dev.twitter.com/pages/auth) were missing or incorrect. Ensure that you have set valid consumer key/secret, access token/secret, and the system clock is in sync.
{"request":"\/1.1\/friends\/ids.json?user_id=16009065&cursor=-1&include_entities=true","error":"Not authorized."}

Relevant discussions can be found on the Internet at:
	http://www.google.co.jp/search?q=a0c96a69 or
	http://www.google.co.jp/search?q=1935c143
TwitterException{exceptionCode=[a0c96a69-1935c143], statusCode=401, message=null, code=-1, retryAfter=-1, rateLimitStatus=RateLimitStatusJSONImpl{remaining=4, limit=15, resetTimeInSeconds=1399055944, secondsUntilReset=298}, version=4.0.1}
	at twitter4j.HttpClientImpl.handleRequest(HttpClientImpl.java:164)
	at twitter4j.HttpClientBase.request(HttpClientBase.java:53)
	at twitter4j.HttpClientBase.get(HttpClientBase.java:71)
	at twitter4j.TwitterImpl.get(TwitterImpl.java:1950)
	at twitter4j.TwitterImpl.getFriendsIDs(TwitterImpl.java:395)
	at retrieval.RetrieveFriendsJSON.main(RetrieveFriendsJSON.java:98)
	at sun.reflect.NativeMethodAccessorImpl.invoke0(Native Method)
	at sun.reflect.NativeMethodAccessorImpl.invoke(NativeMethodAccessorImpl.java:57)
	at sun.reflect.DelegatingMethodAccessorImpl.invoke(DelegatingMethodAccessorImpl.java:43)
	at java.lang.reflect.Method.invoke(Method.java:606)
	at org.eclipse.jdt.internal.jarinjarloader.JarRsrcLoader.main(JarRsrcLoader.java:58)
401:Authentication credentials (https://dev.twitter.com/pages/auth) were missing or incorrect. Ensure that you have set valid consumer key/secret, access token/secret, and the system clock is in sync.
{"request":"\/1.1\/friends\/ids.json?user_id=15960923&cursor=-1&include_entities=true","error":"Not authorized."}

Relevant discussions can be found on the Internet at:
	http://www.google.co.jp/search?q=a0c96a69 or
	http://www.google.co.jp/search?q=1935c143
TwitterException{exceptionCode=[a0c96a69-1935c143], statusCode=401, message=null, code=-1, retryAfter=-1, rateLimitStatus=RateLimitStatusJSONImpl{remaining=2, limit=15, resetTimeInSeconds=1399055944, secondsUntilReset=178}, version=4.0.1}
	at twitter4j.HttpClientImpl.handleRequest(HttpClientImpl.java:164)
	at twitter4j.HttpClientBase.request(HttpClientBase.java:53)
	at twitter4j.HttpClientBase.get(HttpClientBase.java:71)
	at twitter4j.TwitterImpl.get(TwitterImpl.java:1950)
	at twitter4j.TwitterImpl.getFriendsIDs(TwitterImpl.java:395)
	at retrieval.RetrieveFriendsJSON.main(RetrieveFriendsJSON.java:98)
	at sun.reflect.NativeMethodAccessorImpl.invoke0(Native Method)
	at sun.reflect.NativeMethodAccessorImpl.invoke(NativeMethodAccessorImpl.java:57)
	at sun.reflect.DelegatingMethodAccessorImpl.invoke(DelegatingMethodAccessorImpl.java:43)
	at java.lang.reflect.Method.invoke(Method.java:606)
	at org.eclipse.jdt.internal.jarinjarloader.JarRsrcLoader.main(JarRsrcLoader.java:58)
401:Authentication credentials (https://dev.twitter.com/pages/auth) were missing or incorrect. Ensure that you have set valid consumer key/secret, access token/secret, and the system clock is in sync.
{"request":"\/1.1\/friends\/ids.json?user_id=1481401&cursor=-1&include_entities=true","error":"Not authorized."}

Relevant discussions can be found on the Internet at:
	http://www.google.co.jp/search?q=a0c96a69 or
	http://www.google.co.jp/search?q=1935c143
TwitterException{exceptionCode=[a0c96a69-1935c143], statusCode=401, message=null, code=-1, retryAfter=-1, rateLimitStatus=RateLimitStatusJSONImpl{remaining=13, limit=15, resetTimeInSeconds=1399056845, secondsUntilReset=838}, version=4.0.1}
	at twitter4j.HttpClientImpl.handleRequest(HttpClientImpl.java:164)
	at twitter4j.HttpClientBase.request(HttpClientBase.java:53)
	at twitter4j.HttpClientBase.get(HttpClientBase.java:71)
	at twitter4j.TwitterImpl.get(TwitterImpl.java:1950)
	at twitter4j.TwitterImpl.getFriendsIDs(TwitterImpl.java:395)
	at retrieval.RetrieveFriendsJSON.main(RetrieveFriendsJSON.java:98)
	at sun.reflect.NativeMethodAccessorImpl.invoke0(Native Method)
	at sun.reflect.NativeMethodAccessorImpl.invoke(NativeMethodAccessorImpl.java:57)
	at sun.reflect.DelegatingMethodAccessorImpl.invoke(DelegatingMethodAccessorImpl.java:43)
	at java.lang.reflect.Method.invoke(Method.java:606)
	at org.eclipse.jdt.internal.jarinjarloader.JarRsrcLoader.main(JarRsrcLoader.java:58)
401:Authentication credentials (https://dev.twitter.com/pages/auth) were missing or incorrect. Ensure that you have set valid consumer key/secret, access token/secret, and the system clock is in sync.
{"request":"\/1.1\/friends\/ids.json?user_id=2127931&cursor=-1&include_entities=true","error":"Not authorized."}

Relevant discussions can be found on the Internet at:
	http://www.google.co.jp/search?q=a0c96a69 or
	http://www.google.co.jp/search?q=1935c143
TwitterException{exceptionCode=[a0c96a69-1935c143], statusCode=401, message=null, code=-1, retryAfter=-1, rateLimitStatus=RateLimitStatusJSONImpl{remaining=3, limit=15, resetTimeInSeconds=1399056845, secondsUntilReset=238}, version=4.0.1}
	at twitter4j.HttpClientImpl.handleRequest(HttpClientImpl.java:164)
	at twitter4j.HttpClientBase.request(HttpClientBase.java:53)
	at twitter4j.HttpClientBase.get(HttpClientBase.java:71)
	at twitter4j.TwitterImpl.get(TwitterImpl.java:1950)
	at twitter4j.TwitterImpl.getFriendsIDs(TwitterImpl.java:395)
	at retrieval.RetrieveFriendsJSON.main(RetrieveFriendsJSON.java:98)
	at sun.reflect.NativeMethodAccessorImpl.invoke0(Native Method)
	at sun.reflect.NativeMethodAccessorImpl.invoke(NativeMethodAccessorImpl.java:57)
	at sun.reflect.DelegatingMethodAccessorImpl.invoke(DelegatingMethodAccessorImpl.java:43)
	at java.lang.reflect.Method.invoke(Method.java:606)
	at org.eclipse.jdt.internal.jarinjarloader.JarRsrcLoader.main(JarRsrcLoader.java:58)
429:Returned in API v1.1 when a request cannot be served due to the application's rate limit having been exhausted for the resource. See Rate Limiting in API v1.1.(https://dev.twitter.com/docs/rate-limiting/1.1)
message - Rate limit exceeded
code - 88

Relevant discussions can be found on the Internet at:
	http://www.google.co.jp/search?q=a0c96a69 or
	http://www.google.co.jp/search?q=1935c143
TwitterException{exceptionCode=[a0c96a69-1935c143], statusCode=429, message=Rate limit exceeded, code=88, retryAfter=-1, rateLimitStatus=RateLimitStatusJSONImpl{remaining=0, limit=15, resetTimeInSeconds=1399056845, secondsUntilReset=0}, version=4.0.1}
	at twitter4j.HttpClientImpl.handleRequest(HttpClientImpl.java:164)
	at twitter4j.HttpClientBase.request(HttpClientBase.java:53)
	at twitter4j.HttpClientBase.get(HttpClientBase.java:71)
	at twitter4j.TwitterImpl.get(TwitterImpl.java:1950)
	at twitter4j.TwitterImpl.getFriendsIDs(TwitterImpl.java:395)
	at retrieval.RetrieveFriendsJSON.main(RetrieveFriendsJSON.java:98)
	at sun.reflect.NativeMethodAccessorImpl.invoke0(Native Method)
	at sun.reflect.NativeMethodAccessorImpl.invoke(NativeMethodAccessorImpl.java:57)
	at sun.reflect.DelegatingMethodAccessorImpl.invoke(DelegatingMethodAccessorImpl.java:43)
	at java.lang.reflect.Method.invoke(Method.java:606)
	at org.eclipse.jdt.internal.jarinjarloader.JarRsrcLoader.main(JarRsrcLoader.java:58)
404:The URI requested is invalid or the resource requested, such as a user, does not exists. Also returned when the requested format is not supported by the requested method.
message - Sorry, that page does not exist
code - 34

Relevant discussions can be found on the Internet at:
	http://www.google.co.jp/search?q=a0c96a69 or
	http://www.google.co.jp/search?q=1935c143
TwitterException{exceptionCode=[a0c96a69-1935c143], statusCode=404, message=Sorry, that page does not exist, code=34, retryAfter=-1, rateLimitStatus=RateLimitStatusJSONImpl{remaining=1, limit=15, resetTimeInSeconds=1399057805, secondsUntilReset=120}, version=4.0.1}
	at twitter4j.HttpClientImpl.handleRequest(HttpClientImpl.java:164)
	at twitter4j.HttpClientBase.request(HttpClientBase.java:53)
	at twitter4j.HttpClientBase.get(HttpClientBase.java:71)
	at twitter4j.TwitterImpl.get(TwitterImpl.java:1950)
	at twitter4j.TwitterImpl.getFriendsIDs(TwitterImpl.java:395)
	at retrieval.RetrieveFriendsJSON.main(RetrieveFriendsJSON.java:98)
	at sun.reflect.NativeMethodAccessorImpl.invoke0(Native Method)
	at sun.reflect.NativeMethodAccessorImpl.invoke(NativeMethodAccessorImpl.java:57)
	at sun.reflect.DelegatingMethodAccessorImpl.invoke(DelegatingMethodAccessorImpl.java:43)
	at java.lang.reflect.Method.invoke(Method.java:606)
	at org.eclipse.jdt.internal.jarinjarloader.JarRsrcLoader.main(JarRsrcLoader.java:58)
401:Authentication credentials (https://dev.twitter.com/pages/auth) were missing or incorrect. Ensure that you have set valid consumer key/secret, access token/secret, and the system clock is in sync.
{"request":"\/1.1\/friends\/ids.json?user_id=272997230&cursor=-1&include_entities=true","error":"Not authorized."}

Relevant discussions can be found on the Internet at:
	http://www.google.co.jp/search?q=a0c96a69 or
	http://www.google.co.jp/search?q=1935c143
TwitterException{exceptionCode=[a0c96a69-1935c143], statusCode=401, message=null, code=-1, retryAfter=-1, rateLimitStatus=RateLimitStatusJSONImpl{remaining=1, limit=15, resetTimeInSeconds=1399058705, secondsUntilReset=119}, version=4.0.1}
	at twitter4j.HttpClientImpl.handleRequest(HttpClientImpl.java:164)
	at twitter4j.HttpClientBase.request(HttpClientBase.java:53)
	at twitter4j.HttpClientBase.get(HttpClientBase.java:71)
	at twitter4j.TwitterImpl.get(TwitterImpl.java:1950)
	at twitter4j.TwitterImpl.getFriendsIDs(TwitterImpl.java:395)
	at retrieval.RetrieveFriendsJSON.main(RetrieveFriendsJSON.java:98)
	at sun.reflect.NativeMethodAccessorImpl.invoke0(Native Method)
	at sun.reflect.NativeMethodAccessorImpl.invoke(NativeMethodAccessorImpl.java:57)
	at sun.reflect.DelegatingMethodAccessorImpl.invoke(DelegatingMethodAccessorImpl.java:43)
	at java.lang.reflect.Method.invoke(Method.java:606)
	at org.eclipse.jdt.internal.jarinjarloader.JarRsrcLoader.main(JarRsrcLoader.java:58)
429:Returned in API v1.1 when a request cannot be served due to the application's rate limit having been exhausted for the resource. See Rate Limiting in API v1.1.(https://dev.twitter.com/docs/rate-limiting/1.1)
message - Rate limit exceeded
code - 88

Relevant discussions can be found on the Internet at:
	http://www.google.co.jp/search?q=a0c96a69 or
	http://www.google.co.jp/search?q=1935c143
TwitterException{exceptionCode=[a0c96a69-1935c143], statusCode=429, message=Rate limit exceeded, code=88, retryAfter=-1, rateLimitStatus=RateLimitStatusJSONImpl{remaining=0, limit=15, resetTimeInSeconds=1399058705, secondsUntilReset=0}, version=4.0.1}
	at twitter4j.HttpClientImpl.handleRequest(HttpClientImpl.java:164)
	at twitter4j.HttpClientBase.request(HttpClientBase.java:53)
	at twitter4j.HttpClientBase.get(HttpClientBase.java:71)
	at twitter4j.TwitterImpl.get(TwitterImpl.java:1950)
	at twitter4j.TwitterImpl.getFriendsIDs(TwitterImpl.java:395)
	at retrieval.RetrieveFriendsJSON.main(RetrieveFriendsJSON.java:98)
	at sun.reflect.NativeMethodAccessorImpl.invoke0(Native Method)
	at sun.reflect.NativeMethodAccessorImpl.invoke(NativeMethodAccessorImpl.java:57)
	at sun.reflect.DelegatingMethodAccessorImpl.invoke(DelegatingMethodAccessorImpl.java:43)
	at java.lang.reflect.Method.invoke(Method.java:606)
	at org.eclipse.jdt.internal.jarinjarloader.JarRsrcLoader.main(JarRsrcLoader.java:58)
401:Authentication credentials (https://dev.twitter.com/pages/auth) were missing or incorrect. Ensure that you have set valid consumer key/secret, access token/secret, and the system clock is in sync.
{"request":"\/1.1\/friends\/ids.json?user_id=44022071&cursor=-1&include_entities=true","error":"Not authorized."}

Relevant discussions can be found on the Internet at:
	http://www.google.co.jp/search?q=a0c96a69 or
	http://www.google.co.jp/search?q=1935c143
TwitterException{exceptionCode=[a0c96a69-1935c143], statusCode=401, message=null, code=-1, retryAfter=-1, rateLimitStatus=RateLimitStatusJSONImpl{remaining=3, limit=15, resetTimeInSeconds=1399059665, secondsUntilReset=239}, version=4.0.1}
	at twitter4j.HttpClientImpl.handleRequest(HttpClientImpl.java:164)
	at twitter4j.HttpClientBase.request(HttpClientBase.java:53)
	at twitter4j.HttpClientBase.get(HttpClientBase.java:71)
	at twitter4j.TwitterImpl.get(TwitterImpl.java:1950)
	at twitter4j.TwitterImpl.getFriendsIDs(TwitterImpl.java:395)
	at retrieval.RetrieveFriendsJSON.main(RetrieveFriendsJSON.java:98)
	at sun.reflect.NativeMethodAccessorImpl.invoke0(Native Method)
	at sun.reflect.NativeMethodAccessorImpl.invoke(NativeMethodAccessorImpl.java:57)
	at sun.reflect.DelegatingMethodAccessorImpl.invoke(DelegatingMethodAccessorImpl.java:43)
	at java.lang.reflect.Method.invoke(Method.java:606)
	at org.eclipse.jdt.internal.jarinjarloader.JarRsrcLoader.main(JarRsrcLoader.java:58)
401:Authentication credentials (https://dev.twitter.com/pages/auth) were missing or incorrect. Ensure that you have set valid consumer key/secret, access token/secret, and the system clock is in sync.
{"request":"\/1.1\/friends\/ids.json?user_id=59153817&cursor=-1&include_entities=true","error":"Not authorized."}

Relevant discussions can be found on the Internet at:
	http://www.google.co.jp/search?q=a0c96a69 or
	http://www.google.co.jp/search?q=1935c143
TwitterException{exceptionCode=[a0c96a69-1935c143], statusCode=401, message=null, code=-1, retryAfter=-1, rateLimitStatus=RateLimitStatusJSONImpl{remaining=2, limit=15, resetTimeInSeconds=1399059665, secondsUntilReset=179}, version=4.0.1}
	at twitter4j.HttpClientImpl.handleRequest(HttpClientImpl.java:164)
	at twitter4j.HttpClientBase.request(HttpClientBase.java:53)
	at twitter4j.HttpClientBase.get(HttpClientBase.java:71)
	at twitter4j.TwitterImpl.get(TwitterImpl.java:1950)
	at twitter4j.TwitterImpl.getFriendsIDs(TwitterImpl.java:395)
	at retrieval.RetrieveFriendsJSON.main(RetrieveFriendsJSON.java:98)
	at sun.reflect.NativeMethodAccessorImpl.invoke0(Native Method)
	at sun.reflect.NativeMethodAccessorImpl.invoke(NativeMethodAccessorImpl.java:57)
	at sun.reflect.DelegatingMethodAccessorImpl.invoke(DelegatingMethodAccessorImpl.java:43)
	at java.lang.reflect.Method.invoke(Method.java:606)
	at org.eclipse.jdt.internal.jarinjarloader.JarRsrcLoader.main(JarRsrcLoader.java:58)
401:Authentication credentials (https://dev.twitter.com/pages/auth) were missing or incorrect. Ensure that you have set valid consumer key/secret, access token/secret, and the system clock is in sync.
{"request":"\/1.1\/friends\/ids.json?user_id=2472845629&cursor=-1&include_entities=true","error":"Not authorized."}

Relevant discussions can be found on the Internet at:
	http://www.google.co.jp/search?q=a0c96a69 or
	http://www.google.co.jp/search?q=1935c143
TwitterException{exceptionCode=[a0c96a69-1935c143], statusCode=401, message=null, code=-1, retryAfter=-1, rateLimitStatus=RateLimitStatusJSONImpl{remaining=7, limit=15, resetTimeInSeconds=1399060566, secondsUntilReset=480}, version=4.0.1}
	at twitter4j.HttpClientImpl.handleRequest(HttpClientImpl.java:164)
	at twitter4j.HttpClientBase.request(HttpClientBase.java:53)
	at twitter4j.HttpClientBase.get(HttpClientBase.java:71)
	at twitter4j.TwitterImpl.get(TwitterImpl.java:1950)
	at twitter4j.TwitterImpl.getFriendsIDs(TwitterImpl.java:395)
	at retrieval.RetrieveFriendsJSON.main(RetrieveFriendsJSON.java:98)
	at sun.reflect.NativeMethodAccessorImpl.invoke0(Native Method)
	at sun.reflect.NativeMethodAccessorImpl.invoke(NativeMethodAccessorImpl.java:57)
	at sun.reflect.DelegatingMethodAccessorImpl.invoke(DelegatingMethodAccessorImpl.java:43)
	at java.lang.reflect.Method.invoke(Method.java:606)
	at org.eclipse.jdt.internal.jarinjarloader.JarRsrcLoader.main(JarRsrcLoader.java:58)
429:Returned in API v1.1 when a request cannot be served due to the application's rate limit having been exhausted for the resource. See Rate Limiting in API v1.1.(https://dev.twitter.com/docs/rate-limiting/1.1)
message - Rate limit exceeded
code - 88

Relevant discussions can be found on the Internet at:
	http://www.google.co.jp/search?q=a0c96a69 or
	http://www.google.co.jp/search?q=1935c143
TwitterException{exceptionCode=[a0c96a69-1935c143], statusCode=429, message=Rate limit exceeded, code=88, retryAfter=-1, rateLimitStatus=RateLimitStatusJSONImpl{remaining=0, limit=15, resetTimeInSeconds=1399060566, secondsUntilReset=0}, version=4.0.1}
	at twitter4j.HttpClientImpl.handleRequest(HttpClientImpl.java:164)
	at twitter4j.HttpClientBase.request(HttpClientBase.java:53)
	at twitter4j.HttpClientBase.get(HttpClientBase.java:71)
	at twitter4j.TwitterImpl.get(TwitterImpl.java:1950)
	at twitter4j.TwitterImpl.getFriendsIDs(TwitterImpl.java:395)
	at retrieval.RetrieveFriendsJSON.main(RetrieveFriendsJSON.java:98)
	at sun.reflect.NativeMethodAccessorImpl.invoke0(Native Method)
	at sun.reflect.NativeMethodAccessorImpl.invoke(NativeMethodAccessorImpl.java:57)
	at sun.reflect.DelegatingMethodAccessorImpl.invoke(DelegatingMethodAccessorImpl.java:43)
	at java.lang.reflect.Method.invoke(Method.java:606)
	at org.eclipse.jdt.internal.jarinjarloader.JarRsrcLoader.main(JarRsrcLoader.java:58)
404:The URI requested is invalid or the resource requested, such as a user, does not exists. Also returned when the requested format is not supported by the requested method.
message - Sorry, that page does not exist
code - 34

Relevant discussions can be found on the Internet at:
	http://www.google.co.jp/search?q=a0c96a69 or
	http://www.google.co.jp/search?q=1935c143
TwitterException{exceptionCode=[a0c96a69-1935c143], statusCode=404, message=Sorry, that page does not exist, code=34, retryAfter=-1, rateLimitStatus=RateLimitStatusJSONImpl{remaining=14, limit=15, resetTimeInSeconds=1399061525, secondsUntilReset=899}, version=4.0.1}
	at twitter4j.HttpClientImpl.handleRequest(HttpClientImpl.java:164)
	at twitter4j.HttpClientBase.request(HttpClientBase.java:53)
	at twitter4j.HttpClientBase.get(HttpClientBase.java:71)
	at twitter4j.TwitterImpl.get(TwitterImpl.java:1950)
	at twitter4j.TwitterImpl.getFriendsIDs(TwitterImpl.java:395)
	at retrieval.RetrieveFriendsJSON.main(RetrieveFriendsJSON.java:98)
	at sun.reflect.NativeMethodAccessorImpl.invoke0(Native Method)
	at sun.reflect.NativeMethodAccessorImpl.invoke(NativeMethodAccessorImpl.java:57)
	at sun.reflect.DelegatingMethodAccessorImpl.invoke(DelegatingMethodAccessorImpl.java:43)
	at java.lang.reflect.Method.invoke(Method.java:606)
	at org.eclipse.jdt.internal.jarinjarloader.JarRsrcLoader.main(JarRsrcLoader.java:58)
429:Returned in API v1.1 when a request cannot be served due to the application's rate limit having been exhausted for the resource. See Rate Limiting in API v1.1.(https://dev.twitter.com/docs/rate-limiting/1.1)
message - Rate limit exceeded
code - 88

Relevant discussions can be found on the Internet at:
	http://www.google.co.jp/search?q=a0c96a69 or
	http://www.google.co.jp/search?q=1935c143
TwitterException{exceptionCode=[a0c96a69-1935c143], statusCode=429, message=Rate limit exceeded, code=88, retryAfter=-1, rateLimitStatus=RateLimitStatusJSONImpl{remaining=0, limit=15, resetTimeInSeconds=1399061525, secondsUntilReset=0}, version=4.0.1}
	at twitter4j.HttpClientImpl.handleRequest(HttpClientImpl.java:164)
	at twitter4j.HttpClientBase.request(HttpClientBase.java:53)
	at twitter4j.HttpClientBase.get(HttpClientBase.java:71)
	at twitter4j.TwitterImpl.get(TwitterImpl.java:1950)
	at twitter4j.TwitterImpl.getFriendsIDs(TwitterImpl.java:395)
	at retrieval.RetrieveFriendsJSON.main(RetrieveFriendsJSON.java:98)
	at sun.reflect.NativeMethodAccessorImpl.invoke0(Native Method)
	at sun.reflect.NativeMethodAccessorImpl.invoke(NativeMethodAccessorImpl.java:57)
	at sun.reflect.DelegatingMethodAccessorImpl.invoke(DelegatingMethodAccessorImpl.java:43)
	at java.lang.reflect.Method.invoke(Method.java:606)
	at org.eclipse.jdt.internal.jarinjarloader.JarRsrcLoader.main(JarRsrcLoader.java:58)
429:Returned in API v1.1 when a request cannot be served due to the application's rate limit having been exhausted for the resource. See Rate Limiting in API v1.1.(https://dev.twitter.com/docs/rate-limiting/1.1)
message - Rate limit exceeded
code - 88

Relevant discussions can be found on the Internet at:
	http://www.google.co.jp/search?q=a0c96a69 or
	http://www.google.co.jp/search?q=1935c143
TwitterException{exceptionCode=[a0c96a69-1935c143], statusCode=429, message=Rate limit exceeded, code=88, retryAfter=-1, rateLimitStatus=RateLimitStatusJSONImpl{remaining=0, limit=15, resetTimeInSeconds=1399062485, secondsUntilReset=0}, version=4.0.1}
	at twitter4j.HttpClientImpl.handleRequest(HttpClientImpl.java:164)
	at twitter4j.HttpClientBase.request(HttpClientBase.java:53)
	at twitter4j.HttpClientBase.get(HttpClientBase.java:71)
	at twitter4j.TwitterImpl.get(TwitterImpl.java:1950)
	at twitter4j.TwitterImpl.getFriendsIDs(TwitterImpl.java:395)
	at retrieval.RetrieveFriendsJSON.main(RetrieveFriendsJSON.java:98)
	at sun.reflect.NativeMethodAccessorImpl.invoke0(Native Method)
	at sun.reflect.NativeMethodAccessorImpl.invoke(NativeMethodAccessorImpl.java:57)
	at sun.reflect.DelegatingMethodAccessorImpl.invoke(DelegatingMethodAccessorImpl.java:43)
	at java.lang.reflect.Method.invoke(Method.java:606)
	at org.eclipse.jdt.internal.jarinjarloader.JarRsrcLoader.main(JarRsrcLoader.java:58)
401:Authentication credentials (https://dev.twitter.com/pages/auth) were missing or incorrect. Ensure that you have set valid consumer key/secret, access token/secret, and the system clock is in sync.
{"request":"\/1.1\/friends\/ids.json?user_id=379177022&cursor=-1&include_entities=true","error":"Not authorized."}

Relevant discussions can be found on the Internet at:
	http://www.google.co.jp/search?q=a0c96a69 or
	http://www.google.co.jp/search?q=1935c143
TwitterException{exceptionCode=[a0c96a69-1935c143], statusCode=401, message=null, code=-1, retryAfter=-1, rateLimitStatus=RateLimitStatusJSONImpl{remaining=10, limit=15, resetTimeInSeconds=1399063445, secondsUntilReset=658}, version=4.0.1}
	at twitter4j.HttpClientImpl.handleRequest(HttpClientImpl.java:164)
	at twitter4j.HttpClientBase.request(HttpClientBase.java:53)
	at twitter4j.HttpClientBase.get(HttpClientBase.java:71)
	at twitter4j.TwitterImpl.get(TwitterImpl.java:1950)
	at twitter4j.TwitterImpl.getFriendsIDs(TwitterImpl.java:395)
	at retrieval.RetrieveFriendsJSON.main(RetrieveFriendsJSON.java:98)
	at sun.reflect.NativeMethodAccessorImpl.invoke0(Native Method)
	at sun.reflect.NativeMethodAccessorImpl.invoke(NativeMethodAccessorImpl.java:57)
	at sun.reflect.DelegatingMethodAccessorImpl.invoke(DelegatingMethodAccessorImpl.java:43)
	at java.lang.reflect.Method.invoke(Method.java:606)
	at org.eclipse.jdt.internal.jarinjarloader.JarRsrcLoader.main(JarRsrcLoader.java:58)
401:Authentication credentials (https://dev.twitter.com/pages/auth) were missing or incorrect. Ensure that you have set valid consumer key/secret, access token/secret, and the system clock is in sync.
{"request":"\/1.1\/friends\/ids.json?user_id=2472834074&cursor=-1&include_entities=true","error":"Not authorized."}

Relevant discussions can be found on the Internet at:
	http://www.google.co.jp/search?q=a0c96a69 or
	http://www.google.co.jp/search?q=1935c143
TwitterException{exceptionCode=[a0c96a69-1935c143], statusCode=401, message=null, code=-1, retryAfter=-1, rateLimitStatus=RateLimitStatusJSONImpl{remaining=14, limit=15, resetTimeInSeconds=1399064345, secondsUntilReset=899}, version=4.0.1}
	at twitter4j.HttpClientImpl.handleRequest(HttpClientImpl.java:164)
	at twitter4j.HttpClientBase.request(HttpClientBase.java:53)
	at twitter4j.HttpClientBase.get(HttpClientBase.java:71)
	at twitter4j.TwitterImpl.get(TwitterImpl.java:1950)
	at twitter4j.TwitterImpl.getFriendsIDs(TwitterImpl.java:395)
	at retrieval.RetrieveFriendsJSON.main(RetrieveFriendsJSON.java:98)
	at sun.reflect.NativeMethodAccessorImpl.invoke0(Native Method)
	at sun.reflect.NativeMethodAccessorImpl.invoke(NativeMethodAccessorImpl.java:57)
	at sun.reflect.DelegatingMethodAccessorImpl.invoke(DelegatingMethodAccessorImpl.java:43)
	at java.lang.reflect.Method.invoke(Method.java:606)
	at org.eclipse.jdt.internal.jarinjarloader.JarRsrcLoader.main(JarRsrcLoader.java:58)
401:Authentication credentials (https://dev.twitter.com/pages/auth) were missing or incorrect. Ensure that you have set valid consumer key/secret, access token/secret, and the system clock is in sync.
{"request":"\/1.1\/friends\/ids.json?user_id=2521337673&cursor=-1&include_entities=true","error":"Not authorized."}

Relevant discussions can be found on the Internet at:
	http://www.google.co.jp/search?q=a0c96a69 or
	http://www.google.co.jp/search?q=1935c143
TwitterException{exceptionCode=[a0c96a69-1935c143], statusCode=401, message=null, code=-1, retryAfter=-1, rateLimitStatus=RateLimitStatusJSONImpl{remaining=9, limit=15, resetTimeInSeconds=1399065245, secondsUntilReset=599}, version=4.0.1}
	at twitter4j.HttpClientImpl.handleRequest(HttpClientImpl.java:164)
	at twitter4j.HttpClientBase.request(HttpClientBase.java:53)
	at twitter4j.HttpClientBase.get(HttpClientBase.java:71)
	at twitter4j.TwitterImpl.get(TwitterImpl.java:1950)
	at twitter4j.TwitterImpl.getFriendsIDs(TwitterImpl.java:395)
	at retrieval.RetrieveFriendsJSON.main(RetrieveFriendsJSON.java:98)
	at sun.reflect.NativeMethodAccessorImpl.invoke0(Native Method)
	at sun.reflect.NativeMethodAccessorImpl.invoke(NativeMethodAccessorImpl.java:57)
	at sun.reflect.DelegatingMethodAccessorImpl.invoke(DelegatingMethodAccessorImpl.java:43)
	at java.lang.reflect.Method.invoke(Method.java:606)
	at org.eclipse.jdt.internal.jarinjarloader.JarRsrcLoader.main(JarRsrcLoader.java:58)
401:Authentication credentials (https://dev.twitter.com/pages/auth) were missing or incorrect. Ensure that you have set valid consumer key/secret, access token/secret, and the system clock is in sync.
{"request":"\/1.1\/friends\/ids.json?user_id=195842202&cursor=-1&include_entities=true","error":"Not authorized."}

Relevant discussions can be found on the Internet at:
	http://www.google.co.jp/search?q=a0c96a69 or
	http://www.google.co.jp/search?q=1935c143
TwitterException{exceptionCode=[a0c96a69-1935c143], statusCode=401, message=null, code=-1, retryAfter=-1, rateLimitStatus=RateLimitStatusJSONImpl{remaining=14, limit=15, resetTimeInSeconds=1399067105, secondsUntilReset=899}, version=4.0.1}
	at twitter4j.HttpClientImpl.handleRequest(HttpClientImpl.java:164)
	at twitter4j.HttpClientBase.request(HttpClientBase.java:53)
	at twitter4j.HttpClientBase.get(HttpClientBase.java:71)
	at twitter4j.TwitterImpl.get(TwitterImpl.java:1950)
	at twitter4j.TwitterImpl.getFriendsIDs(TwitterImpl.java:395)
	at retrieval.RetrieveFriendsJSON.main(RetrieveFriendsJSON.java:98)
	at sun.reflect.NativeMethodAccessorImpl.invoke0(Native Method)
	at sun.reflect.NativeMethodAccessorImpl.invoke(NativeMethodAccessorImpl.java:57)
	at sun.reflect.DelegatingMethodAccessorImpl.invoke(DelegatingMethodAccessorImpl.java:43)
	at java.lang.reflect.Method.invoke(Method.java:606)
	at org.eclipse.jdt.internal.jarinjarloader.JarRsrcLoader.main(JarRsrcLoader.java:58)
401:Authentication credentials (https://dev.twitter.com/pages/auth) were missing or incorrect. Ensure that you have set valid consumer key/secret, access token/secret, and the system clock is in sync.
{"request":"\/1.1\/friends\/ids.json?user_id=2472816854&cursor=-1&include_entities=true","error":"Not authorized."}

Relevant discussions can be found on the Internet at:
	http://www.google.co.jp/search?q=a0c96a69 or
	http://www.google.co.jp/search?q=1935c143
TwitterException{exceptionCode=[a0c96a69-1935c143], statusCode=401, message=null, code=-1, retryAfter=-1, rateLimitStatus=RateLimitStatusJSONImpl{remaining=9, limit=15, resetTimeInSeconds=1399067105, secondsUntilReset=599}, version=4.0.1}
	at twitter4j.HttpClientImpl.handleRequest(HttpClientImpl.java:164)
	at twitter4j.HttpClientBase.request(HttpClientBase.java:53)
	at twitter4j.HttpClientBase.get(HttpClientBase.java:71)
	at twitter4j.TwitterImpl.get(TwitterImpl.java:1950)
	at twitter4j.TwitterImpl.getFriendsIDs(TwitterImpl.java:395)
	at retrieval.RetrieveFriendsJSON.main(RetrieveFriendsJSON.java:98)
	at sun.reflect.NativeMethodAccessorImpl.invoke0(Native Method)
	at sun.reflect.NativeMethodAccessorImpl.invoke(NativeMethodAccessorImpl.java:57)
	at sun.reflect.DelegatingMethodAccessorImpl.invoke(DelegatingMethodAccessorImpl.java:43)
	at java.lang.reflect.Method.invoke(Method.java:606)
	at org.eclipse.jdt.internal.jarinjarloader.JarRsrcLoader.main(JarRsrcLoader.java:58)
401:Authentication credentials (https://dev.twitter.com/pages/auth) were missing or incorrect. Ensure that you have set valid consumer key/secret, access token/secret, and the system clock is in sync.
{"request":"\/1.1\/friends\/ids.json?user_id=2471313362&cursor=-1&include_entities=true","error":"Not authorized."}

Relevant discussions can be found on the Internet at:
	http://www.google.co.jp/search?q=a0c96a69 or
	http://www.google.co.jp/search?q=1935c143
TwitterException{exceptionCode=[a0c96a69-1935c143], statusCode=401, message=null, code=-1, retryAfter=-1, rateLimitStatus=RateLimitStatusJSONImpl{remaining=13, limit=15, resetTimeInSeconds=1399068006, secondsUntilReset=840}, version=4.0.1}
	at twitter4j.HttpClientImpl.handleRequest(HttpClientImpl.java:164)
	at twitter4j.HttpClientBase.request(HttpClientBase.java:53)
	at twitter4j.HttpClientBase.get(HttpClientBase.java:71)
	at twitter4j.TwitterImpl.get(TwitterImpl.java:1950)
	at twitter4j.TwitterImpl.getFriendsIDs(TwitterImpl.java:395)
	at retrieval.RetrieveFriendsJSON.main(RetrieveFriendsJSON.java:98)
	at sun.reflect.NativeMethodAccessorImpl.invoke0(Native Method)
	at sun.reflect.NativeMethodAccessorImpl.invoke(NativeMethodAccessorImpl.java:57)
	at sun.reflect.DelegatingMethodAccessorImpl.invoke(DelegatingMethodAccessorImpl.java:43)
	at java.lang.reflect.Method.invoke(Method.java:606)
	at org.eclipse.jdt.internal.jarinjarloader.JarRsrcLoader.main(JarRsrcLoader.java:58)
401:Authentication credentials (https://dev.twitter.com/pages/auth) were missing or incorrect. Ensure that you have set valid consumer key/secret, access token/secret, and the system clock is in sync.
{"request":"\/1.1\/friends\/ids.json?user_id=19835410&cursor=-1&include_entities=true","error":"Not authorized."}

Relevant discussions can be found on the Internet at:
	http://www.google.co.jp/search?q=a0c96a69 or
	http://www.google.co.jp/search?q=1935c143
TwitterException{exceptionCode=[a0c96a69-1935c143], statusCode=401, message=null, code=-1, retryAfter=-1, rateLimitStatus=RateLimitStatusJSONImpl{remaining=4, limit=15, resetTimeInSeconds=1399068006, secondsUntilReset=300}, version=4.0.1}
	at twitter4j.HttpClientImpl.handleRequest(HttpClientImpl.java:164)
	at twitter4j.HttpClientBase.request(HttpClientBase.java:53)
	at twitter4j.HttpClientBase.get(HttpClientBase.java:71)
	at twitter4j.TwitterImpl.get(TwitterImpl.java:1950)
	at twitter4j.TwitterImpl.getFriendsIDs(TwitterImpl.java:395)
	at retrieval.RetrieveFriendsJSON.main(RetrieveFriendsJSON.java:98)
	at sun.reflect.NativeMethodAccessorImpl.invoke0(Native Method)
	at sun.reflect.NativeMethodAccessorImpl.invoke(NativeMethodAccessorImpl.java:57)
	at sun.reflect.DelegatingMethodAccessorImpl.invoke(DelegatingMethodAccessorImpl.java:43)
	at java.lang.reflect.Method.invoke(Method.java:606)
	at org.eclipse.jdt.internal.jarinjarloader.JarRsrcLoader.main(JarRsrcLoader.java:58)
429:Returned in API v1.1 when a request cannot be served due to the application's rate limit having been exhausted for the resource. See Rate Limiting in API v1.1.(https://dev.twitter.com/docs/rate-limiting/1.1)
message - Rate limit exceeded
code - 88

Relevant discussions can be found on the Internet at:
	http://www.google.co.jp/search?q=a0c96a69 or
	http://www.google.co.jp/search?q=1935c143
TwitterException{exceptionCode=[a0c96a69-1935c143], statusCode=429, message=Rate limit exceeded, code=88, retryAfter=-1, rateLimitStatus=RateLimitStatusJSONImpl{remaining=0, limit=15, resetTimeInSeconds=1399068006, secondsUntilReset=0}, version=4.0.1}
	at twitter4j.HttpClientImpl.handleRequest(HttpClientImpl.java:164)
	at twitter4j.HttpClientBase.request(HttpClientBase.java:53)
	at twitter4j.HttpClientBase.get(HttpClientBase.java:71)
	at twitter4j.TwitterImpl.get(TwitterImpl.java:1950)
	at twitter4j.TwitterImpl.getFriendsIDs(TwitterImpl.java:395)
	at retrieval.RetrieveFriendsJSON.main(RetrieveFriendsJSON.java:98)
	at sun.reflect.NativeMethodAccessorImpl.invoke0(Native Method)
	at sun.reflect.NativeMethodAccessorImpl.invoke(NativeMethodAccessorImpl.java:57)
	at sun.reflect.DelegatingMethodAccessorImpl.invoke(DelegatingMethodAccessorImpl.java:43)
	at java.lang.reflect.Method.invoke(Method.java:606)
	at org.eclipse.jdt.internal.jarinjarloader.JarRsrcLoader.main(JarRsrcLoader.java:58)
429:Returned in API v1.1 when a request cannot be served due to the application's rate limit having been exhausted for the resource. See Rate Limiting in API v1.1.(https://dev.twitter.com/docs/rate-limiting/1.1)
message - Rate limit exceeded
code - 88

Relevant discussions can be found on the Internet at:
	http://www.google.co.jp/search?q=a0c96a69 or
	http://www.google.co.jp/search?q=1935c143
TwitterException{exceptionCode=[a0c96a69-1935c143], statusCode=429, message=Rate limit exceeded, code=88, retryAfter=-1, rateLimitStatus=RateLimitStatusJSONImpl{remaining=0, limit=15, resetTimeInSeconds=1399068965, secondsUntilReset=0}, version=4.0.1}
	at twitter4j.HttpClientImpl.handleRequest(HttpClientImpl.java:164)
	at twitter4j.HttpClientBase.request(HttpClientBase.java:53)
	at twitter4j.HttpClientBase.get(HttpClientBase.java:71)
	at twitter4j.TwitterImpl.get(TwitterImpl.java:1950)
	at twitter4j.TwitterImpl.getFriendsIDs(TwitterImpl.java:395)
	at retrieval.RetrieveFriendsJSON.main(RetrieveFriendsJSON.java:98)
	at sun.reflect.NativeMethodAccessorImpl.invoke0(Native Method)
	at sun.reflect.NativeMethodAccessorImpl.invoke(NativeMethodAccessorImpl.java:57)
	at sun.reflect.DelegatingMethodAccessorImpl.invoke(DelegatingMethodAccessorImpl.java:43)
	at java.lang.reflect.Method.invoke(Method.java:606)
	at org.eclipse.jdt.internal.jarinjarloader.JarRsrcLoader.main(JarRsrcLoader.java:58)
401:Authentication credentials (https://dev.twitter.com/pages/auth) were missing or incorrect. Ensure that you have set valid consumer key/secret, access token/secret, and the system clock is in sync.
{"request":"\/1.1\/friends\/ids.json?user_id=2472795374&cursor=-1&include_entities=true","error":"Not authorized."}

Relevant discussions can be found on the Internet at:
	http://www.google.co.jp/search?q=a0c96a69 or
	http://www.google.co.jp/search?q=1935c143
TwitterException{exceptionCode=[a0c96a69-1935c143], statusCode=401, message=null, code=-1, retryAfter=-1, rateLimitStatus=RateLimitStatusJSONImpl{remaining=14, limit=15, resetTimeInSeconds=1399070825, secondsUntilReset=899}, version=4.0.1}
	at twitter4j.HttpClientImpl.handleRequest(HttpClientImpl.java:164)
	at twitter4j.HttpClientBase.request(HttpClientBase.java:53)
	at twitter4j.HttpClientBase.get(HttpClientBase.java:71)
	at twitter4j.TwitterImpl.get(TwitterImpl.java:1950)
	at twitter4j.TwitterImpl.getFriendsIDs(TwitterImpl.java:395)
	at retrieval.RetrieveFriendsJSON.main(RetrieveFriendsJSON.java:98)
	at sun.reflect.NativeMethodAccessorImpl.invoke0(Native Method)
	at sun.reflect.NativeMethodAccessorImpl.invoke(NativeMethodAccessorImpl.java:57)
	at sun.reflect.DelegatingMethodAccessorImpl.invoke(DelegatingMethodAccessorImpl.java:43)
	at java.lang.reflect.Method.invoke(Method.java:606)
	at org.eclipse.jdt.internal.jarinjarloader.JarRsrcLoader.main(JarRsrcLoader.java:58)
401:Authentication credentials (https://dev.twitter.com/pages/auth) were missing or incorrect. Ensure that you have set valid consumer key/secret, access token/secret, and the system clock is in sync.
{"request":"\/1.1\/friends\/ids.json?user_id=416762115&cursor=-1&include_entities=true","error":"Not authorized."}

Relevant discussions can be found on the Internet at:
	http://www.google.co.jp/search?q=a0c96a69 or
	http://www.google.co.jp/search?q=1935c143
TwitterException{exceptionCode=[a0c96a69-1935c143], statusCode=401, message=null, code=-1, retryAfter=-1, rateLimitStatus=RateLimitStatusJSONImpl{remaining=1, limit=15, resetTimeInSeconds=1399070825, secondsUntilReset=119}, version=4.0.1}
	at twitter4j.HttpClientImpl.handleRequest(HttpClientImpl.java:164)
	at twitter4j.HttpClientBase.request(HttpClientBase.java:53)
	at twitter4j.HttpClientBase.get(HttpClientBase.java:71)
	at twitter4j.TwitterImpl.get(TwitterImpl.java:1950)
	at twitter4j.TwitterImpl.getFriendsIDs(TwitterImpl.java:395)
	at retrieval.RetrieveFriendsJSON.main(RetrieveFriendsJSON.java:98)
	at sun.reflect.NativeMethodAccessorImpl.invoke0(Native Method)
	at sun.reflect.NativeMethodAccessorImpl.invoke(NativeMethodAccessorImpl.java:57)
	at sun.reflect.DelegatingMethodAccessorImpl.invoke(DelegatingMethodAccessorImpl.java:43)
	at java.lang.reflect.Method.invoke(Method.java:606)
	at org.eclipse.jdt.internal.jarinjarloader.JarRsrcLoader.main(JarRsrcLoader.java:58)
429:Returned in API v1.1 when a request cannot be served due to the application's rate limit having been exhausted for the resource. See Rate Limiting in API v1.1.(https://dev.twitter.com/docs/rate-limiting/1.1)
message - Rate limit exceeded
code - 88

Relevant discussions can be found on the Internet at:
	http://www.google.co.jp/search?q=a0c96a69 or
	http://www.google.co.jp/search?q=1935c143
TwitterException{exceptionCode=[a0c96a69-1935c143], statusCode=429, message=Rate limit exceeded, code=88, retryAfter=-1, rateLimitStatus=RateLimitStatusJSONImpl{remaining=0, limit=15, resetTimeInSeconds=1399071725, secondsUntilReset=0}, version=4.0.1}
	at twitter4j.HttpClientImpl.handleRequest(HttpClientImpl.java:164)
	at twitter4j.HttpClientBase.request(HttpClientBase.java:53)
	at twitter4j.HttpClientBase.get(HttpClientBase.java:71)
	at twitter4j.TwitterImpl.get(TwitterImpl.java:1950)
	at twitter4j.TwitterImpl.getFriendsIDs(TwitterImpl.java:395)
	at retrieval.RetrieveFriendsJSON.main(RetrieveFriendsJSON.java:98)
	at sun.reflect.NativeMethodAccessorImpl.invoke0(Native Method)
	at sun.reflect.NativeMethodAccessorImpl.invoke(NativeMethodAccessorImpl.java:57)
	at sun.reflect.DelegatingMethodAccessorImpl.invoke(DelegatingMethodAccessorImpl.java:43)
	at java.lang.reflect.Method.invoke(Method.java:606)
	at org.eclipse.jdt.internal.jarinjarloader.JarRsrcLoader.main(JarRsrcLoader.java:58)
401:Authentication credentials (https://dev.twitter.com/pages/auth) were missing or incorrect. Ensure that you have set valid consumer key/secret, access token/secret, and the system clock is in sync.
{"request":"\/1.1\/friends\/ids.json?user_id=2472793178&cursor=-1&include_entities=true","error":"Not authorized."}

Relevant discussions can be found on the Internet at:
	http://www.google.co.jp/search?q=a0c96a69 or
	http://www.google.co.jp/search?q=1935c143
TwitterException{exceptionCode=[a0c96a69-1935c143], statusCode=401, message=null, code=-1, retryAfter=-1, rateLimitStatus=RateLimitStatusJSONImpl{remaining=12, limit=15, resetTimeInSeconds=1399072685, secondsUntilReset=779}, version=4.0.1}
	at twitter4j.HttpClientImpl.handleRequest(HttpClientImpl.java:164)
	at twitter4j.HttpClientBase.request(HttpClientBase.java:53)
	at twitter4j.HttpClientBase.get(HttpClientBase.java:71)
	at twitter4j.TwitterImpl.get(TwitterImpl.java:1950)
	at twitter4j.TwitterImpl.getFriendsIDs(TwitterImpl.java:395)
	at retrieval.RetrieveFriendsJSON.main(RetrieveFriendsJSON.java:98)
	at sun.reflect.NativeMethodAccessorImpl.invoke0(Native Method)
	at sun.reflect.NativeMethodAccessorImpl.invoke(NativeMethodAccessorImpl.java:57)
	at sun.reflect.DelegatingMethodAccessorImpl.invoke(DelegatingMethodAccessorImpl.java:43)
	at java.lang.reflect.Method.invoke(Method.java:606)
	at org.eclipse.jdt.internal.jarinjarloader.JarRsrcLoader.main(JarRsrcLoader.java:58)
429:Returned in API v1.1 when a request cannot be served due to the application's rate limit having been exhausted for the resource. See Rate Limiting in API v1.1.(https://dev.twitter.com/docs/rate-limiting/1.1)
message - Rate limit exceeded
code - 88

Relevant discussions can be found on the Internet at:
	http://www.google.co.jp/search?q=a0c96a69 or
	http://www.google.co.jp/search?q=1935c143
TwitterException{exceptionCode=[a0c96a69-1935c143], statusCode=429, message=Rate limit exceeded, code=88, retryAfter=-1, rateLimitStatus=RateLimitStatusJSONImpl{remaining=0, limit=15, resetTimeInSeconds=1399072685, secondsUntilReset=0}, version=4.0.1}
	at twitter4j.HttpClientImpl.handleRequest(HttpClientImpl.java:164)
	at twitter4j.HttpClientBase.request(HttpClientBase.java:53)
	at twitter4j.HttpClientBase.get(HttpClientBase.java:71)
	at twitter4j.TwitterImpl.get(TwitterImpl.java:1950)
	at twitter4j.TwitterImpl.getFriendsIDs(TwitterImpl.java:395)
	at retrieval.RetrieveFriendsJSON.main(RetrieveFriendsJSON.java:98)
	at sun.reflect.NativeMethodAccessorImpl.invoke0(Native Method)
	at sun.reflect.NativeMethodAccessorImpl.invoke(NativeMethodAccessorImpl.java:57)
	at sun.reflect.DelegatingMethodAccessorImpl.invoke(DelegatingMethodAccessorImpl.java:43)
	at java.lang.reflect.Method.invoke(Method.java:606)
	at org.eclipse.jdt.internal.jarinjarloader.JarRsrcLoader.main(JarRsrcLoader.java:58)
401:Authentication credentials (https://dev.twitter.com/pages/auth) were missing or incorrect. Ensure that you have set valid consumer key/secret, access token/secret, and the system clock is in sync.
{"request":"\/1.1\/friends\/ids.json?user_id=2472797035&cursor=-1&include_entities=true","error":"Not authorized."}

Relevant discussions can be found on the Internet at:
	http://www.google.co.jp/search?q=a0c96a69 or
	http://www.google.co.jp/search?q=1935c143
TwitterException{exceptionCode=[a0c96a69-1935c143], statusCode=401, message=null, code=-1, retryAfter=-1, rateLimitStatus=RateLimitStatusJSONImpl{remaining=6, limit=15, resetTimeInSeconds=1399073645, secondsUntilReset=419}, version=4.0.1}
	at twitter4j.HttpClientImpl.handleRequest(HttpClientImpl.java:164)
	at twitter4j.HttpClientBase.request(HttpClientBase.java:53)
	at twitter4j.HttpClientBase.get(HttpClientBase.java:71)
	at twitter4j.TwitterImpl.get(TwitterImpl.java:1950)
	at twitter4j.TwitterImpl.getFriendsIDs(TwitterImpl.java:395)
	at retrieval.RetrieveFriendsJSON.main(RetrieveFriendsJSON.java:98)
	at sun.reflect.NativeMethodAccessorImpl.invoke0(Native Method)
	at sun.reflect.NativeMethodAccessorImpl.invoke(NativeMethodAccessorImpl.java:57)
	at sun.reflect.DelegatingMethodAccessorImpl.invoke(DelegatingMethodAccessorImpl.java:43)
	at java.lang.reflect.Method.invoke(Method.java:606)
	at org.eclipse.jdt.internal.jarinjarloader.JarRsrcLoader.main(JarRsrcLoader.java:58)
401:Authentication credentials (https://dev.twitter.com/pages/auth) were missing or incorrect. Ensure that you have set valid consumer key/secret, access token/secret, and the system clock is in sync.
{"request":"\/1.1\/friends\/ids.json?user_id=2472780764&cursor=-1&include_entities=true","error":"Not authorized."}

Relevant discussions can be found on the Internet at:
	http://www.google.co.jp/search?q=a0c96a69 or
	http://www.google.co.jp/search?q=1935c143
TwitterException{exceptionCode=[a0c96a69-1935c143], statusCode=401, message=null, code=-1, retryAfter=-1, rateLimitStatus=RateLimitStatusJSONImpl{remaining=2, limit=15, resetTimeInSeconds=1399073645, secondsUntilReset=179}, version=4.0.1}
	at twitter4j.HttpClientImpl.handleRequest(HttpClientImpl.java:164)
	at twitter4j.HttpClientBase.request(HttpClientBase.java:53)
	at twitter4j.HttpClientBase.get(HttpClientBase.java:71)
	at twitter4j.TwitterImpl.get(TwitterImpl.java:1950)
	at twitter4j.TwitterImpl.getFriendsIDs(TwitterImpl.java:395)
	at retrieval.RetrieveFriendsJSON.main(RetrieveFriendsJSON.java:98)
	at sun.reflect.NativeMethodAccessorImpl.invoke0(Native Method)
	at sun.reflect.NativeMethodAccessorImpl.invoke(NativeMethodAccessorImpl.java:57)
	at sun.reflect.DelegatingMethodAccessorImpl.invoke(DelegatingMethodAccessorImpl.java:43)
	at java.lang.reflect.Method.invoke(Method.java:606)
	at org.eclipse.jdt.internal.jarinjarloader.JarRsrcLoader.main(JarRsrcLoader.java:58)
429:Returned in API v1.1 when a request cannot be served due to the application's rate limit having been exhausted for the resource. See Rate Limiting in API v1.1.(https://dev.twitter.com/docs/rate-limiting/1.1)
message - Rate limit exceeded
code - 88

Relevant discussions can be found on the Internet at:
	http://www.google.co.jp/search?q=a0c96a69 or
	http://www.google.co.jp/search?q=1935c143
TwitterException{exceptionCode=[a0c96a69-1935c143], statusCode=429, message=Rate limit exceeded, code=88, retryAfter=-1, rateLimitStatus=RateLimitStatusJSONImpl{remaining=0, limit=15, resetTimeInSeconds=1399073645, secondsUntilReset=0}, version=4.0.1}
	at twitter4j.HttpClientImpl.handleRequest(HttpClientImpl.java:164)
	at twitter4j.HttpClientBase.request(HttpClientBase.java:53)
	at twitter4j.HttpClientBase.get(HttpClientBase.java:71)
	at twitter4j.TwitterImpl.get(TwitterImpl.java:1950)
	at twitter4j.TwitterImpl.getFriendsIDs(TwitterImpl.java:395)
	at retrieval.RetrieveFriendsJSON.main(RetrieveFriendsJSON.java:98)
	at sun.reflect.NativeMethodAccessorImpl.invoke0(Native Method)
	at sun.reflect.NativeMethodAccessorImpl.invoke(NativeMethodAccessorImpl.java:57)
	at sun.reflect.DelegatingMethodAccessorImpl.invoke(DelegatingMethodAccessorImpl.java:43)
	at java.lang.reflect.Method.invoke(Method.java:606)
	at org.eclipse.jdt.internal.jarinjarloader.JarRsrcLoader.main(JarRsrcLoader.java:58)
429:Returned in API v1.1 when a request cannot be served due to the application's rate limit having been exhausted for the resource. See Rate Limiting in API v1.1.(https://dev.twitter.com/docs/rate-limiting/1.1)
message - Rate limit exceeded
code - 88

Relevant discussions can be found on the Internet at:
	http://www.google.co.jp/search?q=0fd39a69 or
	http://www.google.co.jp/search?q=1aa4245d
TwitterException{exceptionCode=[0fd39a69-1aa4245d], statusCode=429, message=Rate limit exceeded, code=88, retryAfter=-1, rateLimitStatus=RateLimitStatusJSONImpl{remaining=0, limit=15, resetTimeInSeconds=1399074907, secondsUntilReset=1}, version=4.0.1}
	at twitter4j.HttpClientImpl.handleRequest(HttpClientImpl.java:164)
	at twitter4j.HttpClientBase.request(HttpClientBase.java:53)
	at twitter4j.HttpClientBase.get(HttpClientBase.java:71)
	at twitter4j.TwitterImpl.get(TwitterImpl.java:1950)
	at twitter4j.TwitterImpl.getFollowersIDs(TwitterImpl.java:421)
	at retrieval.RetrieveFriendsJSON.main(RetrieveFriendsJSON.java:110)
	at sun.reflect.NativeMethodAccessorImpl.invoke0(Native Method)
	at sun.reflect.NativeMethodAccessorImpl.invoke(NativeMethodAccessorImpl.java:57)
	at sun.reflect.DelegatingMethodAccessorImpl.invoke(DelegatingMethodAccessorImpl.java:43)
	at java.lang.reflect.Method.invoke(Method.java:606)
	at org.eclipse.jdt.internal.jarinjarloader.JarRsrcLoader.main(JarRsrcLoader.java:58)
429:Returned in API v1.1 when a request cannot be served due to the application's rate limit having been exhausted for the resource. See Rate Limiting in API v1.1.(https://dev.twitter.com/docs/rate-limiting/1.1)
message - Rate limit exceeded
code - 88

Relevant discussions can be found on the Internet at:
	http://www.google.co.jp/search?q=a0c96a69 or
	http://www.google.co.jp/search?q=1935c143
TwitterException{exceptionCode=[a0c96a69-1935c143], statusCode=429, message=Rate limit exceeded, code=88, retryAfter=-1, rateLimitStatus=RateLimitStatusJSONImpl{remaining=0, limit=15, resetTimeInSeconds=1399075506, secondsUntilReset=0}, version=4.0.1}
	at twitter4j.HttpClientImpl.handleRequest(HttpClientImpl.java:164)
	at twitter4j.HttpClientBase.request(HttpClientBase.java:53)
	at twitter4j.HttpClientBase.get(HttpClientBase.java:71)
	at twitter4j.TwitterImpl.get(TwitterImpl.java:1950)
	at twitter4j.TwitterImpl.getFriendsIDs(TwitterImpl.java:395)
	at retrieval.RetrieveFriendsJSON.main(RetrieveFriendsJSON.java:98)
	at sun.reflect.NativeMethodAccessorImpl.invoke0(Native Method)
	at sun.reflect.NativeMethodAccessorImpl.invoke(NativeMethodAccessorImpl.java:57)
	at sun.reflect.DelegatingMethodAccessorImpl.invoke(DelegatingMethodAccessorImpl.java:43)
	at java.lang.reflect.Method.invoke(Method.java:606)
	at org.eclipse.jdt.internal.jarinjarloader.JarRsrcLoader.main(JarRsrcLoader.java:58)
401:Authentication credentials (https://dev.twitter.com/pages/auth) were missing or incorrect. Ensure that you have set valid consumer key/secret, access token/secret, and the system clock is in sync.
{"request":"\/1.1\/friends\/ids.json?user_id=2521491155&cursor=-1&include_entities=true","error":"Not authorized."}

Relevant discussions can be found on the Internet at:
	http://www.google.co.jp/search?q=a0c96a69 or
	http://www.google.co.jp/search?q=1935c143
TwitterException{exceptionCode=[a0c96a69-1935c143], statusCode=401, message=null, code=-1, retryAfter=-1, rateLimitStatus=RateLimitStatusJSONImpl{remaining=4, limit=15, resetTimeInSeconds=1399077365, secondsUntilReset=299}, version=4.0.1}
	at twitter4j.HttpClientImpl.handleRequest(HttpClientImpl.java:164)
	at twitter4j.HttpClientBase.request(HttpClientBase.java:53)
	at twitter4j.HttpClientBase.get(HttpClientBase.java:71)
	at twitter4j.TwitterImpl.get(TwitterImpl.java:1950)
	at twitter4j.TwitterImpl.getFriendsIDs(TwitterImpl.java:395)
	at retrieval.RetrieveFriendsJSON.main(RetrieveFriendsJSON.java:98)
	at sun.reflect.NativeMethodAccessorImpl.invoke0(Native Method)
	at sun.reflect.NativeMethodAccessorImpl.invoke(NativeMethodAccessorImpl.java:57)
	at sun.reflect.DelegatingMethodAccessorImpl.invoke(DelegatingMethodAccessorImpl.java:43)
	at java.lang.reflect.Method.invoke(Method.java:606)
	at org.eclipse.jdt.internal.jarinjarloader.JarRsrcLoader.main(JarRsrcLoader.java:58)
401:Authentication credentials (https://dev.twitter.com/pages/auth) were missing or incorrect. Ensure that you have set valid consumer key/secret, access token/secret, and the system clock is in sync.
{"request":"\/1.1\/friends\/ids.json?user_id=817870770&cursor=-1&include_entities=true","error":"Not authorized."}

Relevant discussions can be found on the Internet at:
	http://www.google.co.jp/search?q=a0c96a69 or
	http://www.google.co.jp/search?q=1935c143
TwitterException{exceptionCode=[a0c96a69-1935c143], statusCode=401, message=null, code=-1, retryAfter=-1, rateLimitStatus=RateLimitStatusJSONImpl{remaining=2, limit=15, resetTimeInSeconds=1399077365, secondsUntilReset=178}, version=4.0.1}
	at twitter4j.HttpClientImpl.handleRequest(HttpClientImpl.java:164)
	at twitter4j.HttpClientBase.request(HttpClientBase.java:53)
	at twitter4j.HttpClientBase.get(HttpClientBase.java:71)
	at twitter4j.TwitterImpl.get(TwitterImpl.java:1950)
	at twitter4j.TwitterImpl.getFriendsIDs(TwitterImpl.java:395)
	at retrieval.RetrieveFriendsJSON.main(RetrieveFriendsJSON.java:98)
	at sun.reflect.NativeMethodAccessorImpl.invoke0(Native Method)
	at sun.reflect.NativeMethodAccessorImpl.invoke(NativeMethodAccessorImpl.java:57)
	at sun.reflect.DelegatingMethodAccessorImpl.invoke(DelegatingMethodAccessorImpl.java:43)
	at java.lang.reflect.Method.invoke(Method.java:606)
	at org.eclipse.jdt.internal.jarinjarloader.JarRsrcLoader.main(JarRsrcLoader.java:58)
401:Authentication credentials (https://dev.twitter.com/pages/auth) were missing or incorrect. Ensure that you have set valid consumer key/secret, access token/secret, and the system clock is in sync.
{"request":"\/1.1\/friends\/ids.json?user_id=1367188616&cursor=-1&include_entities=true","error":"Not authorized."}

Relevant discussions can be found on the Internet at:
	http://www.google.co.jp/search?q=a0c96a69 or
	http://www.google.co.jp/search?q=1935c143
TwitterException{exceptionCode=[a0c96a69-1935c143], statusCode=401, message=null, code=-1, retryAfter=-1, rateLimitStatus=RateLimitStatusJSONImpl{remaining=14, limit=15, resetTimeInSeconds=1399078266, secondsUntilReset=899}, version=4.0.1}
	at twitter4j.HttpClientImpl.handleRequest(HttpClientImpl.java:164)
	at twitter4j.HttpClientBase.request(HttpClientBase.java:53)
	at twitter4j.HttpClientBase.get(HttpClientBase.java:71)
	at twitter4j.TwitterImpl.get(TwitterImpl.java:1950)
	at twitter4j.TwitterImpl.getFriendsIDs(TwitterImpl.java:395)
	at retrieval.RetrieveFriendsJSON.main(RetrieveFriendsJSON.java:98)
	at sun.reflect.NativeMethodAccessorImpl.invoke0(Native Method)
	at sun.reflect.NativeMethodAccessorImpl.invoke(NativeMethodAccessorImpl.java:57)
	at sun.reflect.DelegatingMethodAccessorImpl.invoke(DelegatingMethodAccessorImpl.java:43)
	at java.lang.reflect.Method.invoke(Method.java:606)
	at org.eclipse.jdt.internal.jarinjarloader.JarRsrcLoader.main(JarRsrcLoader.java:58)
401:Authentication credentials (https://dev.twitter.com/pages/auth) were missing or incorrect. Ensure that you have set valid consumer key/secret, access token/secret, and the system clock is in sync.
{"request":"\/1.1\/friends\/ids.json?user_id=79593981&cursor=-1&include_entities=true","error":"Not authorized."}

Relevant discussions can be found on the Internet at:
	http://www.google.co.jp/search?q=a0c96a69 or
	http://www.google.co.jp/search?q=1935c143
TwitterException{exceptionCode=[a0c96a69-1935c143], statusCode=401, message=null, code=-1, retryAfter=-1, rateLimitStatus=RateLimitStatusJSONImpl{remaining=11, limit=15, resetTimeInSeconds=1399078266, secondsUntilReset=720}, version=4.0.1}
	at twitter4j.HttpClientImpl.handleRequest(HttpClientImpl.java:164)
	at twitter4j.HttpClientBase.request(HttpClientBase.java:53)
	at twitter4j.HttpClientBase.get(HttpClientBase.java:71)
	at twitter4j.TwitterImpl.get(TwitterImpl.java:1950)
	at twitter4j.TwitterImpl.getFriendsIDs(TwitterImpl.java:395)
	at retrieval.RetrieveFriendsJSON.main(RetrieveFriendsJSON.java:98)
	at sun.reflect.NativeMethodAccessorImpl.invoke0(Native Method)
	at sun.reflect.NativeMethodAccessorImpl.invoke(NativeMethodAccessorImpl.java:57)
	at sun.reflect.DelegatingMethodAccessorImpl.invoke(DelegatingMethodAccessorImpl.java:43)
	at java.lang.reflect.Method.invoke(Method.java:606)
	at org.eclipse.jdt.internal.jarinjarloader.JarRsrcLoader.main(JarRsrcLoader.java:58)
429:Returned in API v1.1 when a request cannot be served due to the application's rate limit having been exhausted for the resource. See Rate Limiting in API v1.1.(https://dev.twitter.com/docs/rate-limiting/1.1)
message - Rate limit exceeded
code - 88

Relevant discussions can be found on the Internet at:
	http://www.google.co.jp/search?q=a0c96a69 or
	http://www.google.co.jp/search?q=1935c143
TwitterException{exceptionCode=[a0c96a69-1935c143], statusCode=429, message=Rate limit exceeded, code=88, retryAfter=-1, rateLimitStatus=RateLimitStatusJSONImpl{remaining=0, limit=15, resetTimeInSeconds=1399078266, secondsUntilReset=0}, version=4.0.1}
	at twitter4j.HttpClientImpl.handleRequest(HttpClientImpl.java:164)
	at twitter4j.HttpClientBase.request(HttpClientBase.java:53)
	at twitter4j.HttpClientBase.get(HttpClientBase.java:71)
	at twitter4j.TwitterImpl.get(TwitterImpl.java:1950)
	at twitter4j.TwitterImpl.getFriendsIDs(TwitterImpl.java:395)
	at retrieval.RetrieveFriendsJSON.main(RetrieveFriendsJSON.java:98)
	at sun.reflect.NativeMethodAccessorImpl.invoke0(Native Method)
	at sun.reflect.NativeMethodAccessorImpl.invoke(NativeMethodAccessorImpl.java:57)
	at sun.reflect.DelegatingMethodAccessorImpl.invoke(DelegatingMethodAccessorImpl.java:43)
	at java.lang.reflect.Method.invoke(Method.java:606)
	at org.eclipse.jdt.internal.jarinjarloader.JarRsrcLoader.main(JarRsrcLoader.java:58)
429:Returned in API v1.1 when a request cannot be served due to the application's rate limit having been exhausted for the resource. See Rate Limiting in API v1.1.(https://dev.twitter.com/docs/rate-limiting/1.1)
message - Rate limit exceeded
code - 88

Relevant discussions can be found on the Internet at:
	http://www.google.co.jp/search?q=a0c96a69 or
	http://www.google.co.jp/search?q=1935c143
TwitterException{exceptionCode=[a0c96a69-1935c143], statusCode=429, message=Rate limit exceeded, code=88, retryAfter=-1, rateLimitStatus=RateLimitStatusJSONImpl{remaining=0, limit=15, resetTimeInSeconds=1399079225, secondsUntilReset=0}, version=4.0.1}
	at twitter4j.HttpClientImpl.handleRequest(HttpClientImpl.java:164)
	at twitter4j.HttpClientBase.request(HttpClientBase.java:53)
	at twitter4j.HttpClientBase.get(HttpClientBase.java:71)
	at twitter4j.TwitterImpl.get(TwitterImpl.java:1950)
	at twitter4j.TwitterImpl.getFriendsIDs(TwitterImpl.java:395)
	at retrieval.RetrieveFriendsJSON.main(RetrieveFriendsJSON.java:98)
	at sun.reflect.NativeMethodAccessorImpl.invoke0(Native Method)
	at sun.reflect.NativeMethodAccessorImpl.invoke(NativeMethodAccessorImpl.java:57)
	at sun.reflect.DelegatingMethodAccessorImpl.invoke(DelegatingMethodAccessorImpl.java:43)
	at java.lang.reflect.Method.invoke(Method.java:606)
	at org.eclipse.jdt.internal.jarinjarloader.JarRsrcLoader.main(JarRsrcLoader.java:58)
404:The URI requested is invalid or the resource requested, such as a user, does not exists. Also returned when the requested format is not supported by the requested method.
message - Sorry, that page does not exist
code - 34

Relevant discussions can be found on the Internet at:
	http://www.google.co.jp/search?q=a0c96a69 or
	http://www.google.co.jp/search?q=1935c143
TwitterException{exceptionCode=[a0c96a69-1935c143], statusCode=404, message=Sorry, that page does not exist, code=34, retryAfter=-1, rateLimitStatus=RateLimitStatusJSONImpl{remaining=14, limit=15, resetTimeInSeconds=1399081086, secondsUntilReset=899}, version=4.0.1}
	at twitter4j.HttpClientImpl.handleRequest(HttpClientImpl.java:164)
	at twitter4j.HttpClientBase.request(HttpClientBase.java:53)
	at twitter4j.HttpClientBase.get(HttpClientBase.java:71)
	at twitter4j.TwitterImpl.get(TwitterImpl.java:1950)
	at twitter4j.TwitterImpl.getFriendsIDs(TwitterImpl.java:395)
	at retrieval.RetrieveFriendsJSON.main(RetrieveFriendsJSON.java:98)
	at sun.reflect.NativeMethodAccessorImpl.invoke0(Native Method)
	at sun.reflect.NativeMethodAccessorImpl.invoke(NativeMethodAccessorImpl.java:57)
	at sun.reflect.DelegatingMethodAccessorImpl.invoke(DelegatingMethodAccessorImpl.java:43)
	at java.lang.reflect.Method.invoke(Method.java:606)
	at org.eclipse.jdt.internal.jarinjarloader.JarRsrcLoader.main(JarRsrcLoader.java:58)
401:Authentication credentials (https://dev.twitter.com/pages/auth) were missing or incorrect. Ensure that you have set valid consumer key/secret, access token/secret, and the system clock is in sync.
{"request":"\/1.1\/friends\/ids.json?user_id=14324532&cursor=-1&include_entities=true","error":"Not authorized."}

Relevant discussions can be found on the Internet at:
	http://www.google.co.jp/search?q=a0c96a69 or
	http://www.google.co.jp/search?q=1935c143
TwitterException{exceptionCode=[a0c96a69-1935c143], statusCode=401, message=null, code=-1, retryAfter=-1, rateLimitStatus=RateLimitStatusJSONImpl{remaining=10, limit=15, resetTimeInSeconds=1399081086, secondsUntilReset=660}, version=4.0.1}
	at twitter4j.HttpClientImpl.handleRequest(HttpClientImpl.java:164)
	at twitter4j.HttpClientBase.request(HttpClientBase.java:53)
	at twitter4j.HttpClientBase.get(HttpClientBase.java:71)
	at twitter4j.TwitterImpl.get(TwitterImpl.java:1950)
	at twitter4j.TwitterImpl.getFriendsIDs(TwitterImpl.java:395)
	at retrieval.RetrieveFriendsJSON.main(RetrieveFriendsJSON.java:98)
	at sun.reflect.NativeMethodAccessorImpl.invoke0(Native Method)
	at sun.reflect.NativeMethodAccessorImpl.invoke(NativeMethodAccessorImpl.java:57)
	at sun.reflect.DelegatingMethodAccessorImpl.invoke(DelegatingMethodAccessorImpl.java:43)
	at java.lang.reflect.Method.invoke(Method.java:606)
	at org.eclipse.jdt.internal.jarinjarloader.JarRsrcLoader.main(JarRsrcLoader.java:58)
401:Authentication credentials (https://dev.twitter.com/pages/auth) were missing or incorrect. Ensure that you have set valid consumer key/secret, access token/secret, and the system clock is in sync.
{"request":"\/1.1\/friends\/ids.json?user_id=636603877&cursor=-1&include_entities=true","error":"Not authorized."}

Relevant discussions can be found on the Internet at:
	http://www.google.co.jp/search?q=a0c96a69 or
	http://www.google.co.jp/search?q=1935c143
TwitterException{exceptionCode=[a0c96a69-1935c143], statusCode=401, message=null, code=-1, retryAfter=-1, rateLimitStatus=RateLimitStatusJSONImpl{remaining=2, limit=15, resetTimeInSeconds=1399081086, secondsUntilReset=179}, version=4.0.1}
	at twitter4j.HttpClientImpl.handleRequest(HttpClientImpl.java:164)
	at twitter4j.HttpClientBase.request(HttpClientBase.java:53)
	at twitter4j.HttpClientBase.get(HttpClientBase.java:71)
	at twitter4j.TwitterImpl.get(TwitterImpl.java:1950)
	at twitter4j.TwitterImpl.getFriendsIDs(TwitterImpl.java:395)
	at retrieval.RetrieveFriendsJSON.main(RetrieveFriendsJSON.java:98)
	at sun.reflect.NativeMethodAccessorImpl.invoke0(Native Method)
	at sun.reflect.NativeMethodAccessorImpl.invoke(NativeMethodAccessorImpl.java:57)
	at sun.reflect.DelegatingMethodAccessorImpl.invoke(DelegatingMethodAccessorImpl.java:43)
	at java.lang.reflect.Method.invoke(Method.java:606)
	at org.eclipse.jdt.internal.jarinjarloader.JarRsrcLoader.main(JarRsrcLoader.java:58)
429:Returned in API v1.1 when a request cannot be served due to the application's rate limit having been exhausted for the resource. See Rate Limiting in API v1.1.(https://dev.twitter.com/docs/rate-limiting/1.1)
message - Rate limit exceeded
code - 88

Relevant discussions can be found on the Internet at:
	http://www.google.co.jp/search?q=a0c96a69 or
	http://www.google.co.jp/search?q=1935c143
TwitterException{exceptionCode=[a0c96a69-1935c143], statusCode=429, message=Rate limit exceeded, code=88, retryAfter=-1, rateLimitStatus=RateLimitStatusJSONImpl{remaining=0, limit=15, resetTimeInSeconds=1399081086, secondsUntilReset=0}, version=4.0.1}
	at twitter4j.HttpClientImpl.handleRequest(HttpClientImpl.java:164)
	at twitter4j.HttpClientBase.request(HttpClientBase.java:53)
	at twitter4j.HttpClientBase.get(HttpClientBase.java:71)
	at twitter4j.TwitterImpl.get(TwitterImpl.java:1950)
	at twitter4j.TwitterImpl.getFriendsIDs(TwitterImpl.java:395)
	at retrieval.RetrieveFriendsJSON.main(RetrieveFriendsJSON.java:98)
	at sun.reflect.NativeMethodAccessorImpl.invoke0(Native Method)
	at sun.reflect.NativeMethodAccessorImpl.invoke(NativeMethodAccessorImpl.java:57)
	at sun.reflect.DelegatingMethodAccessorImpl.invoke(DelegatingMethodAccessorImpl.java:43)
	at java.lang.reflect.Method.invoke(Method.java:606)
	at org.eclipse.jdt.internal.jarinjarloader.JarRsrcLoader.main(JarRsrcLoader.java:58)
401:Authentication credentials (https://dev.twitter.com/pages/auth) were missing or incorrect. Ensure that you have set valid consumer key/secret, access token/secret, and the system clock is in sync.
{"request":"\/1.1\/friends\/ids.json?user_id=243456671&cursor=-1&include_entities=true","error":"Not authorized."}

Relevant discussions can be found on the Internet at:
	http://www.google.co.jp/search?q=a0c96a69 or
	http://www.google.co.jp/search?q=1935c143
TwitterException{exceptionCode=[a0c96a69-1935c143], statusCode=401, message=null, code=-1, retryAfter=-1, rateLimitStatus=RateLimitStatusJSONImpl{remaining=10, limit=15, resetTimeInSeconds=1399082045, secondsUntilReset=659}, version=4.0.1}
	at twitter4j.HttpClientImpl.handleRequest(HttpClientImpl.java:164)
	at twitter4j.HttpClientBase.request(HttpClientBase.java:53)
	at twitter4j.HttpClientBase.get(HttpClientBase.java:71)
	at twitter4j.TwitterImpl.get(TwitterImpl.java:1950)
	at twitter4j.TwitterImpl.getFriendsIDs(TwitterImpl.java:395)
	at retrieval.RetrieveFriendsJSON.main(RetrieveFriendsJSON.java:98)
	at sun.reflect.NativeMethodAccessorImpl.invoke0(Native Method)
	at sun.reflect.NativeMethodAccessorImpl.invoke(NativeMethodAccessorImpl.java:57)
	at sun.reflect.DelegatingMethodAccessorImpl.invoke(DelegatingMethodAccessorImpl.java:43)
	at java.lang.reflect.Method.invoke(Method.java:606)
	at org.eclipse.jdt.internal.jarinjarloader.JarRsrcLoader.main(JarRsrcLoader.java:58)
429:Returned in API v1.1 when a request cannot be served due to the application's rate limit having been exhausted for the resource. See Rate Limiting in API v1.1.(https://dev.twitter.com/docs/rate-limiting/1.1)
message - Rate limit exceeded
code - 88

Relevant discussions can be found on the Internet at:
	http://www.google.co.jp/search?q=a0c96a69 or
	http://www.google.co.jp/search?q=1935c143
TwitterException{exceptionCode=[a0c96a69-1935c143], statusCode=429, message=Rate limit exceeded, code=88, retryAfter=-1, rateLimitStatus=RateLimitStatusJSONImpl{remaining=0, limit=15, resetTimeInSeconds=1399082045, secondsUntilReset=0}, version=4.0.1}
	at twitter4j.HttpClientImpl.handleRequest(HttpClientImpl.java:164)
	at twitter4j.HttpClientBase.request(HttpClientBase.java:53)
	at twitter4j.HttpClientBase.get(HttpClientBase.java:71)
	at twitter4j.TwitterImpl.get(TwitterImpl.java:1950)
	at twitter4j.TwitterImpl.getFriendsIDs(TwitterImpl.java:395)
	at retrieval.RetrieveFriendsJSON.main(RetrieveFriendsJSON.java:98)
	at sun.reflect.NativeMethodAccessorImpl.invoke0(Native Method)
	at sun.reflect.NativeMethodAccessorImpl.invoke(NativeMethodAccessorImpl.java:57)
	at sun.reflect.DelegatingMethodAccessorImpl.invoke(DelegatingMethodAccessorImpl.java:43)
	at java.lang.reflect.Method.invoke(Method.java:606)
	at org.eclipse.jdt.internal.jarinjarloader.JarRsrcLoader.main(JarRsrcLoader.java:58)
401:Authentication credentials (https://dev.twitter.com/pages/auth) were missing or incorrect. Ensure that you have set valid consumer key/secret, access token/secret, and the system clock is in sync.
{"request":"\/1.1\/friends\/ids.json?user_id=24226206&cursor=-1&include_entities=true","error":"Not authorized."}

Relevant discussions can be found on the Internet at:
	http://www.google.co.jp/search?q=a0c96a69 or
	http://www.google.co.jp/search?q=1935c143
TwitterException{exceptionCode=[a0c96a69-1935c143], statusCode=401, message=null, code=-1, retryAfter=-1, rateLimitStatus=RateLimitStatusJSONImpl{remaining=14, limit=15, resetTimeInSeconds=1399083006, secondsUntilReset=899}, version=4.0.1}
	at twitter4j.HttpClientImpl.handleRequest(HttpClientImpl.java:164)
	at twitter4j.HttpClientBase.request(HttpClientBase.java:53)
	at twitter4j.HttpClientBase.get(HttpClientBase.java:71)
	at twitter4j.TwitterImpl.get(TwitterImpl.java:1950)
	at twitter4j.TwitterImpl.getFriendsIDs(TwitterImpl.java:395)
	at retrieval.RetrieveFriendsJSON.main(RetrieveFriendsJSON.java:98)
	at sun.reflect.NativeMethodAccessorImpl.invoke0(Native Method)
	at sun.reflect.NativeMethodAccessorImpl.invoke(NativeMethodAccessorImpl.java:57)
	at sun.reflect.DelegatingMethodAccessorImpl.invoke(DelegatingMethodAccessorImpl.java:43)
	at java.lang.reflect.Method.invoke(Method.java:606)
	at org.eclipse.jdt.internal.jarinjarloader.JarRsrcLoader.main(JarRsrcLoader.java:58)
429:Returned in API v1.1 when a request cannot be served due to the application's rate limit having been exhausted for the resource. See Rate Limiting in API v1.1.(https://dev.twitter.com/docs/rate-limiting/1.1)
message - Rate limit exceeded
code - 88

Relevant discussions can be found on the Internet at:
	http://www.google.co.jp/search?q=0fd39a69 or
	http://www.google.co.jp/search?q=1aa4245d
TwitterException{exceptionCode=[0fd39a69-1aa4245d], statusCode=429, message=Rate limit exceeded, code=88, retryAfter=-1, rateLimitStatus=RateLimitStatusJSONImpl{remaining=0, limit=15, resetTimeInSeconds=1399083307, secondsUntilReset=0}, version=4.0.1}
	at twitter4j.HttpClientImpl.handleRequest(HttpClientImpl.java:164)
	at twitter4j.HttpClientBase.request(HttpClientBase.java:53)
	at twitter4j.HttpClientBase.get(HttpClientBase.java:71)
	at twitter4j.TwitterImpl.get(TwitterImpl.java:1950)
	at twitter4j.TwitterImpl.getFollowersIDs(TwitterImpl.java:421)
	at retrieval.RetrieveFriendsJSON.main(RetrieveFriendsJSON.java:110)
	at sun.reflect.NativeMethodAccessorImpl.invoke0(Native Method)
	at sun.reflect.NativeMethodAccessorImpl.invoke(NativeMethodAccessorImpl.java:57)
	at sun.reflect.DelegatingMethodAccessorImpl.invoke(DelegatingMethodAccessorImpl.java:43)
	at java.lang.reflect.Method.invoke(Method.java:606)
	at org.eclipse.jdt.internal.jarinjarloader.JarRsrcLoader.main(JarRsrcLoader.java:58)
401:Authentication credentials (https://dev.twitter.com/pages/auth) were missing or incorrect. Ensure that you have set valid consumer key/secret, access token/secret, and the system clock is in sync.
{"request":"\/1.1\/friends\/ids.json?user_id=2472751147&cursor=-1&include_entities=true","error":"Not authorized."}

Relevant discussions can be found on the Internet at:
	http://www.google.co.jp/search?q=a0c96a69 or
	http://www.google.co.jp/search?q=1935c143
TwitterException{exceptionCode=[a0c96a69-1935c143], statusCode=401, message=null, code=-1, retryAfter=-1, rateLimitStatus=RateLimitStatusJSONImpl{remaining=13, limit=15, resetTimeInSeconds=1399084808, secondsUntilReset=840}, version=4.0.1}
	at twitter4j.HttpClientImpl.handleRequest(HttpClientImpl.java:164)
	at twitter4j.HttpClientBase.request(HttpClientBase.java:53)
	at twitter4j.HttpClientBase.get(HttpClientBase.java:71)
	at twitter4j.TwitterImpl.get(TwitterImpl.java:1950)
	at twitter4j.TwitterImpl.getFriendsIDs(TwitterImpl.java:395)
	at retrieval.RetrieveFriendsJSON.main(RetrieveFriendsJSON.java:98)
	at sun.reflect.NativeMethodAccessorImpl.invoke0(Native Method)
	at sun.reflect.NativeMethodAccessorImpl.invoke(NativeMethodAccessorImpl.java:57)
	at sun.reflect.DelegatingMethodAccessorImpl.invoke(DelegatingMethodAccessorImpl.java:43)
	at java.lang.reflect.Method.invoke(Method.java:606)
	at org.eclipse.jdt.internal.jarinjarloader.JarRsrcLoader.main(JarRsrcLoader.java:58)
401:Authentication credentials (https://dev.twitter.com/pages/auth) were missing or incorrect. Ensure that you have set valid consumer key/secret, access token/secret, and the system clock is in sync.
{"request":"\/1.1\/friends\/ids.json?user_id=70160587&cursor=-1&include_entities=true","error":"Not authorized."}

Relevant discussions can be found on the Internet at:
	http://www.google.co.jp/search?q=a0c96a69 or
	http://www.google.co.jp/search?q=1935c143
TwitterException{exceptionCode=[a0c96a69-1935c143], statusCode=401, message=null, code=-1, retryAfter=-1, rateLimitStatus=RateLimitStatusJSONImpl{remaining=2, limit=15, resetTimeInSeconds=1399084808, secondsUntilReset=181}, version=4.0.1}
	at twitter4j.HttpClientImpl.handleRequest(HttpClientImpl.java:164)
	at twitter4j.HttpClientBase.request(HttpClientBase.java:53)
	at twitter4j.HttpClientBase.get(HttpClientBase.java:71)
	at twitter4j.TwitterImpl.get(TwitterImpl.java:1950)
	at twitter4j.TwitterImpl.getFriendsIDs(TwitterImpl.java:395)
	at retrieval.RetrieveFriendsJSON.main(RetrieveFriendsJSON.java:98)
	at sun.reflect.NativeMethodAccessorImpl.invoke0(Native Method)
	at sun.reflect.NativeMethodAccessorImpl.invoke(NativeMethodAccessorImpl.java:57)
	at sun.reflect.DelegatingMethodAccessorImpl.invoke(DelegatingMethodAccessorImpl.java:43)
	at java.lang.reflect.Method.invoke(Method.java:606)
	at org.eclipse.jdt.internal.jarinjarloader.JarRsrcLoader.main(JarRsrcLoader.java:58)
401:Authentication credentials (https://dev.twitter.com/pages/auth) were missing or incorrect. Ensure that you have set valid consumer key/secret, access token/secret, and the system clock is in sync.
{"request":"\/1.1\/friends\/ids.json?user_id=390255558&cursor=-1&include_entities=true","error":"Not authorized."}

Relevant discussions can be found on the Internet at:
	http://www.google.co.jp/search?q=a0c96a69 or
	http://www.google.co.jp/search?q=1935c143
TwitterException{exceptionCode=[a0c96a69-1935c143], statusCode=401, message=null, code=-1, retryAfter=-1, rateLimitStatus=RateLimitStatusJSONImpl{remaining=2, limit=15, resetTimeInSeconds=1399085708, secondsUntilReset=181}, version=4.0.1}
	at twitter4j.HttpClientImpl.handleRequest(HttpClientImpl.java:164)
	at twitter4j.HttpClientBase.request(HttpClientBase.java:53)
	at twitter4j.HttpClientBase.get(HttpClientBase.java:71)
	at twitter4j.TwitterImpl.get(TwitterImpl.java:1950)
	at twitter4j.TwitterImpl.getFriendsIDs(TwitterImpl.java:395)
	at retrieval.RetrieveFriendsJSON.main(RetrieveFriendsJSON.java:98)
	at sun.reflect.NativeMethodAccessorImpl.invoke0(Native Method)
	at sun.reflect.NativeMethodAccessorImpl.invoke(NativeMethodAccessorImpl.java:57)
	at sun.reflect.DelegatingMethodAccessorImpl.invoke(DelegatingMethodAccessorImpl.java:43)
	at java.lang.reflect.Method.invoke(Method.java:606)
	at org.eclipse.jdt.internal.jarinjarloader.JarRsrcLoader.main(JarRsrcLoader.java:58)
429:Returned in API v1.1 when a request cannot be served due to the application's rate limit having been exhausted for the resource. See Rate Limiting in API v1.1.(https://dev.twitter.com/docs/rate-limiting/1.1)
message - Rate limit exceeded
code - 88

Relevant discussions can be found on the Internet at:
	http://www.google.co.jp/search?q=a0c96a69 or
	http://www.google.co.jp/search?q=1935c143
TwitterException{exceptionCode=[a0c96a69-1935c143], statusCode=429, message=Rate limit exceeded, code=88, retryAfter=-1, rateLimitStatus=RateLimitStatusJSONImpl{remaining=0, limit=15, resetTimeInSeconds=1399085708, secondsUntilReset=0}, version=4.0.1}
	at twitter4j.HttpClientImpl.handleRequest(HttpClientImpl.java:164)
	at twitter4j.HttpClientBase.request(HttpClientBase.java:53)
	at twitter4j.HttpClientBase.get(HttpClientBase.java:71)
	at twitter4j.TwitterImpl.get(TwitterImpl.java:1950)
	at twitter4j.TwitterImpl.getFriendsIDs(TwitterImpl.java:395)
	at retrieval.RetrieveFriendsJSON.main(RetrieveFriendsJSON.java:98)
	at sun.reflect.NativeMethodAccessorImpl.invoke0(Native Method)
	at sun.reflect.NativeMethodAccessorImpl.invoke(NativeMethodAccessorImpl.java:57)
	at sun.reflect.DelegatingMethodAccessorImpl.invoke(DelegatingMethodAccessorImpl.java:43)
	at java.lang.reflect.Method.invoke(Method.java:606)
	at org.eclipse.jdt.internal.jarinjarloader.JarRsrcLoader.main(JarRsrcLoader.java:58)
401:Authentication credentials (https://dev.twitter.com/pages/auth) were missing or incorrect. Ensure that you have set valid consumer key/secret, access token/secret, and the system clock is in sync.
{"request":"\/1.1\/friends\/ids.json?user_id=467380489&cursor=-1&include_entities=true","error":"Not authorized."}

Relevant discussions can be found on the Internet at:
	http://www.google.co.jp/search?q=a0c96a69 or
	http://www.google.co.jp/search?q=1935c143
TwitterException{exceptionCode=[a0c96a69-1935c143], statusCode=401, message=null, code=-1, retryAfter=-1, rateLimitStatus=RateLimitStatusJSONImpl{remaining=9, limit=15, resetTimeInSeconds=1399086665, secondsUntilReset=599}, version=4.0.1}
	at twitter4j.HttpClientImpl.handleRequest(HttpClientImpl.java:164)
	at twitter4j.HttpClientBase.request(HttpClientBase.java:53)
	at twitter4j.HttpClientBase.get(HttpClientBase.java:71)
	at twitter4j.TwitterImpl.get(TwitterImpl.java:1950)
	at twitter4j.TwitterImpl.getFriendsIDs(TwitterImpl.java:395)
	at retrieval.RetrieveFriendsJSON.main(RetrieveFriendsJSON.java:98)
	at sun.reflect.NativeMethodAccessorImpl.invoke0(Native Method)
	at sun.reflect.NativeMethodAccessorImpl.invoke(NativeMethodAccessorImpl.java:57)
	at sun.reflect.DelegatingMethodAccessorImpl.invoke(DelegatingMethodAccessorImpl.java:43)
	at java.lang.reflect.Method.invoke(Method.java:606)
	at org.eclipse.jdt.internal.jarinjarloader.JarRsrcLoader.main(JarRsrcLoader.java:58)
401:Authentication credentials (https://dev.twitter.com/pages/auth) were missing or incorrect. Ensure that you have set valid consumer key/secret, access token/secret, and the system clock is in sync.
{"request":"\/1.1\/friends\/ids.json?user_id=136827484&cursor=-1&include_entities=true","error":"Not authorized."}

Relevant discussions can be found on the Internet at:
	http://www.google.co.jp/search?q=a0c96a69 or
	http://www.google.co.jp/search?q=1935c143
TwitterException{exceptionCode=[a0c96a69-1935c143], statusCode=401, message=null, code=-1, retryAfter=-1, rateLimitStatus=RateLimitStatusJSONImpl{remaining=11, limit=15, resetTimeInSeconds=1399087565, secondsUntilReset=718}, version=4.0.1}
	at twitter4j.HttpClientImpl.handleRequest(HttpClientImpl.java:164)
	at twitter4j.HttpClientBase.request(HttpClientBase.java:53)
	at twitter4j.HttpClientBase.get(HttpClientBase.java:71)
	at twitter4j.TwitterImpl.get(TwitterImpl.java:1950)
	at twitter4j.TwitterImpl.getFriendsIDs(TwitterImpl.java:395)
	at retrieval.RetrieveFriendsJSON.main(RetrieveFriendsJSON.java:98)
	at sun.reflect.NativeMethodAccessorImpl.invoke0(Native Method)
	at sun.reflect.NativeMethodAccessorImpl.invoke(NativeMethodAccessorImpl.java:57)
	at sun.reflect.DelegatingMethodAccessorImpl.invoke(DelegatingMethodAccessorImpl.java:43)
	at java.lang.reflect.Method.invoke(Method.java:606)
	at org.eclipse.jdt.internal.jarinjarloader.JarRsrcLoader.main(JarRsrcLoader.java:58)
401:Authentication credentials (https://dev.twitter.com/pages/auth) were missing or incorrect. Ensure that you have set valid consumer key/secret, access token/secret, and the system clock is in sync.
{"request":"\/1.1\/friends\/ids.json?user_id=2455583437&cursor=-1&include_entities=true","error":"Not authorized."}

Relevant discussions can be found on the Internet at:
	http://www.google.co.jp/search?q=a0c96a69 or
	http://www.google.co.jp/search?q=1935c143
TwitterException{exceptionCode=[a0c96a69-1935c143], statusCode=401, message=null, code=-1, retryAfter=-1, rateLimitStatus=RateLimitStatusJSONImpl{remaining=9, limit=15, resetTimeInSeconds=1399087565, secondsUntilReset=598}, version=4.0.1}
	at twitter4j.HttpClientImpl.handleRequest(HttpClientImpl.java:164)
	at twitter4j.HttpClientBase.request(HttpClientBase.java:53)
	at twitter4j.HttpClientBase.get(HttpClientBase.java:71)
	at twitter4j.TwitterImpl.get(TwitterImpl.java:1950)
	at twitter4j.TwitterImpl.getFriendsIDs(TwitterImpl.java:395)
	at retrieval.RetrieveFriendsJSON.main(RetrieveFriendsJSON.java:98)
	at sun.reflect.NativeMethodAccessorImpl.invoke0(Native Method)
	at sun.reflect.NativeMethodAccessorImpl.invoke(NativeMethodAccessorImpl.java:57)
	at sun.reflect.DelegatingMethodAccessorImpl.invoke(DelegatingMethodAccessorImpl.java:43)
	at java.lang.reflect.Method.invoke(Method.java:606)
	at org.eclipse.jdt.internal.jarinjarloader.JarRsrcLoader.main(JarRsrcLoader.java:58)
401:Authentication credentials (https://dev.twitter.com/pages/auth) were missing or incorrect. Ensure that you have set valid consumer key/secret, access token/secret, and the system clock is in sync.
{"request":"\/1.1\/friends\/ids.json?user_id=1909217617&cursor=-1&include_entities=true","error":"Not authorized."}

Relevant discussions can be found on the Internet at:
	http://www.google.co.jp/search?q=a0c96a69 or
	http://www.google.co.jp/search?q=1935c143
TwitterException{exceptionCode=[a0c96a69-1935c143], statusCode=401, message=null, code=-1, retryAfter=-1, rateLimitStatus=RateLimitStatusJSONImpl{remaining=7, limit=15, resetTimeInSeconds=1399087565, secondsUntilReset=478}, version=4.0.1}
	at twitter4j.HttpClientImpl.handleRequest(HttpClientImpl.java:164)
	at twitter4j.HttpClientBase.request(HttpClientBase.java:53)
	at twitter4j.HttpClientBase.get(HttpClientBase.java:71)
	at twitter4j.TwitterImpl.get(TwitterImpl.java:1950)
	at twitter4j.TwitterImpl.getFriendsIDs(TwitterImpl.java:395)
	at retrieval.RetrieveFriendsJSON.main(RetrieveFriendsJSON.java:98)
	at sun.reflect.NativeMethodAccessorImpl.invoke0(Native Method)
	at sun.reflect.NativeMethodAccessorImpl.invoke(NativeMethodAccessorImpl.java:57)
	at sun.reflect.DelegatingMethodAccessorImpl.invoke(DelegatingMethodAccessorImpl.java:43)
	at java.lang.reflect.Method.invoke(Method.java:606)
	at org.eclipse.jdt.internal.jarinjarloader.JarRsrcLoader.main(JarRsrcLoader.java:58)
401:Authentication credentials (https://dev.twitter.com/pages/auth) were missing or incorrect. Ensure that you have set valid consumer key/secret, access token/secret, and the system clock is in sync.
{"request":"\/1.1\/friends\/ids.json?user_id=2520110074&cursor=-1&include_entities=true","error":"Not authorized."}

Relevant discussions can be found on the Internet at:
	http://www.google.co.jp/search?q=a0c96a69 or
	http://www.google.co.jp/search?q=1935c143
TwitterException{exceptionCode=[a0c96a69-1935c143], statusCode=401, message=null, code=-1, retryAfter=-1, rateLimitStatus=RateLimitStatusJSONImpl{remaining=11, limit=15, resetTimeInSeconds=1399088466, secondsUntilReset=720}, version=4.0.1}
	at twitter4j.HttpClientImpl.handleRequest(HttpClientImpl.java:164)
	at twitter4j.HttpClientBase.request(HttpClientBase.java:53)
	at twitter4j.HttpClientBase.get(HttpClientBase.java:71)
	at twitter4j.TwitterImpl.get(TwitterImpl.java:1950)
	at twitter4j.TwitterImpl.getFriendsIDs(TwitterImpl.java:395)
	at retrieval.RetrieveFriendsJSON.main(RetrieveFriendsJSON.java:98)
	at sun.reflect.NativeMethodAccessorImpl.invoke0(Native Method)
	at sun.reflect.NativeMethodAccessorImpl.invoke(NativeMethodAccessorImpl.java:57)
	at sun.reflect.DelegatingMethodAccessorImpl.invoke(DelegatingMethodAccessorImpl.java:43)
	at java.lang.reflect.Method.invoke(Method.java:606)
	at org.eclipse.jdt.internal.jarinjarloader.JarRsrcLoader.main(JarRsrcLoader.java:58)
429:Returned in API v1.1 when a request cannot be served due to the application's rate limit having been exhausted for the resource. See Rate Limiting in API v1.1.(https://dev.twitter.com/docs/rate-limiting/1.1)
message - Rate limit exceeded
code - 88

Relevant discussions can be found on the Internet at:
	http://www.google.co.jp/search?q=a0c96a69 or
	http://www.google.co.jp/search?q=1935c143
TwitterException{exceptionCode=[a0c96a69-1935c143], statusCode=429, message=Rate limit exceeded, code=88, retryAfter=-1, rateLimitStatus=RateLimitStatusJSONImpl{remaining=0, limit=15, resetTimeInSeconds=1399088466, secondsUntilReset=0}, version=4.0.1}
	at twitter4j.HttpClientImpl.handleRequest(HttpClientImpl.java:164)
	at twitter4j.HttpClientBase.request(HttpClientBase.java:53)
	at twitter4j.HttpClientBase.get(HttpClientBase.java:71)
	at twitter4j.TwitterImpl.get(TwitterImpl.java:1950)
	at twitter4j.TwitterImpl.getFriendsIDs(TwitterImpl.java:395)
	at retrieval.RetrieveFriendsJSON.main(RetrieveFriendsJSON.java:98)
	at sun.reflect.NativeMethodAccessorImpl.invoke0(Native Method)
	at sun.reflect.NativeMethodAccessorImpl.invoke(NativeMethodAccessorImpl.java:57)
	at sun.reflect.DelegatingMethodAccessorImpl.invoke(DelegatingMethodAccessorImpl.java:43)
	at java.lang.reflect.Method.invoke(Method.java:606)
	at org.eclipse.jdt.internal.jarinjarloader.JarRsrcLoader.main(JarRsrcLoader.java:58)
401:Authentication credentials (https://dev.twitter.com/pages/auth) were missing or incorrect. Ensure that you have set valid consumer key/secret, access token/secret, and the system clock is in sync.
{"request":"\/1.1\/friends\/ids.json?user_id=2472729205&cursor=-1&include_entities=true","error":"Not authorized."}

Relevant discussions can be found on the Internet at:
	http://www.google.co.jp/search?q=a0c96a69 or
	http://www.google.co.jp/search?q=1935c143
TwitterException{exceptionCode=[a0c96a69-1935c143], statusCode=401, message=null, code=-1, retryAfter=-1, rateLimitStatus=RateLimitStatusJSONImpl{remaining=6, limit=15, resetTimeInSeconds=1399089426, secondsUntilReset=418}, version=4.0.1}
	at twitter4j.HttpClientImpl.handleRequest(HttpClientImpl.java:164)
	at twitter4j.HttpClientBase.request(HttpClientBase.java:53)
	at twitter4j.HttpClientBase.get(HttpClientBase.java:71)
	at twitter4j.TwitterImpl.get(TwitterImpl.java:1950)
	at twitter4j.TwitterImpl.getFriendsIDs(TwitterImpl.java:395)
	at retrieval.RetrieveFriendsJSON.main(RetrieveFriendsJSON.java:98)
	at sun.reflect.NativeMethodAccessorImpl.invoke0(Native Method)
	at sun.reflect.NativeMethodAccessorImpl.invoke(NativeMethodAccessorImpl.java:57)
	at sun.reflect.DelegatingMethodAccessorImpl.invoke(DelegatingMethodAccessorImpl.java:43)
	at java.lang.reflect.Method.invoke(Method.java:606)
	at org.eclipse.jdt.internal.jarinjarloader.JarRsrcLoader.main(JarRsrcLoader.java:58)
401:Authentication credentials (https://dev.twitter.com/pages/auth) were missing or incorrect. Ensure that you have set valid consumer key/secret, access token/secret, and the system clock is in sync.
{"request":"\/1.1\/friends\/ids.json?user_id=2400352520&cursor=-1&include_entities=true","error":"Not authorized."}

Relevant discussions can be found on the Internet at:
	http://www.google.co.jp/search?q=a0c96a69 or
	http://www.google.co.jp/search?q=1935c143
TwitterException{exceptionCode=[a0c96a69-1935c143], statusCode=401, message=null, code=-1, retryAfter=-1, rateLimitStatus=RateLimitStatusJSONImpl{remaining=3, limit=15, resetTimeInSeconds=1399089426, secondsUntilReset=240}, version=4.0.1}
	at twitter4j.HttpClientImpl.handleRequest(HttpClientImpl.java:164)
	at twitter4j.HttpClientBase.request(HttpClientBase.java:53)
	at twitter4j.HttpClientBase.get(HttpClientBase.java:71)
	at twitter4j.TwitterImpl.get(TwitterImpl.java:1950)
	at twitter4j.TwitterImpl.getFriendsIDs(TwitterImpl.java:395)
	at retrieval.RetrieveFriendsJSON.main(RetrieveFriendsJSON.java:98)
	at sun.reflect.NativeMethodAccessorImpl.invoke0(Native Method)
	at sun.reflect.NativeMethodAccessorImpl.invoke(NativeMethodAccessorImpl.java:57)
	at sun.reflect.DelegatingMethodAccessorImpl.invoke(DelegatingMethodAccessorImpl.java:43)
	at java.lang.reflect.Method.invoke(Method.java:606)
	at org.eclipse.jdt.internal.jarinjarloader.JarRsrcLoader.main(JarRsrcLoader.java:58)
429:Returned in API v1.1 when a request cannot be served due to the application's rate limit having been exhausted for the resource. See Rate Limiting in API v1.1.(https://dev.twitter.com/docs/rate-limiting/1.1)
message - Rate limit exceeded
code - 88

Relevant discussions can be found on the Internet at:
	http://www.google.co.jp/search?q=a0c96a69 or
	http://www.google.co.jp/search?q=1935c143
TwitterException{exceptionCode=[a0c96a69-1935c143], statusCode=429, message=Rate limit exceeded, code=88, retryAfter=-1, rateLimitStatus=RateLimitStatusJSONImpl{remaining=0, limit=15, resetTimeInSeconds=1399089426, secondsUntilReset=0}, version=4.0.1}
	at twitter4j.HttpClientImpl.handleRequest(HttpClientImpl.java:164)
	at twitter4j.HttpClientBase.request(HttpClientBase.java:53)
	at twitter4j.HttpClientBase.get(HttpClientBase.java:71)
	at twitter4j.TwitterImpl.get(TwitterImpl.java:1950)
	at twitter4j.TwitterImpl.getFriendsIDs(TwitterImpl.java:395)
	at retrieval.RetrieveFriendsJSON.main(RetrieveFriendsJSON.java:98)
	at sun.reflect.NativeMethodAccessorImpl.invoke0(Native Method)
	at sun.reflect.NativeMethodAccessorImpl.invoke(NativeMethodAccessorImpl.java:57)
	at sun.reflect.DelegatingMethodAccessorImpl.invoke(DelegatingMethodAccessorImpl.java:43)
	at java.lang.reflect.Method.invoke(Method.java:606)
	at org.eclipse.jdt.internal.jarinjarloader.JarRsrcLoader.main(JarRsrcLoader.java:58)
429:Returned in API v1.1 when a request cannot be served due to the application's rate limit having been exhausted for the resource. See Rate Limiting in API v1.1.(https://dev.twitter.com/docs/rate-limiting/1.1)
message - Rate limit exceeded
code - 88

Relevant discussions can be found on the Internet at:
	http://www.google.co.jp/search?q=a0c96a69 or
	http://www.google.co.jp/search?q=1935c143
TwitterException{exceptionCode=[a0c96a69-1935c143], statusCode=429, message=Rate limit exceeded, code=88, retryAfter=-1, rateLimitStatus=RateLimitStatusJSONImpl{remaining=0, limit=15, resetTimeInSeconds=1399090386, secondsUntilReset=0}, version=4.0.1}
	at twitter4j.HttpClientImpl.handleRequest(HttpClientImpl.java:164)
	at twitter4j.HttpClientBase.request(HttpClientBase.java:53)
	at twitter4j.HttpClientBase.get(HttpClientBase.java:71)
	at twitter4j.TwitterImpl.get(TwitterImpl.java:1950)
	at twitter4j.TwitterImpl.getFriendsIDs(TwitterImpl.java:395)
	at retrieval.RetrieveFriendsJSON.main(RetrieveFriendsJSON.java:98)
	at sun.reflect.NativeMethodAccessorImpl.invoke0(Native Method)
	at sun.reflect.NativeMethodAccessorImpl.invoke(NativeMethodAccessorImpl.java:57)
	at sun.reflect.DelegatingMethodAccessorImpl.invoke(DelegatingMethodAccessorImpl.java:43)
	at java.lang.reflect.Method.invoke(Method.java:606)
	at org.eclipse.jdt.internal.jarinjarloader.JarRsrcLoader.main(JarRsrcLoader.java:58)
429:Returned in API v1.1 when a request cannot be served due to the application's rate limit having been exhausted for the resource. See Rate Limiting in API v1.1.(https://dev.twitter.com/docs/rate-limiting/1.1)
message - Rate limit exceeded
code - 88

Relevant discussions can be found on the Internet at:
	http://www.google.co.jp/search?q=a0c96a69 or
	http://www.google.co.jp/search?q=1935c143
TwitterException{exceptionCode=[a0c96a69-1935c143], statusCode=429, message=Rate limit exceeded, code=88, retryAfter=-1, rateLimitStatus=RateLimitStatusJSONImpl{remaining=0, limit=15, resetTimeInSeconds=1399091346, secondsUntilReset=0}, version=4.0.1}
	at twitter4j.HttpClientImpl.handleRequest(HttpClientImpl.java:164)
	at twitter4j.HttpClientBase.request(HttpClientBase.java:53)
	at twitter4j.HttpClientBase.get(HttpClientBase.java:71)
	at twitter4j.TwitterImpl.get(TwitterImpl.java:1950)
	at twitter4j.TwitterImpl.getFriendsIDs(TwitterImpl.java:395)
	at retrieval.RetrieveFriendsJSON.main(RetrieveFriendsJSON.java:98)
	at sun.reflect.NativeMethodAccessorImpl.invoke0(Native Method)
	at sun.reflect.NativeMethodAccessorImpl.invoke(NativeMethodAccessorImpl.java:57)
	at sun.reflect.DelegatingMethodAccessorImpl.invoke(DelegatingMethodAccessorImpl.java:43)
	at java.lang.reflect.Method.invoke(Method.java:606)
	at org.eclipse.jdt.internal.jarinjarloader.JarRsrcLoader.main(JarRsrcLoader.java:58)
401:Authentication credentials (https://dev.twitter.com/pages/auth) were missing or incorrect. Ensure that you have set valid consumer key/secret, access token/secret, and the system clock is in sync.
{"request":"\/1.1\/friends\/ids.json?user_id=37265753&cursor=-1&include_entities=true","error":"Not authorized."}

Relevant discussions can be found on the Internet at:
	http://www.google.co.jp/search?q=a0c96a69 or
	http://www.google.co.jp/search?q=1935c143
TwitterException{exceptionCode=[a0c96a69-1935c143], statusCode=401, message=null, code=-1, retryAfter=-1, rateLimitStatus=RateLimitStatusJSONImpl{remaining=13, limit=15, resetTimeInSeconds=1399092306, secondsUntilReset=839}, version=4.0.1}
	at twitter4j.HttpClientImpl.handleRequest(HttpClientImpl.java:164)
	at twitter4j.HttpClientBase.request(HttpClientBase.java:53)
	at twitter4j.HttpClientBase.get(HttpClientBase.java:71)
	at twitter4j.TwitterImpl.get(TwitterImpl.java:1950)
	at twitter4j.TwitterImpl.getFriendsIDs(TwitterImpl.java:395)
	at retrieval.RetrieveFriendsJSON.main(RetrieveFriendsJSON.java:98)
	at sun.reflect.NativeMethodAccessorImpl.invoke0(Native Method)
	at sun.reflect.NativeMethodAccessorImpl.invoke(NativeMethodAccessorImpl.java:57)
	at sun.reflect.DelegatingMethodAccessorImpl.invoke(DelegatingMethodAccessorImpl.java:43)
	at java.lang.reflect.Method.invoke(Method.java:606)
	at org.eclipse.jdt.internal.jarinjarloader.JarRsrcLoader.main(JarRsrcLoader.java:58)
401:Authentication credentials (https://dev.twitter.com/pages/auth) were missing or incorrect. Ensure that you have set valid consumer key/secret, access token/secret, and the system clock is in sync.
{"request":"\/1.1\/friends\/ids.json?user_id=2472693794&cursor=-1&include_entities=true","error":"Not authorized."}

Relevant discussions can be found on the Internet at:
	http://www.google.co.jp/search?q=a0c96a69 or
	http://www.google.co.jp/search?q=1935c143
TwitterException{exceptionCode=[a0c96a69-1935c143], statusCode=401, message=null, code=-1, retryAfter=-1, rateLimitStatus=RateLimitStatusJSONImpl{remaining=11, limit=15, resetTimeInSeconds=1399092306, secondsUntilReset=719}, version=4.0.1}
	at twitter4j.HttpClientImpl.handleRequest(HttpClientImpl.java:164)
	at twitter4j.HttpClientBase.request(HttpClientBase.java:53)
	at twitter4j.HttpClientBase.get(HttpClientBase.java:71)
	at twitter4j.TwitterImpl.get(TwitterImpl.java:1950)
	at twitter4j.TwitterImpl.getFriendsIDs(TwitterImpl.java:395)
	at retrieval.RetrieveFriendsJSON.main(RetrieveFriendsJSON.java:98)
	at sun.reflect.NativeMethodAccessorImpl.invoke0(Native Method)
	at sun.reflect.NativeMethodAccessorImpl.invoke(NativeMethodAccessorImpl.java:57)
	at sun.reflect.DelegatingMethodAccessorImpl.invoke(DelegatingMethodAccessorImpl.java:43)
	at java.lang.reflect.Method.invoke(Method.java:606)
	at org.eclipse.jdt.internal.jarinjarloader.JarRsrcLoader.main(JarRsrcLoader.java:58)
429:Returned in API v1.1 when a request cannot be served due to the application's rate limit having been exhausted for the resource. See Rate Limiting in API v1.1.(https://dev.twitter.com/docs/rate-limiting/1.1)
message - Rate limit exceeded
code - 88

Relevant discussions can be found on the Internet at:
	http://www.google.co.jp/search?q=a0c96a69 or
	http://www.google.co.jp/search?q=1935c143
TwitterException{exceptionCode=[a0c96a69-1935c143], statusCode=429, message=Rate limit exceeded, code=88, retryAfter=-1, rateLimitStatus=RateLimitStatusJSONImpl{remaining=0, limit=15, resetTimeInSeconds=1399092306, secondsUntilReset=0}, version=4.0.1}
	at twitter4j.HttpClientImpl.handleRequest(HttpClientImpl.java:164)
	at twitter4j.HttpClientBase.request(HttpClientBase.java:53)
	at twitter4j.HttpClientBase.get(HttpClientBase.java:71)
	at twitter4j.TwitterImpl.get(TwitterImpl.java:1950)
	at twitter4j.TwitterImpl.getFriendsIDs(TwitterImpl.java:395)
	at retrieval.RetrieveFriendsJSON.main(RetrieveFriendsJSON.java:98)
	at sun.reflect.NativeMethodAccessorImpl.invoke0(Native Method)
	at sun.reflect.NativeMethodAccessorImpl.invoke(NativeMethodAccessorImpl.java:57)
	at sun.reflect.DelegatingMethodAccessorImpl.invoke(DelegatingMethodAccessorImpl.java:43)
	at java.lang.reflect.Method.invoke(Method.java:606)
	at org.eclipse.jdt.internal.jarinjarloader.JarRsrcLoader.main(JarRsrcLoader.java:58)
401:Authentication credentials (https://dev.twitter.com/pages/auth) were missing or incorrect. Ensure that you have set valid consumer key/secret, access token/secret, and the system clock is in sync.
{"request":"\/1.1\/friends\/ids.json?user_id=747941281&cursor=-1&include_entities=true","error":"Not authorized."}

Relevant discussions can be found on the Internet at:
	http://www.google.co.jp/search?q=a0c96a69 or
	http://www.google.co.jp/search?q=1935c143
TwitterException{exceptionCode=[a0c96a69-1935c143], statusCode=401, message=null, code=-1, retryAfter=-1, rateLimitStatus=RateLimitStatusJSONImpl{remaining=14, limit=15, resetTimeInSeconds=1399093265, secondsUntilReset=899}, version=4.0.1}
	at twitter4j.HttpClientImpl.handleRequest(HttpClientImpl.java:164)
	at twitter4j.HttpClientBase.request(HttpClientBase.java:53)
	at twitter4j.HttpClientBase.get(HttpClientBase.java:71)
	at twitter4j.TwitterImpl.get(TwitterImpl.java:1950)
	at twitter4j.TwitterImpl.getFriendsIDs(TwitterImpl.java:395)
	at retrieval.RetrieveFriendsJSON.main(RetrieveFriendsJSON.java:98)
	at sun.reflect.NativeMethodAccessorImpl.invoke0(Native Method)
	at sun.reflect.NativeMethodAccessorImpl.invoke(NativeMethodAccessorImpl.java:57)
	at sun.reflect.DelegatingMethodAccessorImpl.invoke(DelegatingMethodAccessorImpl.java:43)
	at java.lang.reflect.Method.invoke(Method.java:606)
	at org.eclipse.jdt.internal.jarinjarloader.JarRsrcLoader.main(JarRsrcLoader.java:58)
401:Authentication credentials (https://dev.twitter.com/pages/auth) were missing or incorrect. Ensure that you have set valid consumer key/secret, access token/secret, and the system clock is in sync.
{"request":"\/1.1\/friends\/ids.json?user_id=2472663686&cursor=-1&include_entities=true","error":"Not authorized."}

Relevant discussions can be found on the Internet at:
	http://www.google.co.jp/search?q=a0c96a69 or
	http://www.google.co.jp/search?q=1935c143
TwitterException{exceptionCode=[a0c96a69-1935c143], statusCode=401, message=null, code=-1, retryAfter=-1, rateLimitStatus=RateLimitStatusJSONImpl{remaining=0, limit=15, resetTimeInSeconds=1399093265, secondsUntilReset=58}, version=4.0.1}
	at twitter4j.HttpClientImpl.handleRequest(HttpClientImpl.java:164)
	at twitter4j.HttpClientBase.request(HttpClientBase.java:53)
	at twitter4j.HttpClientBase.get(HttpClientBase.java:71)
	at twitter4j.TwitterImpl.get(TwitterImpl.java:1950)
	at twitter4j.TwitterImpl.getFriendsIDs(TwitterImpl.java:395)
	at retrieval.RetrieveFriendsJSON.main(RetrieveFriendsJSON.java:98)
	at sun.reflect.NativeMethodAccessorImpl.invoke0(Native Method)
	at sun.reflect.NativeMethodAccessorImpl.invoke(NativeMethodAccessorImpl.java:57)
	at sun.reflect.DelegatingMethodAccessorImpl.invoke(DelegatingMethodAccessorImpl.java:43)
	at java.lang.reflect.Method.invoke(Method.java:606)
	at org.eclipse.jdt.internal.jarinjarloader.JarRsrcLoader.main(JarRsrcLoader.java:58)
401:Authentication credentials (https://dev.twitter.com/pages/auth) were missing or incorrect. Ensure that you have set valid consumer key/secret, access token/secret, and the system clock is in sync.
{"request":"\/1.1\/friends\/ids.json?user_id=52357531&cursor=-1&include_entities=true","error":"Not authorized."}

Relevant discussions can be found on the Internet at:
	http://www.google.co.jp/search?q=a0c96a69 or
	http://www.google.co.jp/search?q=1935c143
TwitterException{exceptionCode=[a0c96a69-1935c143], statusCode=401, message=null, code=-1, retryAfter=-1, rateLimitStatus=RateLimitStatusJSONImpl{remaining=10, limit=15, resetTimeInSeconds=1399094165, secondsUntilReset=659}, version=4.0.1}
	at twitter4j.HttpClientImpl.handleRequest(HttpClientImpl.java:164)
	at twitter4j.HttpClientBase.request(HttpClientBase.java:53)
	at twitter4j.HttpClientBase.get(HttpClientBase.java:71)
	at twitter4j.TwitterImpl.get(TwitterImpl.java:1950)
	at twitter4j.TwitterImpl.getFriendsIDs(TwitterImpl.java:395)
	at retrieval.RetrieveFriendsJSON.main(RetrieveFriendsJSON.java:98)
	at sun.reflect.NativeMethodAccessorImpl.invoke0(Native Method)
	at sun.reflect.NativeMethodAccessorImpl.invoke(NativeMethodAccessorImpl.java:57)
	at sun.reflect.DelegatingMethodAccessorImpl.invoke(DelegatingMethodAccessorImpl.java:43)
	at java.lang.reflect.Method.invoke(Method.java:606)
	at org.eclipse.jdt.internal.jarinjarloader.JarRsrcLoader.main(JarRsrcLoader.java:58)
401:Authentication credentials (https://dev.twitter.com/pages/auth) were missing or incorrect. Ensure that you have set valid consumer key/secret, access token/secret, and the system clock is in sync.
{"request":"\/1.1\/friends\/ids.json?user_id=2472524365&cursor=-1&include_entities=true","error":"Not authorized."}

Relevant discussions can be found on the Internet at:
	http://www.google.co.jp/search?q=a0c96a69 or
	http://www.google.co.jp/search?q=1935c143
TwitterException{exceptionCode=[a0c96a69-1935c143], statusCode=401, message=null, code=-1, retryAfter=-1, rateLimitStatus=RateLimitStatusJSONImpl{remaining=2, limit=15, resetTimeInSeconds=1399094165, secondsUntilReset=179}, version=4.0.1}
	at twitter4j.HttpClientImpl.handleRequest(HttpClientImpl.java:164)
	at twitter4j.HttpClientBase.request(HttpClientBase.java:53)
	at twitter4j.HttpClientBase.get(HttpClientBase.java:71)
	at twitter4j.TwitterImpl.get(TwitterImpl.java:1950)
	at twitter4j.TwitterImpl.getFriendsIDs(TwitterImpl.java:395)
	at retrieval.RetrieveFriendsJSON.main(RetrieveFriendsJSON.java:98)
	at sun.reflect.NativeMethodAccessorImpl.invoke0(Native Method)
	at sun.reflect.NativeMethodAccessorImpl.invoke(NativeMethodAccessorImpl.java:57)
	at sun.reflect.DelegatingMethodAccessorImpl.invoke(DelegatingMethodAccessorImpl.java:43)
	at java.lang.reflect.Method.invoke(Method.java:606)
	at org.eclipse.jdt.internal.jarinjarloader.JarRsrcLoader.main(JarRsrcLoader.java:58)
401:Authentication credentials (https://dev.twitter.com/pages/auth) were missing or incorrect. Ensure that you have set valid consumer key/secret, access token/secret, and the system clock is in sync.
{"request":"\/1.1\/friends\/ids.json?user_id=104943885&cursor=-1&include_entities=true","error":"Not authorized."}

Relevant discussions can be found on the Internet at:
	http://www.google.co.jp/search?q=a0c96a69 or
	http://www.google.co.jp/search?q=1935c143
TwitterException{exceptionCode=[a0c96a69-1935c143], statusCode=401, message=null, code=-1, retryAfter=-1, rateLimitStatus=RateLimitStatusJSONImpl{remaining=8, limit=15, resetTimeInSeconds=1399095066, secondsUntilReset=540}, version=4.0.1}
	at twitter4j.HttpClientImpl.handleRequest(HttpClientImpl.java:164)
	at twitter4j.HttpClientBase.request(HttpClientBase.java:53)
	at twitter4j.HttpClientBase.get(HttpClientBase.java:71)
	at twitter4j.TwitterImpl.get(TwitterImpl.java:1950)
	at twitter4j.TwitterImpl.getFriendsIDs(TwitterImpl.java:395)
	at retrieval.RetrieveFriendsJSON.main(RetrieveFriendsJSON.java:98)
	at sun.reflect.NativeMethodAccessorImpl.invoke0(Native Method)
	at sun.reflect.NativeMethodAccessorImpl.invoke(NativeMethodAccessorImpl.java:57)
	at sun.reflect.DelegatingMethodAccessorImpl.invoke(DelegatingMethodAccessorImpl.java:43)
	at java.lang.reflect.Method.invoke(Method.java:606)
	at org.eclipse.jdt.internal.jarinjarloader.JarRsrcLoader.main(JarRsrcLoader.java:58)
401:Authentication credentials (https://dev.twitter.com/pages/auth) were missing or incorrect. Ensure that you have set valid consumer key/secret, access token/secret, and the system clock is in sync.
{"request":"\/1.1\/friends\/ids.json?user_id=211963725&cursor=-1&include_entities=true","error":"Not authorized."}

Relevant discussions can be found on the Internet at:
	http://www.google.co.jp/search?q=a0c96a69 or
	http://www.google.co.jp/search?q=1935c143
TwitterException{exceptionCode=[a0c96a69-1935c143], statusCode=401, message=null, code=-1, retryAfter=-1, rateLimitStatus=RateLimitStatusJSONImpl{remaining=7, limit=15, resetTimeInSeconds=1399095066, secondsUntilReset=480}, version=4.0.1}
	at twitter4j.HttpClientImpl.handleRequest(HttpClientImpl.java:164)
	at twitter4j.HttpClientBase.request(HttpClientBase.java:53)
	at twitter4j.HttpClientBase.get(HttpClientBase.java:71)
	at twitter4j.TwitterImpl.get(TwitterImpl.java:1950)
	at twitter4j.TwitterImpl.getFriendsIDs(TwitterImpl.java:395)
	at retrieval.RetrieveFriendsJSON.main(RetrieveFriendsJSON.java:98)
	at sun.reflect.NativeMethodAccessorImpl.invoke0(Native Method)
	at sun.reflect.NativeMethodAccessorImpl.invoke(NativeMethodAccessorImpl.java:57)
	at sun.reflect.DelegatingMethodAccessorImpl.invoke(DelegatingMethodAccessorImpl.java:43)
	at java.lang.reflect.Method.invoke(Method.java:606)
	at org.eclipse.jdt.internal.jarinjarloader.JarRsrcLoader.main(JarRsrcLoader.java:58)
429:Returned in API v1.1 when a request cannot be served due to the application's rate limit having been exhausted for the resource. See Rate Limiting in API v1.1.(https://dev.twitter.com/docs/rate-limiting/1.1)
message - Rate limit exceeded
code - 88

Relevant discussions can be found on the Internet at:
	http://www.google.co.jp/search?q=0fd39a69 or
	http://www.google.co.jp/search?q=1aa4245d
TwitterException{exceptionCode=[0fd39a69-1aa4245d], statusCode=429, message=Rate limit exceeded, code=88, retryAfter=-1, rateLimitStatus=RateLimitStatusJSONImpl{remaining=0, limit=15, resetTimeInSeconds=1399095609, secondsUntilReset=1}, version=4.0.1}
	at twitter4j.HttpClientImpl.handleRequest(HttpClientImpl.java:164)
	at twitter4j.HttpClientBase.request(HttpClientBase.java:53)
	at twitter4j.HttpClientBase.get(HttpClientBase.java:71)
	at twitter4j.TwitterImpl.get(TwitterImpl.java:1950)
	at twitter4j.TwitterImpl.getFollowersIDs(TwitterImpl.java:421)
	at retrieval.RetrieveFriendsJSON.main(RetrieveFriendsJSON.java:110)
	at sun.reflect.NativeMethodAccessorImpl.invoke0(Native Method)
	at sun.reflect.NativeMethodAccessorImpl.invoke(NativeMethodAccessorImpl.java:57)
	at sun.reflect.DelegatingMethodAccessorImpl.invoke(DelegatingMethodAccessorImpl.java:43)
	at java.lang.reflect.Method.invoke(Method.java:606)
	at org.eclipse.jdt.internal.jarinjarloader.JarRsrcLoader.main(JarRsrcLoader.java:58)
401:Authentication credentials (https://dev.twitter.com/pages/auth) were missing or incorrect. Ensure that you have set valid consumer key/secret, access token/secret, and the system clock is in sync.
{"request":"\/1.1\/friends\/ids.json?user_id=1086710042&cursor=-1&include_entities=true","error":"Not authorized."}

Relevant discussions can be found on the Internet at:
	http://www.google.co.jp/search?q=a0c96a69 or
	http://www.google.co.jp/search?q=1935c143
TwitterException{exceptionCode=[a0c96a69-1935c143], statusCode=401, message=null, code=-1, retryAfter=-1, rateLimitStatus=RateLimitStatusJSONImpl{remaining=3, limit=15, resetTimeInSeconds=1399096866, secondsUntilReset=240}, version=4.0.1}
	at twitter4j.HttpClientImpl.handleRequest(HttpClientImpl.java:164)
	at twitter4j.HttpClientBase.request(HttpClientBase.java:53)
	at twitter4j.HttpClientBase.get(HttpClientBase.java:71)
	at twitter4j.TwitterImpl.get(TwitterImpl.java:1950)
	at twitter4j.TwitterImpl.getFriendsIDs(TwitterImpl.java:395)
	at retrieval.RetrieveFriendsJSON.main(RetrieveFriendsJSON.java:98)
	at sun.reflect.NativeMethodAccessorImpl.invoke0(Native Method)
	at sun.reflect.NativeMethodAccessorImpl.invoke(NativeMethodAccessorImpl.java:57)
	at sun.reflect.DelegatingMethodAccessorImpl.invoke(DelegatingMethodAccessorImpl.java:43)
	at java.lang.reflect.Method.invoke(Method.java:606)
	at org.eclipse.jdt.internal.jarinjarloader.JarRsrcLoader.main(JarRsrcLoader.java:58)
401:Authentication credentials (https://dev.twitter.com/pages/auth) were missing or incorrect. Ensure that you have set valid consumer key/secret, access token/secret, and the system clock is in sync.
{"request":"\/1.1\/friends\/ids.json?user_id=56346779&cursor=-1&include_entities=true","error":"Not authorized."}

Relevant discussions can be found on the Internet at:
	http://www.google.co.jp/search?q=a0c96a69 or
	http://www.google.co.jp/search?q=1935c143
TwitterException{exceptionCode=[a0c96a69-1935c143], statusCode=401, message=null, code=-1, retryAfter=-1, rateLimitStatus=RateLimitStatusJSONImpl{remaining=1, limit=15, resetTimeInSeconds=1399096866, secondsUntilReset=120}, version=4.0.1}
	at twitter4j.HttpClientImpl.handleRequest(HttpClientImpl.java:164)
	at twitter4j.HttpClientBase.request(HttpClientBase.java:53)
	at twitter4j.HttpClientBase.get(HttpClientBase.java:71)
	at twitter4j.TwitterImpl.get(TwitterImpl.java:1950)
	at twitter4j.TwitterImpl.getFriendsIDs(TwitterImpl.java:395)
	at retrieval.RetrieveFriendsJSON.main(RetrieveFriendsJSON.java:98)
	at sun.reflect.NativeMethodAccessorImpl.invoke0(Native Method)
	at sun.reflect.NativeMethodAccessorImpl.invoke(NativeMethodAccessorImpl.java:57)
	at sun.reflect.DelegatingMethodAccessorImpl.invoke(DelegatingMethodAccessorImpl.java:43)
	at java.lang.reflect.Method.invoke(Method.java:606)
	at org.eclipse.jdt.internal.jarinjarloader.JarRsrcLoader.main(JarRsrcLoader.java:58)
429:Returned in API v1.1 when a request cannot be served due to the application's rate limit having been exhausted for the resource. See Rate Limiting in API v1.1.(https://dev.twitter.com/docs/rate-limiting/1.1)
message - Rate limit exceeded
code - 88

Relevant discussions can be found on the Internet at:
	http://www.google.co.jp/search?q=a0c96a69 or
	http://www.google.co.jp/search?q=1935c143
TwitterException{exceptionCode=[a0c96a69-1935c143], statusCode=429, message=Rate limit exceeded, code=88, retryAfter=-1, rateLimitStatus=RateLimitStatusJSONImpl{remaining=0, limit=15, resetTimeInSeconds=1399097767, secondsUntilReset=1}, version=4.0.1}
	at twitter4j.HttpClientImpl.handleRequest(HttpClientImpl.java:164)
	at twitter4j.HttpClientBase.request(HttpClientBase.java:53)
	at twitter4j.HttpClientBase.get(HttpClientBase.java:71)
	at twitter4j.TwitterImpl.get(TwitterImpl.java:1950)
	at twitter4j.TwitterImpl.getFriendsIDs(TwitterImpl.java:395)
	at retrieval.RetrieveFriendsJSON.main(RetrieveFriendsJSON.java:98)
	at sun.reflect.NativeMethodAccessorImpl.invoke0(Native Method)
	at sun.reflect.NativeMethodAccessorImpl.invoke(NativeMethodAccessorImpl.java:57)
	at sun.reflect.DelegatingMethodAccessorImpl.invoke(DelegatingMethodAccessorImpl.java:43)
	at java.lang.reflect.Method.invoke(Method.java:606)
	at org.eclipse.jdt.internal.jarinjarloader.JarRsrcLoader.main(JarRsrcLoader.java:58)
401:Authentication credentials (https://dev.twitter.com/pages/auth) were missing or incorrect. Ensure that you have set valid consumer key/secret, access token/secret, and the system clock is in sync.
{"request":"\/1.1\/friends\/ids.json?user_id=27218205&cursor=-1&include_entities=true","error":"Not authorized."}

Relevant discussions can be found on the Internet at:
	http://www.google.co.jp/search?q=a0c96a69 or
	http://www.google.co.jp/search?q=1935c143
TwitterException{exceptionCode=[a0c96a69-1935c143], statusCode=401, message=null, code=-1, retryAfter=-1, rateLimitStatus=RateLimitStatusJSONImpl{remaining=9, limit=15, resetTimeInSeconds=1399098725, secondsUntilReset=599}, version=4.0.1}
	at twitter4j.HttpClientImpl.handleRequest(HttpClientImpl.java:164)
	at twitter4j.HttpClientBase.request(HttpClientBase.java:53)
	at twitter4j.HttpClientBase.get(HttpClientBase.java:71)
	at twitter4j.TwitterImpl.get(TwitterImpl.java:1950)
	at twitter4j.TwitterImpl.getFriendsIDs(TwitterImpl.java:395)
	at retrieval.RetrieveFriendsJSON.main(RetrieveFriendsJSON.java:98)
	at sun.reflect.NativeMethodAccessorImpl.invoke0(Native Method)
	at sun.reflect.NativeMethodAccessorImpl.invoke(NativeMethodAccessorImpl.java:57)
	at sun.reflect.DelegatingMethodAccessorImpl.invoke(DelegatingMethodAccessorImpl.java:43)
	at java.lang.reflect.Method.invoke(Method.java:606)
	at org.eclipse.jdt.internal.jarinjarloader.JarRsrcLoader.main(JarRsrcLoader.java:58)
401:Authentication credentials (https://dev.twitter.com/pages/auth) were missing or incorrect. Ensure that you have set valid consumer key/secret, access token/secret, and the system clock is in sync.
{"request":"\/1.1\/friends\/ids.json?user_id=2472681853&cursor=-1&include_entities=true","error":"Not authorized."}

Relevant discussions can be found on the Internet at:
	http://www.google.co.jp/search?q=a0c96a69 or
	http://www.google.co.jp/search?q=1935c143
TwitterException{exceptionCode=[a0c96a69-1935c143], statusCode=401, message=null, code=-1, retryAfter=-1, rateLimitStatus=RateLimitStatusJSONImpl{remaining=3, limit=15, resetTimeInSeconds=1399098725, secondsUntilReset=239}, version=4.0.1}
	at twitter4j.HttpClientImpl.handleRequest(HttpClientImpl.java:164)
	at twitter4j.HttpClientBase.request(HttpClientBase.java:53)
	at twitter4j.HttpClientBase.get(HttpClientBase.java:71)
	at twitter4j.TwitterImpl.get(TwitterImpl.java:1950)
	at twitter4j.TwitterImpl.getFriendsIDs(TwitterImpl.java:395)
	at retrieval.RetrieveFriendsJSON.main(RetrieveFriendsJSON.java:98)
	at sun.reflect.NativeMethodAccessorImpl.invoke0(Native Method)
	at sun.reflect.NativeMethodAccessorImpl.invoke(NativeMethodAccessorImpl.java:57)
	at sun.reflect.DelegatingMethodAccessorImpl.invoke(DelegatingMethodAccessorImpl.java:43)
	at java.lang.reflect.Method.invoke(Method.java:606)
	at org.eclipse.jdt.internal.jarinjarloader.JarRsrcLoader.main(JarRsrcLoader.java:58)
429:Returned in API v1.1 when a request cannot be served due to the application's rate limit having been exhausted for the resource. See Rate Limiting in API v1.1.(https://dev.twitter.com/docs/rate-limiting/1.1)
message - Rate limit exceeded
code - 88

Relevant discussions can be found on the Internet at:
	http://www.google.co.jp/search?q=a0c96a69 or
	http://www.google.co.jp/search?q=1935c143
TwitterException{exceptionCode=[a0c96a69-1935c143], statusCode=429, message=Rate limit exceeded, code=88, retryAfter=-1, rateLimitStatus=RateLimitStatusJSONImpl{remaining=0, limit=15, resetTimeInSeconds=1399098725, secondsUntilReset=0}, version=4.0.1}
	at twitter4j.HttpClientImpl.handleRequest(HttpClientImpl.java:164)
	at twitter4j.HttpClientBase.request(HttpClientBase.java:53)
	at twitter4j.HttpClientBase.get(HttpClientBase.java:71)
	at twitter4j.TwitterImpl.get(TwitterImpl.java:1950)
	at twitter4j.TwitterImpl.getFriendsIDs(TwitterImpl.java:395)
	at retrieval.RetrieveFriendsJSON.main(RetrieveFriendsJSON.java:98)
	at sun.reflect.NativeMethodAccessorImpl.invoke0(Native Method)
	at sun.reflect.NativeMethodAccessorImpl.invoke(NativeMethodAccessorImpl.java:57)
	at sun.reflect.DelegatingMethodAccessorImpl.invoke(DelegatingMethodAccessorImpl.java:43)
	at java.lang.reflect.Method.invoke(Method.java:606)
	at org.eclipse.jdt.internal.jarinjarloader.JarRsrcLoader.main(JarRsrcLoader.java:58)
429:Returned in API v1.1 when a request cannot be served due to the application's rate limit having been exhausted for the resource. See Rate Limiting in API v1.1.(https://dev.twitter.com/docs/rate-limiting/1.1)
message - Rate limit exceeded
code - 88

Relevant discussions can be found on the Internet at:
	http://www.google.co.jp/search?q=a0c96a69 or
	http://www.google.co.jp/search?q=1935c143
TwitterException{exceptionCode=[a0c96a69-1935c143], statusCode=429, message=Rate limit exceeded, code=88, retryAfter=-1, rateLimitStatus=RateLimitStatusJSONImpl{remaining=0, limit=15, resetTimeInSeconds=1399099685, secondsUntilReset=0}, version=4.0.1}
	at twitter4j.HttpClientImpl.handleRequest(HttpClientImpl.java:164)
	at twitter4j.HttpClientBase.request(HttpClientBase.java:53)
	at twitter4j.HttpClientBase.get(HttpClientBase.java:71)
	at twitter4j.TwitterImpl.get(TwitterImpl.java:1950)
	at twitter4j.TwitterImpl.getFriendsIDs(TwitterImpl.java:395)
	at retrieval.RetrieveFriendsJSON.main(RetrieveFriendsJSON.java:98)
	at sun.reflect.NativeMethodAccessorImpl.invoke0(Native Method)
	at sun.reflect.NativeMethodAccessorImpl.invoke(NativeMethodAccessorImpl.java:57)
	at sun.reflect.DelegatingMethodAccessorImpl.invoke(DelegatingMethodAccessorImpl.java:43)
	at java.lang.reflect.Method.invoke(Method.java:606)
	at org.eclipse.jdt.internal.jarinjarloader.JarRsrcLoader.main(JarRsrcLoader.java:58)
401:Authentication credentials (https://dev.twitter.com/pages/auth) were missing or incorrect. Ensure that you have set valid consumer key/secret, access token/secret, and the system clock is in sync.
{"request":"\/1.1\/friends\/ids.json?user_id=247120670&cursor=-1&include_entities=true","error":"Not authorized."}

Relevant discussions can be found on the Internet at:
	http://www.google.co.jp/search?q=a0c96a69 or
	http://www.google.co.jp/search?q=1935c143
TwitterException{exceptionCode=[a0c96a69-1935c143], statusCode=401, message=null, code=-1, retryAfter=-1, rateLimitStatus=RateLimitStatusJSONImpl{remaining=5, limit=15, resetTimeInSeconds=1399100645, secondsUntilReset=359}, version=4.0.1}
	at twitter4j.HttpClientImpl.handleRequest(HttpClientImpl.java:164)
	at twitter4j.HttpClientBase.request(HttpClientBase.java:53)
	at twitter4j.HttpClientBase.get(HttpClientBase.java:71)
	at twitter4j.TwitterImpl.get(TwitterImpl.java:1950)
	at twitter4j.TwitterImpl.getFriendsIDs(TwitterImpl.java:395)
	at retrieval.RetrieveFriendsJSON.main(RetrieveFriendsJSON.java:98)
	at sun.reflect.NativeMethodAccessorImpl.invoke0(Native Method)
	at sun.reflect.NativeMethodAccessorImpl.invoke(NativeMethodAccessorImpl.java:57)
	at sun.reflect.DelegatingMethodAccessorImpl.invoke(DelegatingMethodAccessorImpl.java:43)
	at java.lang.reflect.Method.invoke(Method.java:606)
	at org.eclipse.jdt.internal.jarinjarloader.JarRsrcLoader.main(JarRsrcLoader.java:58)
429:Returned in API v1.1 when a request cannot be served due to the application's rate limit having been exhausted for the resource. See Rate Limiting in API v1.1.(https://dev.twitter.com/docs/rate-limiting/1.1)
message - Rate limit exceeded
code - 88

Relevant discussions can be found on the Internet at:
	http://www.google.co.jp/search?q=0fd39a69 or
	http://www.google.co.jp/search?q=1aa4245d
TwitterException{exceptionCode=[0fd39a69-1aa4245d], statusCode=429, message=Rate limit exceeded, code=88, retryAfter=-1, rateLimitStatus=RateLimitStatusJSONImpl{remaining=0, limit=15, resetTimeInSeconds=1399101251, secondsUntilReset=3}, version=4.0.1}
	at twitter4j.HttpClientImpl.handleRequest(HttpClientImpl.java:164)
	at twitter4j.HttpClientBase.request(HttpClientBase.java:53)
	at twitter4j.HttpClientBase.get(HttpClientBase.java:71)
	at twitter4j.TwitterImpl.get(TwitterImpl.java:1950)
	at twitter4j.TwitterImpl.getFollowersIDs(TwitterImpl.java:421)
	at retrieval.RetrieveFriendsJSON.main(RetrieveFriendsJSON.java:110)
	at sun.reflect.NativeMethodAccessorImpl.invoke0(Native Method)
	at sun.reflect.NativeMethodAccessorImpl.invoke(NativeMethodAccessorImpl.java:57)
	at sun.reflect.DelegatingMethodAccessorImpl.invoke(DelegatingMethodAccessorImpl.java:43)
	at java.lang.reflect.Method.invoke(Method.java:606)
	at org.eclipse.jdt.internal.jarinjarloader.JarRsrcLoader.main(JarRsrcLoader.java:58)
429:Returned in API v1.1 when a request cannot be served due to the application's rate limit having been exhausted for the resource. See Rate Limiting in API v1.1.(https://dev.twitter.com/docs/rate-limiting/1.1)
message - Rate limit exceeded
code - 88

Relevant discussions can be found on the Internet at:
	http://www.google.co.jp/search?q=a0c96a69 or
	http://www.google.co.jp/search?q=1935c143
TwitterException{exceptionCode=[a0c96a69-1935c143], statusCode=429, message=Rate limit exceeded, code=88, retryAfter=-1, rateLimitStatus=RateLimitStatusJSONImpl{remaining=0, limit=15, resetTimeInSeconds=1399101546, secondsUntilReset=0}, version=4.0.1}
	at twitter4j.HttpClientImpl.handleRequest(HttpClientImpl.java:164)
	at twitter4j.HttpClientBase.request(HttpClientBase.java:53)
	at twitter4j.HttpClientBase.get(HttpClientBase.java:71)
	at twitter4j.TwitterImpl.get(TwitterImpl.java:1950)
	at twitter4j.TwitterImpl.getFriendsIDs(TwitterImpl.java:395)
	at retrieval.RetrieveFriendsJSON.main(RetrieveFriendsJSON.java:98)
	at sun.reflect.NativeMethodAccessorImpl.invoke0(Native Method)
	at sun.reflect.NativeMethodAccessorImpl.invoke(NativeMethodAccessorImpl.java:57)
	at sun.reflect.DelegatingMethodAccessorImpl.invoke(DelegatingMethodAccessorImpl.java:43)
	at java.lang.reflect.Method.invoke(Method.java:606)
	at org.eclipse.jdt.internal.jarinjarloader.JarRsrcLoader.main(JarRsrcLoader.java:58)
401:Authentication credentials (https://dev.twitter.com/pages/auth) were missing or incorrect. Ensure that you have set valid consumer key/secret, access token/secret, and the system clock is in sync.
{"request":"\/1.1\/friends\/ids.json?user_id=2472667729&cursor=-1&include_entities=true","error":"Not authorized."}

Relevant discussions can be found on the Internet at:
	http://www.google.co.jp/search?q=a0c96a69 or
	http://www.google.co.jp/search?q=1935c143
TwitterException{exceptionCode=[a0c96a69-1935c143], statusCode=401, message=null, code=-1, retryAfter=-1, rateLimitStatus=RateLimitStatusJSONImpl{remaining=1, limit=15, resetTimeInSeconds=1399102506, secondsUntilReset=120}, version=4.0.1}
	at twitter4j.HttpClientImpl.handleRequest(HttpClientImpl.java:164)
	at twitter4j.HttpClientBase.request(HttpClientBase.java:53)
	at twitter4j.HttpClientBase.get(HttpClientBase.java:71)
	at twitter4j.TwitterImpl.get(TwitterImpl.java:1950)
	at twitter4j.TwitterImpl.getFriendsIDs(TwitterImpl.java:395)
	at retrieval.RetrieveFriendsJSON.main(RetrieveFriendsJSON.java:98)
	at sun.reflect.NativeMethodAccessorImpl.invoke0(Native Method)
	at sun.reflect.NativeMethodAccessorImpl.invoke(NativeMethodAccessorImpl.java:57)
	at sun.reflect.DelegatingMethodAccessorImpl.invoke(DelegatingMethodAccessorImpl.java:43)
	at java.lang.reflect.Method.invoke(Method.java:606)
	at org.eclipse.jdt.internal.jarinjarloader.JarRsrcLoader.main(JarRsrcLoader.java:58)
429:Returned in API v1.1 when a request cannot be served due to the application's rate limit having been exhausted for the resource. See Rate Limiting in API v1.1.(https://dev.twitter.com/docs/rate-limiting/1.1)
message - Rate limit exceeded
code - 88

Relevant discussions can be found on the Internet at:
	http://www.google.co.jp/search?q=a0c96a69 or
	http://www.google.co.jp/search?q=1935c143
TwitterException{exceptionCode=[a0c96a69-1935c143], statusCode=429, message=Rate limit exceeded, code=88, retryAfter=-1, rateLimitStatus=RateLimitStatusJSONImpl{remaining=0, limit=15, resetTimeInSeconds=1399102506, secondsUntilReset=0}, version=4.0.1}
	at twitter4j.HttpClientImpl.handleRequest(HttpClientImpl.java:164)
	at twitter4j.HttpClientBase.request(HttpClientBase.java:53)
	at twitter4j.HttpClientBase.get(HttpClientBase.java:71)
	at twitter4j.TwitterImpl.get(TwitterImpl.java:1950)
	at twitter4j.TwitterImpl.getFriendsIDs(TwitterImpl.java:395)
	at retrieval.RetrieveFriendsJSON.main(RetrieveFriendsJSON.java:98)
	at sun.reflect.NativeMethodAccessorImpl.invoke0(Native Method)
	at sun.reflect.NativeMethodAccessorImpl.invoke(NativeMethodAccessorImpl.java:57)
	at sun.reflect.DelegatingMethodAccessorImpl.invoke(DelegatingMethodAccessorImpl.java:43)
	at java.lang.reflect.Method.invoke(Method.java:606)
	at org.eclipse.jdt.internal.jarinjarloader.JarRsrcLoader.main(JarRsrcLoader.java:58)
401:Authentication credentials (https://dev.twitter.com/pages/auth) were missing or incorrect. Ensure that you have set valid consumer key/secret, access token/secret, and the system clock is in sync.
{"request":"\/1.1\/friends\/ids.json?user_id=2472664399&cursor=-1&include_entities=true","error":"Not authorized."}

Relevant discussions can be found on the Internet at:
	http://www.google.co.jp/search?q=a0c96a69 or
	http://www.google.co.jp/search?q=1935c143
TwitterException{exceptionCode=[a0c96a69-1935c143], statusCode=401, message=null, code=-1, retryAfter=-1, rateLimitStatus=RateLimitStatusJSONImpl{remaining=12, limit=15, resetTimeInSeconds=1399103466, secondsUntilReset=780}, version=4.0.1}
	at twitter4j.HttpClientImpl.handleRequest(HttpClientImpl.java:164)
	at twitter4j.HttpClientBase.request(HttpClientBase.java:53)
	at twitter4j.HttpClientBase.get(HttpClientBase.java:71)
	at twitter4j.TwitterImpl.get(TwitterImpl.java:1950)
	at twitter4j.TwitterImpl.getFriendsIDs(TwitterImpl.java:395)
	at retrieval.RetrieveFriendsJSON.main(RetrieveFriendsJSON.java:98)
	at sun.reflect.NativeMethodAccessorImpl.invoke0(Native Method)
	at sun.reflect.NativeMethodAccessorImpl.invoke(NativeMethodAccessorImpl.java:57)
	at sun.reflect.DelegatingMethodAccessorImpl.invoke(DelegatingMethodAccessorImpl.java:43)
	at java.lang.reflect.Method.invoke(Method.java:606)
	at org.eclipse.jdt.internal.jarinjarloader.JarRsrcLoader.main(JarRsrcLoader.java:58)
401:Authentication credentials (https://dev.twitter.com/pages/auth) were missing or incorrect. Ensure that you have set valid consumer key/secret, access token/secret, and the system clock is in sync.
{"request":"\/1.1\/friends\/ids.json?user_id=602848474&cursor=-1&include_entities=true","error":"Not authorized."}

Relevant discussions can be found on the Internet at:
	http://www.google.co.jp/search?q=a0c96a69 or
	http://www.google.co.jp/search?q=1935c143
TwitterException{exceptionCode=[a0c96a69-1935c143], statusCode=401, message=null, code=-1, retryAfter=-1, rateLimitStatus=RateLimitStatusJSONImpl{remaining=10, limit=15, resetTimeInSeconds=1399103466, secondsUntilReset=658}, version=4.0.1}
	at twitter4j.HttpClientImpl.handleRequest(HttpClientImpl.java:164)
	at twitter4j.HttpClientBase.request(HttpClientBase.java:53)
	at twitter4j.HttpClientBase.get(HttpClientBase.java:71)
	at twitter4j.TwitterImpl.get(TwitterImpl.java:1950)
	at twitter4j.TwitterImpl.getFriendsIDs(TwitterImpl.java:395)
	at retrieval.RetrieveFriendsJSON.main(RetrieveFriendsJSON.java:98)
	at sun.reflect.NativeMethodAccessorImpl.invoke0(Native Method)
	at sun.reflect.NativeMethodAccessorImpl.invoke(NativeMethodAccessorImpl.java:57)
	at sun.reflect.DelegatingMethodAccessorImpl.invoke(DelegatingMethodAccessorImpl.java:43)
	at java.lang.reflect.Method.invoke(Method.java:606)
	at org.eclipse.jdt.internal.jarinjarloader.JarRsrcLoader.main(JarRsrcLoader.java:58)
429:Returned in API v1.1 when a request cannot be served due to the application's rate limit having been exhausted for the resource. See Rate Limiting in API v1.1.(https://dev.twitter.com/docs/rate-limiting/1.1)
message - Rate limit exceeded
code - 88

Relevant discussions can be found on the Internet at:
	http://www.google.co.jp/search?q=0fd39a69 or
	http://www.google.co.jp/search?q=1aa4245d
TwitterException{exceptionCode=[0fd39a69-1aa4245d], statusCode=429, message=Rate limit exceeded, code=88, retryAfter=-1, rateLimitStatus=RateLimitStatusJSONImpl{remaining=0, limit=15, resetTimeInSeconds=1399104009, secondsUntilReset=1}, version=4.0.1}
	at twitter4j.HttpClientImpl.handleRequest(HttpClientImpl.java:164)
	at twitter4j.HttpClientBase.request(HttpClientBase.java:53)
	at twitter4j.HttpClientBase.get(HttpClientBase.java:71)
	at twitter4j.TwitterImpl.get(TwitterImpl.java:1950)
	at twitter4j.TwitterImpl.getFollowersIDs(TwitterImpl.java:421)
	at retrieval.RetrieveFriendsJSON.main(RetrieveFriendsJSON.java:110)
	at sun.reflect.NativeMethodAccessorImpl.invoke0(Native Method)
	at sun.reflect.NativeMethodAccessorImpl.invoke(NativeMethodAccessorImpl.java:57)
	at sun.reflect.DelegatingMethodAccessorImpl.invoke(DelegatingMethodAccessorImpl.java:43)
	at java.lang.reflect.Method.invoke(Method.java:606)
	at org.eclipse.jdt.internal.jarinjarloader.JarRsrcLoader.main(JarRsrcLoader.java:58)
429:Returned in API v1.1 when a request cannot be served due to the application's rate limit having been exhausted for the resource. See Rate Limiting in API v1.1.(https://dev.twitter.com/docs/rate-limiting/1.1)
message - Rate limit exceeded
code - 88

Relevant discussions can be found on the Internet at:
	http://www.google.co.jp/search?q=a0c96a69 or
	http://www.google.co.jp/search?q=1935c143
TwitterException{exceptionCode=[a0c96a69-1935c143], statusCode=429, message=Rate limit exceeded, code=88, retryAfter=-1, rateLimitStatus=RateLimitStatusJSONImpl{remaining=0, limit=15, resetTimeInSeconds=1399104366, secondsUntilReset=0}, version=4.0.1}
	at twitter4j.HttpClientImpl.handleRequest(HttpClientImpl.java:164)
	at twitter4j.HttpClientBase.request(HttpClientBase.java:53)
	at twitter4j.HttpClientBase.get(HttpClientBase.java:71)
	at twitter4j.TwitterImpl.get(TwitterImpl.java:1950)
	at twitter4j.TwitterImpl.getFriendsIDs(TwitterImpl.java:395)
	at retrieval.RetrieveFriendsJSON.main(RetrieveFriendsJSON.java:98)
	at sun.reflect.NativeMethodAccessorImpl.invoke0(Native Method)
	at sun.reflect.NativeMethodAccessorImpl.invoke(NativeMethodAccessorImpl.java:57)
	at sun.reflect.DelegatingMethodAccessorImpl.invoke(DelegatingMethodAccessorImpl.java:43)
	at java.lang.reflect.Method.invoke(Method.java:606)
	at org.eclipse.jdt.internal.jarinjarloader.JarRsrcLoader.main(JarRsrcLoader.java:58)
401:Authentication credentials (https://dev.twitter.com/pages/auth) were missing or incorrect. Ensure that you have set valid consumer key/secret, access token/secret, and the system clock is in sync.
{"request":"\/1.1\/friends\/ids.json?user_id=289062085&cursor=-1&include_entities=true","error":"Not authorized."}

Relevant discussions can be found on the Internet at:
	http://www.google.co.jp/search?q=a0c96a69 or
	http://www.google.co.jp/search?q=1935c143
TwitterException{exceptionCode=[a0c96a69-1935c143], statusCode=401, message=null, code=-1, retryAfter=-1, rateLimitStatus=RateLimitStatusJSONImpl{remaining=5, limit=15, resetTimeInSeconds=1399105325, secondsUntilReset=359}, version=4.0.1}
	at twitter4j.HttpClientImpl.handleRequest(HttpClientImpl.java:164)
	at twitter4j.HttpClientBase.request(HttpClientBase.java:53)
	at twitter4j.HttpClientBase.get(HttpClientBase.java:71)
	at twitter4j.TwitterImpl.get(TwitterImpl.java:1950)
	at twitter4j.TwitterImpl.getFriendsIDs(TwitterImpl.java:395)
	at retrieval.RetrieveFriendsJSON.main(RetrieveFriendsJSON.java:98)
	at sun.reflect.NativeMethodAccessorImpl.invoke0(Native Method)
	at sun.reflect.NativeMethodAccessorImpl.invoke(NativeMethodAccessorImpl.java:57)
	at sun.reflect.DelegatingMethodAccessorImpl.invoke(DelegatingMethodAccessorImpl.java:43)
	at java.lang.reflect.Method.invoke(Method.java:606)
	at org.eclipse.jdt.internal.jarinjarloader.JarRsrcLoader.main(JarRsrcLoader.java:58)
429:Returned in API v1.1 when a request cannot be served due to the application's rate limit having been exhausted for the resource. See Rate Limiting in API v1.1.(https://dev.twitter.com/docs/rate-limiting/1.1)
message - Rate limit exceeded
code - 88

Relevant discussions can be found on the Internet at:
	http://www.google.co.jp/search?q=0fd39a69 or
	http://www.google.co.jp/search?q=1aa4245d
TwitterException{exceptionCode=[0fd39a69-1aa4245d], statusCode=429, message=Rate limit exceeded, code=88, retryAfter=-1, rateLimitStatus=RateLimitStatusJSONImpl{remaining=0, limit=15, resetTimeInSeconds=1399105927, secondsUntilReset=1}, version=4.0.1}
	at twitter4j.HttpClientImpl.handleRequest(HttpClientImpl.java:164)
	at twitter4j.HttpClientBase.request(HttpClientBase.java:53)
	at twitter4j.HttpClientBase.get(HttpClientBase.java:71)
	at twitter4j.TwitterImpl.get(TwitterImpl.java:1950)
	at twitter4j.TwitterImpl.getFollowersIDs(TwitterImpl.java:421)
	at retrieval.RetrieveFriendsJSON.main(RetrieveFriendsJSON.java:110)
	at sun.reflect.NativeMethodAccessorImpl.invoke0(Native Method)
	at sun.reflect.NativeMethodAccessorImpl.invoke(NativeMethodAccessorImpl.java:57)
	at sun.reflect.DelegatingMethodAccessorImpl.invoke(DelegatingMethodAccessorImpl.java:43)
	at java.lang.reflect.Method.invoke(Method.java:606)
	at org.eclipse.jdt.internal.jarinjarloader.JarRsrcLoader.main(JarRsrcLoader.java:58)
401:Authentication credentials (https://dev.twitter.com/pages/auth) were missing or incorrect. Ensure that you have set valid consumer key/secret, access token/secret, and the system clock is in sync.
{"request":"\/1.1\/friends\/ids.json?user_id=2275610101&cursor=-1&include_entities=true","error":"Not authorized."}

Relevant discussions can be found on the Internet at:
	http://www.google.co.jp/search?q=a0c96a69 or
	http://www.google.co.jp/search?q=1935c143
TwitterException{exceptionCode=[a0c96a69-1935c143], statusCode=401, message=null, code=-1, retryAfter=-1, rateLimitStatus=RateLimitStatusJSONImpl{remaining=2, limit=15, resetTimeInSeconds=1399106226, secondsUntilReset=180}, version=4.0.1}
	at twitter4j.HttpClientImpl.handleRequest(HttpClientImpl.java:164)
	at twitter4j.HttpClientBase.request(HttpClientBase.java:53)
	at twitter4j.HttpClientBase.get(HttpClientBase.java:71)
	at twitter4j.TwitterImpl.get(TwitterImpl.java:1950)
	at twitter4j.TwitterImpl.getFriendsIDs(TwitterImpl.java:395)
	at retrieval.RetrieveFriendsJSON.main(RetrieveFriendsJSON.java:98)
	at sun.reflect.NativeMethodAccessorImpl.invoke0(Native Method)
	at sun.reflect.NativeMethodAccessorImpl.invoke(NativeMethodAccessorImpl.java:57)
	at sun.reflect.DelegatingMethodAccessorImpl.invoke(DelegatingMethodAccessorImpl.java:43)
	at java.lang.reflect.Method.invoke(Method.java:606)
	at org.eclipse.jdt.internal.jarinjarloader.JarRsrcLoader.main(JarRsrcLoader.java:58)
429:Returned in API v1.1 when a request cannot be served due to the application's rate limit having been exhausted for the resource. See Rate Limiting in API v1.1.(https://dev.twitter.com/docs/rate-limiting/1.1)
message - Rate limit exceeded
code - 88

Relevant discussions can be found on the Internet at:
	http://www.google.co.jp/search?q=a0c96a69 or
	http://www.google.co.jp/search?q=1935c143
TwitterException{exceptionCode=[a0c96a69-1935c143], statusCode=429, message=Rate limit exceeded, code=88, retryAfter=-1, rateLimitStatus=RateLimitStatusJSONImpl{remaining=0, limit=15, resetTimeInSeconds=1399106226, secondsUntilReset=0}, version=4.0.1}
	at twitter4j.HttpClientImpl.handleRequest(HttpClientImpl.java:164)
	at twitter4j.HttpClientBase.request(HttpClientBase.java:53)
	at twitter4j.HttpClientBase.get(HttpClientBase.java:71)
	at twitter4j.TwitterImpl.get(TwitterImpl.java:1950)
	at twitter4j.TwitterImpl.getFriendsIDs(TwitterImpl.java:395)
	at retrieval.RetrieveFriendsJSON.main(RetrieveFriendsJSON.java:98)
	at sun.reflect.NativeMethodAccessorImpl.invoke0(Native Method)
	at sun.reflect.NativeMethodAccessorImpl.invoke(NativeMethodAccessorImpl.java:57)
	at sun.reflect.DelegatingMethodAccessorImpl.invoke(DelegatingMethodAccessorImpl.java:43)
	at java.lang.reflect.Method.invoke(Method.java:606)
	at org.eclipse.jdt.internal.jarinjarloader.JarRsrcLoader.main(JarRsrcLoader.java:58)
401:Authentication credentials (https://dev.twitter.com/pages/auth) were missing or incorrect. Ensure that you have set valid consumer key/secret, access token/secret, and the system clock is in sync.
{"request":"\/1.1\/friends\/ids.json?user_id=2472651752&cursor=-1&include_entities=true","error":"Not authorized."}

Relevant discussions can be found on the Internet at:
	http://www.google.co.jp/search?q=a0c96a69 or
	http://www.google.co.jp/search?q=1935c143
TwitterException{exceptionCode=[a0c96a69-1935c143], statusCode=401, message=null, code=-1, retryAfter=-1, rateLimitStatus=RateLimitStatusJSONImpl{remaining=12, limit=15, resetTimeInSeconds=1399107185, secondsUntilReset=778}, version=4.0.1}
	at twitter4j.HttpClientImpl.handleRequest(HttpClientImpl.java:164)
	at twitter4j.HttpClientBase.request(HttpClientBase.java:53)
	at twitter4j.HttpClientBase.get(HttpClientBase.java:71)
	at twitter4j.TwitterImpl.get(TwitterImpl.java:1950)
	at twitter4j.TwitterImpl.getFriendsIDs(TwitterImpl.java:395)
	at retrieval.RetrieveFriendsJSON.main(RetrieveFriendsJSON.java:98)
	at sun.reflect.NativeMethodAccessorImpl.invoke0(Native Method)
	at sun.reflect.NativeMethodAccessorImpl.invoke(NativeMethodAccessorImpl.java:57)
	at sun.reflect.DelegatingMethodAccessorImpl.invoke(DelegatingMethodAccessorImpl.java:43)
	at java.lang.reflect.Method.invoke(Method.java:606)
	at org.eclipse.jdt.internal.jarinjarloader.JarRsrcLoader.main(JarRsrcLoader.java:58)
429:Returned in API v1.1 when a request cannot be served due to the application's rate limit having been exhausted for the resource. See Rate Limiting in API v1.1.(https://dev.twitter.com/docs/rate-limiting/1.1)
message - Rate limit exceeded
code - 88

Relevant discussions can be found on the Internet at:
	http://www.google.co.jp/search?q=0fd39a69 or
	http://www.google.co.jp/search?q=1aa4245d
TwitterException{exceptionCode=[0fd39a69-1aa4245d], statusCode=429, message=Rate limit exceeded, code=88, retryAfter=-1, rateLimitStatus=RateLimitStatusJSONImpl{remaining=0, limit=15, resetTimeInSeconds=1399107786, secondsUntilReset=0}, version=4.0.1}
	at twitter4j.HttpClientImpl.handleRequest(HttpClientImpl.java:164)
	at twitter4j.HttpClientBase.request(HttpClientBase.java:53)
	at twitter4j.HttpClientBase.get(HttpClientBase.java:71)
	at twitter4j.TwitterImpl.get(TwitterImpl.java:1950)
	at twitter4j.TwitterImpl.getFollowersIDs(TwitterImpl.java:421)
	at retrieval.RetrieveFriendsJSON.main(RetrieveFriendsJSON.java:110)
	at sun.reflect.NativeMethodAccessorImpl.invoke0(Native Method)
	at sun.reflect.NativeMethodAccessorImpl.invoke(NativeMethodAccessorImpl.java:57)
	at sun.reflect.DelegatingMethodAccessorImpl.invoke(DelegatingMethodAccessorImpl.java:43)
	at java.lang.reflect.Method.invoke(Method.java:606)
	at org.eclipse.jdt.internal.jarinjarloader.JarRsrcLoader.main(JarRsrcLoader.java:58)
401:Authentication credentials (https://dev.twitter.com/pages/auth) were missing or incorrect. Ensure that you have set valid consumer key/secret, access token/secret, and the system clock is in sync.
{"request":"\/1.1\/friends\/ids.json?user_id=2472634964&cursor=-1&include_entities=true","error":"Not authorized."}

Relevant discussions can be found on the Internet at:
	http://www.google.co.jp/search?q=a0c96a69 or
	http://www.google.co.jp/search?q=1935c143
TwitterException{exceptionCode=[a0c96a69-1935c143], statusCode=401, message=null, code=-1, retryAfter=-1, rateLimitStatus=RateLimitStatusJSONImpl{remaining=0, limit=15, resetTimeInSeconds=1399108086, secondsUntilReset=60}, version=4.0.1}
	at twitter4j.HttpClientImpl.handleRequest(HttpClientImpl.java:164)
	at twitter4j.HttpClientBase.request(HttpClientBase.java:53)
	at twitter4j.HttpClientBase.get(HttpClientBase.java:71)
	at twitter4j.TwitterImpl.get(TwitterImpl.java:1950)
	at twitter4j.TwitterImpl.getFriendsIDs(TwitterImpl.java:395)
	at retrieval.RetrieveFriendsJSON.main(RetrieveFriendsJSON.java:98)
	at sun.reflect.NativeMethodAccessorImpl.invoke0(Native Method)
	at sun.reflect.NativeMethodAccessorImpl.invoke(NativeMethodAccessorImpl.java:57)
	at sun.reflect.DelegatingMethodAccessorImpl.invoke(DelegatingMethodAccessorImpl.java:43)
	at java.lang.reflect.Method.invoke(Method.java:606)
	at org.eclipse.jdt.internal.jarinjarloader.JarRsrcLoader.main(JarRsrcLoader.java:58)
429:Returned in API v1.1 when a request cannot be served due to the application's rate limit having been exhausted for the resource. See Rate Limiting in API v1.1.(https://dev.twitter.com/docs/rate-limiting/1.1)
message - Rate limit exceeded
code - 88

Relevant discussions can be found on the Internet at:
	http://www.google.co.jp/search?q=a0c96a69 or
	http://www.google.co.jp/search?q=1935c143
TwitterException{exceptionCode=[a0c96a69-1935c143], statusCode=429, message=Rate limit exceeded, code=88, retryAfter=-1, rateLimitStatus=RateLimitStatusJSONImpl{remaining=0, limit=15, resetTimeInSeconds=1399108086, secondsUntilReset=0}, version=4.0.1}
	at twitter4j.HttpClientImpl.handleRequest(HttpClientImpl.java:164)
	at twitter4j.HttpClientBase.request(HttpClientBase.java:53)
	at twitter4j.HttpClientBase.get(HttpClientBase.java:71)
	at twitter4j.TwitterImpl.get(TwitterImpl.java:1950)
	at twitter4j.TwitterImpl.getFriendsIDs(TwitterImpl.java:395)
	at retrieval.RetrieveFriendsJSON.main(RetrieveFriendsJSON.java:98)
	at sun.reflect.NativeMethodAccessorImpl.invoke0(Native Method)
	at sun.reflect.NativeMethodAccessorImpl.invoke(NativeMethodAccessorImpl.java:57)
	at sun.reflect.DelegatingMethodAccessorImpl.invoke(DelegatingMethodAccessorImpl.java:43)
	at java.lang.reflect.Method.invoke(Method.java:606)
	at org.eclipse.jdt.internal.jarinjarloader.JarRsrcLoader.main(JarRsrcLoader.java:58)
401:Authentication credentials (https://dev.twitter.com/pages/auth) were missing or incorrect. Ensure that you have set valid consumer key/secret, access token/secret, and the system clock is in sync.
{"request":"\/1.1\/friends\/ids.json?user_id=2472650329&cursor=-1&include_entities=true","error":"Not authorized."}

Relevant discussions can be found on the Internet at:
	http://www.google.co.jp/search?q=a0c96a69 or
	http://www.google.co.jp/search?q=1935c143
TwitterException{exceptionCode=[a0c96a69-1935c143], statusCode=401, message=null, code=-1, retryAfter=-1, rateLimitStatus=RateLimitStatusJSONImpl{remaining=6, limit=15, resetTimeInSeconds=1399109045, secondsUntilReset=419}, version=4.0.1}
	at twitter4j.HttpClientImpl.handleRequest(HttpClientImpl.java:164)
	at twitter4j.HttpClientBase.request(HttpClientBase.java:53)
	at twitter4j.HttpClientBase.get(HttpClientBase.java:71)
	at twitter4j.TwitterImpl.get(TwitterImpl.java:1950)
	at twitter4j.TwitterImpl.getFriendsIDs(TwitterImpl.java:395)
	at retrieval.RetrieveFriendsJSON.main(RetrieveFriendsJSON.java:98)
	at sun.reflect.NativeMethodAccessorImpl.invoke0(Native Method)
	at sun.reflect.NativeMethodAccessorImpl.invoke(NativeMethodAccessorImpl.java:57)
	at sun.reflect.DelegatingMethodAccessorImpl.invoke(DelegatingMethodAccessorImpl.java:43)
	at java.lang.reflect.Method.invoke(Method.java:606)
	at org.eclipse.jdt.internal.jarinjarloader.JarRsrcLoader.main(JarRsrcLoader.java:58)
401:Authentication credentials (https://dev.twitter.com/pages/auth) were missing or incorrect. Ensure that you have set valid consumer key/secret, access token/secret, and the system clock is in sync.
{"request":"\/1.1\/friends\/ids.json?user_id=2472647107&cursor=-1&include_entities=true","error":"Not authorized."}

Relevant discussions can be found on the Internet at:
	http://www.google.co.jp/search?q=a0c96a69 or
	http://www.google.co.jp/search?q=1935c143
TwitterException{exceptionCode=[a0c96a69-1935c143], statusCode=401, message=null, code=-1, retryAfter=-1, rateLimitStatus=RateLimitStatusJSONImpl{remaining=0, limit=15, resetTimeInSeconds=1399109045, secondsUntilReset=58}, version=4.0.1}
	at twitter4j.HttpClientImpl.handleRequest(HttpClientImpl.java:164)
	at twitter4j.HttpClientBase.request(HttpClientBase.java:53)
	at twitter4j.HttpClientBase.get(HttpClientBase.java:71)
	at twitter4j.TwitterImpl.get(TwitterImpl.java:1950)
	at twitter4j.TwitterImpl.getFriendsIDs(TwitterImpl.java:395)
	at retrieval.RetrieveFriendsJSON.main(RetrieveFriendsJSON.java:98)
	at sun.reflect.NativeMethodAccessorImpl.invoke0(Native Method)
	at sun.reflect.NativeMethodAccessorImpl.invoke(NativeMethodAccessorImpl.java:57)
	at sun.reflect.DelegatingMethodAccessorImpl.invoke(DelegatingMethodAccessorImpl.java:43)
	at java.lang.reflect.Method.invoke(Method.java:606)
	at org.eclipse.jdt.internal.jarinjarloader.JarRsrcLoader.main(JarRsrcLoader.java:58)
401:Authentication credentials (https://dev.twitter.com/pages/auth) were missing or incorrect. Ensure that you have set valid consumer key/secret, access token/secret, and the system clock is in sync.
{"request":"\/1.1\/friends\/ids.json?user_id=101804447&cursor=-1&include_entities=true","error":"Not authorized."}

Relevant discussions can be found on the Internet at:
	http://www.google.co.jp/search?q=a0c96a69 or
	http://www.google.co.jp/search?q=1935c143
TwitterException{exceptionCode=[a0c96a69-1935c143], statusCode=401, message=null, code=-1, retryAfter=-1, rateLimitStatus=RateLimitStatusJSONImpl{remaining=12, limit=15, resetTimeInSeconds=1399109945, secondsUntilReset=779}, version=4.0.1}
	at twitter4j.HttpClientImpl.handleRequest(HttpClientImpl.java:164)
	at twitter4j.HttpClientBase.request(HttpClientBase.java:53)
	at twitter4j.HttpClientBase.get(HttpClientBase.java:71)
	at twitter4j.TwitterImpl.get(TwitterImpl.java:1950)
	at twitter4j.TwitterImpl.getFriendsIDs(TwitterImpl.java:395)
	at retrieval.RetrieveFriendsJSON.main(RetrieveFriendsJSON.java:98)
	at sun.reflect.NativeMethodAccessorImpl.invoke0(Native Method)
	at sun.reflect.NativeMethodAccessorImpl.invoke(NativeMethodAccessorImpl.java:57)
	at sun.reflect.DelegatingMethodAccessorImpl.invoke(DelegatingMethodAccessorImpl.java:43)
	at java.lang.reflect.Method.invoke(Method.java:606)
	at org.eclipse.jdt.internal.jarinjarloader.JarRsrcLoader.main(JarRsrcLoader.java:58)
401:Authentication credentials (https://dev.twitter.com/pages/auth) were missing or incorrect. Ensure that you have set valid consumer key/secret, access token/secret, and the system clock is in sync.
{"request":"\/1.1\/friends\/ids.json?user_id=281147963&cursor=-1&include_entities=true","error":"Not authorized."}

Relevant discussions can be found on the Internet at:
	http://www.google.co.jp/search?q=a0c96a69 or
	http://www.google.co.jp/search?q=1935c143
TwitterException{exceptionCode=[a0c96a69-1935c143], statusCode=401, message=null, code=-1, retryAfter=-1, rateLimitStatus=RateLimitStatusJSONImpl{remaining=1, limit=15, resetTimeInSeconds=1399109945, secondsUntilReset=118}, version=4.0.1}
	at twitter4j.HttpClientImpl.handleRequest(HttpClientImpl.java:164)
	at twitter4j.HttpClientBase.request(HttpClientBase.java:53)
	at twitter4j.HttpClientBase.get(HttpClientBase.java:71)
	at twitter4j.TwitterImpl.get(TwitterImpl.java:1950)
	at twitter4j.TwitterImpl.getFriendsIDs(TwitterImpl.java:395)
	at retrieval.RetrieveFriendsJSON.main(RetrieveFriendsJSON.java:98)
	at sun.reflect.NativeMethodAccessorImpl.invoke0(Native Method)
	at sun.reflect.NativeMethodAccessorImpl.invoke(NativeMethodAccessorImpl.java:57)
	at sun.reflect.DelegatingMethodAccessorImpl.invoke(DelegatingMethodAccessorImpl.java:43)
	at java.lang.reflect.Method.invoke(Method.java:606)
	at org.eclipse.jdt.internal.jarinjarloader.JarRsrcLoader.main(JarRsrcLoader.java:58)
429:Returned in API v1.1 when a request cannot be served due to the application's rate limit having been exhausted for the resource. See Rate Limiting in API v1.1.(https://dev.twitter.com/docs/rate-limiting/1.1)
message - Rate limit exceeded
code - 88

Relevant discussions can be found on the Internet at:
	http://www.google.co.jp/search?q=a0c96a69 or
	http://www.google.co.jp/search?q=1935c143
TwitterException{exceptionCode=[a0c96a69-1935c143], statusCode=429, message=Rate limit exceeded, code=88, retryAfter=-1, rateLimitStatus=RateLimitStatusJSONImpl{remaining=0, limit=15, resetTimeInSeconds=1399109945, secondsUntilReset=0}, version=4.0.1}
	at twitter4j.HttpClientImpl.handleRequest(HttpClientImpl.java:164)
	at twitter4j.HttpClientBase.request(HttpClientBase.java:53)
	at twitter4j.HttpClientBase.get(HttpClientBase.java:71)
	at twitter4j.TwitterImpl.get(TwitterImpl.java:1950)
	at twitter4j.TwitterImpl.getFriendsIDs(TwitterImpl.java:395)
	at retrieval.RetrieveFriendsJSON.main(RetrieveFriendsJSON.java:98)
	at sun.reflect.NativeMethodAccessorImpl.invoke0(Native Method)
	at sun.reflect.NativeMethodAccessorImpl.invoke(NativeMethodAccessorImpl.java:57)
	at sun.reflect.DelegatingMethodAccessorImpl.invoke(DelegatingMethodAccessorImpl.java:43)
	at java.lang.reflect.Method.invoke(Method.java:606)
	at org.eclipse.jdt.internal.jarinjarloader.JarRsrcLoader.main(JarRsrcLoader.java:58)
401:Authentication credentials (https://dev.twitter.com/pages/auth) were missing or incorrect. Ensure that you have set valid consumer key/secret, access token/secret, and the system clock is in sync.
{"request":"\/1.1\/friends\/ids.json?user_id=2178013603&cursor=-1&include_entities=true","error":"Not authorized."}

Relevant discussions can be found on the Internet at:
	http://www.google.co.jp/search?q=a0c96a69 or
	http://www.google.co.jp/search?q=1935c143
TwitterException{exceptionCode=[a0c96a69-1935c143], statusCode=401, message=null, code=-1, retryAfter=-1, rateLimitStatus=RateLimitStatusJSONImpl{remaining=2, limit=15, resetTimeInSeconds=1399110906, secondsUntilReset=180}, version=4.0.1}
	at twitter4j.HttpClientImpl.handleRequest(HttpClientImpl.java:164)
	at twitter4j.HttpClientBase.request(HttpClientBase.java:53)
	at twitter4j.HttpClientBase.get(HttpClientBase.java:71)
	at twitter4j.TwitterImpl.get(TwitterImpl.java:1950)
	at twitter4j.TwitterImpl.getFriendsIDs(TwitterImpl.java:395)
	at retrieval.RetrieveFriendsJSON.main(RetrieveFriendsJSON.java:98)
	at sun.reflect.NativeMethodAccessorImpl.invoke0(Native Method)
	at sun.reflect.NativeMethodAccessorImpl.invoke(NativeMethodAccessorImpl.java:57)
	at sun.reflect.DelegatingMethodAccessorImpl.invoke(DelegatingMethodAccessorImpl.java:43)
	at java.lang.reflect.Method.invoke(Method.java:606)
	at org.eclipse.jdt.internal.jarinjarloader.JarRsrcLoader.main(JarRsrcLoader.java:58)
401:Authentication credentials (https://dev.twitter.com/pages/auth) were missing or incorrect. Ensure that you have set valid consumer key/secret, access token/secret, and the system clock is in sync.
{"request":"\/1.1\/friends\/ids.json?user_id=1906482223&cursor=-1&include_entities=true","error":"Not authorized."}

Relevant discussions can be found on the Internet at:
	http://www.google.co.jp/search?q=a0c96a69 or
	http://www.google.co.jp/search?q=1935c143
TwitterException{exceptionCode=[a0c96a69-1935c143], statusCode=401, message=null, code=-1, retryAfter=-1, rateLimitStatus=RateLimitStatusJSONImpl{remaining=3, limit=15, resetTimeInSeconds=1399111806, secondsUntilReset=240}, version=4.0.1}
	at twitter4j.HttpClientImpl.handleRequest(HttpClientImpl.java:164)
	at twitter4j.HttpClientBase.request(HttpClientBase.java:53)
	at twitter4j.HttpClientBase.get(HttpClientBase.java:71)
	at twitter4j.TwitterImpl.get(TwitterImpl.java:1950)
	at twitter4j.TwitterImpl.getFriendsIDs(TwitterImpl.java:395)
	at retrieval.RetrieveFriendsJSON.main(RetrieveFriendsJSON.java:98)
	at sun.reflect.NativeMethodAccessorImpl.invoke0(Native Method)
	at sun.reflect.NativeMethodAccessorImpl.invoke(NativeMethodAccessorImpl.java:57)
	at sun.reflect.DelegatingMethodAccessorImpl.invoke(DelegatingMethodAccessorImpl.java:43)
	at java.lang.reflect.Method.invoke(Method.java:606)
	at org.eclipse.jdt.internal.jarinjarloader.JarRsrcLoader.main(JarRsrcLoader.java:58)
429:Returned in API v1.1 when a request cannot be served due to the application's rate limit having been exhausted for the resource. See Rate Limiting in API v1.1.(https://dev.twitter.com/docs/rate-limiting/1.1)
message - Rate limit exceeded
code - 88

Relevant discussions can be found on the Internet at:
	http://www.google.co.jp/search?q=a0c96a69 or
	http://www.google.co.jp/search?q=1935c143
TwitterException{exceptionCode=[a0c96a69-1935c143], statusCode=429, message=Rate limit exceeded, code=88, retryAfter=-1, rateLimitStatus=RateLimitStatusJSONImpl{remaining=0, limit=15, resetTimeInSeconds=1399111806, secondsUntilReset=0}, version=4.0.1}
	at twitter4j.HttpClientImpl.handleRequest(HttpClientImpl.java:164)
	at twitter4j.HttpClientBase.request(HttpClientBase.java:53)
	at twitter4j.HttpClientBase.get(HttpClientBase.java:71)
	at twitter4j.TwitterImpl.get(TwitterImpl.java:1950)
	at twitter4j.TwitterImpl.getFriendsIDs(TwitterImpl.java:395)
	at retrieval.RetrieveFriendsJSON.main(RetrieveFriendsJSON.java:98)
	at sun.reflect.NativeMethodAccessorImpl.invoke0(Native Method)
	at sun.reflect.NativeMethodAccessorImpl.invoke(NativeMethodAccessorImpl.java:57)
	at sun.reflect.DelegatingMethodAccessorImpl.invoke(DelegatingMethodAccessorImpl.java:43)
	at java.lang.reflect.Method.invoke(Method.java:606)
	at org.eclipse.jdt.internal.jarinjarloader.JarRsrcLoader.main(JarRsrcLoader.java:58)
429:Returned in API v1.1 when a request cannot be served due to the application's rate limit having been exhausted for the resource. See Rate Limiting in API v1.1.(https://dev.twitter.com/docs/rate-limiting/1.1)
message - Rate limit exceeded
code - 88

Relevant discussions can be found on the Internet at:
	http://www.google.co.jp/search?q=0fd39a69 or
	http://www.google.co.jp/search?q=1aa4245d
TwitterException{exceptionCode=[0fd39a69-1aa4245d], statusCode=429, message=Rate limit exceeded, code=88, retryAfter=-1, rateLimitStatus=RateLimitStatusJSONImpl{remaining=0, limit=15, resetTimeInSeconds=1399113426, secondsUntilReset=0}, version=4.0.1}
	at twitter4j.HttpClientImpl.handleRequest(HttpClientImpl.java:164)
	at twitter4j.HttpClientBase.request(HttpClientBase.java:53)
	at twitter4j.HttpClientBase.get(HttpClientBase.java:71)
	at twitter4j.TwitterImpl.get(TwitterImpl.java:1950)
	at twitter4j.TwitterImpl.getFollowersIDs(TwitterImpl.java:421)
	at retrieval.RetrieveFriendsJSON.main(RetrieveFriendsJSON.java:110)
	at sun.reflect.NativeMethodAccessorImpl.invoke0(Native Method)
	at sun.reflect.NativeMethodAccessorImpl.invoke(NativeMethodAccessorImpl.java:57)
	at sun.reflect.DelegatingMethodAccessorImpl.invoke(DelegatingMethodAccessorImpl.java:43)
	at java.lang.reflect.Method.invoke(Method.java:606)
	at org.eclipse.jdt.internal.jarinjarloader.JarRsrcLoader.main(JarRsrcLoader.java:58)
429:Returned in API v1.1 when a request cannot be served due to the application's rate limit having been exhausted for the resource. See Rate Limiting in API v1.1.(https://dev.twitter.com/docs/rate-limiting/1.1)
message - Rate limit exceeded
code - 88

Relevant discussions can be found on the Internet at:
	http://www.google.co.jp/search?q=a0c96a69 or
	http://www.google.co.jp/search?q=1935c143
TwitterException{exceptionCode=[a0c96a69-1935c143], statusCode=429, message=Rate limit exceeded, code=88, retryAfter=-1, rateLimitStatus=RateLimitStatusJSONImpl{remaining=0, limit=15, resetTimeInSeconds=1399113666, secondsUntilReset=0}, version=4.0.1}
	at twitter4j.HttpClientImpl.handleRequest(HttpClientImpl.java:164)
	at twitter4j.HttpClientBase.request(HttpClientBase.java:53)
	at twitter4j.HttpClientBase.get(HttpClientBase.java:71)
	at twitter4j.TwitterImpl.get(TwitterImpl.java:1950)
	at twitter4j.TwitterImpl.getFriendsIDs(TwitterImpl.java:395)
	at retrieval.RetrieveFriendsJSON.main(RetrieveFriendsJSON.java:98)
	at sun.reflect.NativeMethodAccessorImpl.invoke0(Native Method)
	at sun.reflect.NativeMethodAccessorImpl.invoke(NativeMethodAccessorImpl.java:57)
	at sun.reflect.DelegatingMethodAccessorImpl.invoke(DelegatingMethodAccessorImpl.java:43)
	at java.lang.reflect.Method.invoke(Method.java:606)
	at org.eclipse.jdt.internal.jarinjarloader.JarRsrcLoader.main(JarRsrcLoader.java:58)
401:Authentication credentials (https://dev.twitter.com/pages/auth) were missing or incorrect. Ensure that you have set valid consumer key/secret, access token/secret, and the system clock is in sync.
{"request":"\/1.1\/friends\/ids.json?user_id=2472355969&cursor=-1&include_entities=true","error":"Not authorized."}

Relevant discussions can be found on the Internet at:
	http://www.google.co.jp/search?q=a0c96a69 or
	http://www.google.co.jp/search?q=1935c143
TwitterException{exceptionCode=[a0c96a69-1935c143], statusCode=401, message=null, code=-1, retryAfter=-1, rateLimitStatus=RateLimitStatusJSONImpl{remaining=11, limit=15, resetTimeInSeconds=1399114626, secondsUntilReset=718}, version=4.0.1}
	at twitter4j.HttpClientImpl.handleRequest(HttpClientImpl.java:164)
	at twitter4j.HttpClientBase.request(HttpClientBase.java:53)
	at twitter4j.HttpClientBase.get(HttpClientBase.java:71)
	at twitter4j.TwitterImpl.get(TwitterImpl.java:1950)
	at twitter4j.TwitterImpl.getFriendsIDs(TwitterImpl.java:395)
	at retrieval.RetrieveFriendsJSON.main(RetrieveFriendsJSON.java:98)
	at sun.reflect.NativeMethodAccessorImpl.invoke0(Native Method)
	at sun.reflect.NativeMethodAccessorImpl.invoke(NativeMethodAccessorImpl.java:57)
	at sun.reflect.DelegatingMethodAccessorImpl.invoke(DelegatingMethodAccessorImpl.java:43)
	at java.lang.reflect.Method.invoke(Method.java:606)
	at org.eclipse.jdt.internal.jarinjarloader.JarRsrcLoader.main(JarRsrcLoader.java:58)
401:Authentication credentials (https://dev.twitter.com/pages/auth) were missing or incorrect. Ensure that you have set valid consumer key/secret, access token/secret, and the system clock is in sync.
{"request":"\/1.1\/friends\/ids.json?user_id=305506136&cursor=-1&include_entities=true","error":"Not authorized."}

Relevant discussions can be found on the Internet at:
	http://www.google.co.jp/search?q=a0c96a69 or
	http://www.google.co.jp/search?q=1935c143
TwitterException{exceptionCode=[a0c96a69-1935c143], statusCode=401, message=null, code=-1, retryAfter=-1, rateLimitStatus=RateLimitStatusJSONImpl{remaining=6, limit=15, resetTimeInSeconds=1399115526, secondsUntilReset=419}, version=4.0.1}
	at twitter4j.HttpClientImpl.handleRequest(HttpClientImpl.java:164)
	at twitter4j.HttpClientBase.request(HttpClientBase.java:53)
	at twitter4j.HttpClientBase.get(HttpClientBase.java:71)
	at twitter4j.TwitterImpl.get(TwitterImpl.java:1950)
	at twitter4j.TwitterImpl.getFriendsIDs(TwitterImpl.java:395)
	at retrieval.RetrieveFriendsJSON.main(RetrieveFriendsJSON.java:98)
	at sun.reflect.NativeMethodAccessorImpl.invoke0(Native Method)
	at sun.reflect.NativeMethodAccessorImpl.invoke(NativeMethodAccessorImpl.java:57)
	at sun.reflect.DelegatingMethodAccessorImpl.invoke(DelegatingMethodAccessorImpl.java:43)
	at java.lang.reflect.Method.invoke(Method.java:606)
	at org.eclipse.jdt.internal.jarinjarloader.JarRsrcLoader.main(JarRsrcLoader.java:58)
401:Authentication credentials (https://dev.twitter.com/pages/auth) were missing or incorrect. Ensure that you have set valid consumer key/secret, access token/secret, and the system clock is in sync.
{"request":"\/1.1\/friends\/ids.json?user_id=563015449&cursor=-1&include_entities=true","error":"Not authorized."}

Relevant discussions can be found on the Internet at:
	http://www.google.co.jp/search?q=a0c96a69 or
	http://www.google.co.jp/search?q=1935c143
TwitterException{exceptionCode=[a0c96a69-1935c143], statusCode=401, message=null, code=-1, retryAfter=-1, rateLimitStatus=RateLimitStatusJSONImpl{remaining=1, limit=15, resetTimeInSeconds=1399115526, secondsUntilReset=119}, version=4.0.1}
	at twitter4j.HttpClientImpl.handleRequest(HttpClientImpl.java:164)
	at twitter4j.HttpClientBase.request(HttpClientBase.java:53)
	at twitter4j.HttpClientBase.get(HttpClientBase.java:71)
	at twitter4j.TwitterImpl.get(TwitterImpl.java:1950)
	at twitter4j.TwitterImpl.getFriendsIDs(TwitterImpl.java:395)
	at retrieval.RetrieveFriendsJSON.main(RetrieveFriendsJSON.java:98)
	at sun.reflect.NativeMethodAccessorImpl.invoke0(Native Method)
	at sun.reflect.NativeMethodAccessorImpl.invoke(NativeMethodAccessorImpl.java:57)
	at sun.reflect.DelegatingMethodAccessorImpl.invoke(DelegatingMethodAccessorImpl.java:43)
	at java.lang.reflect.Method.invoke(Method.java:606)
	at org.eclipse.jdt.internal.jarinjarloader.JarRsrcLoader.main(JarRsrcLoader.java:58)
401:Authentication credentials (https://dev.twitter.com/pages/auth) were missing or incorrect. Ensure that you have set valid consumer key/secret, access token/secret, and the system clock is in sync.
{"request":"\/1.1\/friends\/ids.json?user_id=591477977&cursor=-1&include_entities=true","error":"Not authorized."}

Relevant discussions can be found on the Internet at:
	http://www.google.co.jp/search?q=a0c96a69 or
	http://www.google.co.jp/search?q=1935c143
TwitterException{exceptionCode=[a0c96a69-1935c143], statusCode=401, message=null, code=-1, retryAfter=-1, rateLimitStatus=RateLimitStatusJSONImpl{remaining=0, limit=15, resetTimeInSeconds=1399115526, secondsUntilReset=59}, version=4.0.1}
	at twitter4j.HttpClientImpl.handleRequest(HttpClientImpl.java:164)
	at twitter4j.HttpClientBase.request(HttpClientBase.java:53)
	at twitter4j.HttpClientBase.get(HttpClientBase.java:71)
	at twitter4j.TwitterImpl.get(TwitterImpl.java:1950)
	at twitter4j.TwitterImpl.getFriendsIDs(TwitterImpl.java:395)
	at retrieval.RetrieveFriendsJSON.main(RetrieveFriendsJSON.java:98)
	at sun.reflect.NativeMethodAccessorImpl.invoke0(Native Method)
	at sun.reflect.NativeMethodAccessorImpl.invoke(NativeMethodAccessorImpl.java:57)
	at sun.reflect.DelegatingMethodAccessorImpl.invoke(DelegatingMethodAccessorImpl.java:43)
	at java.lang.reflect.Method.invoke(Method.java:606)
	at org.eclipse.jdt.internal.jarinjarloader.JarRsrcLoader.main(JarRsrcLoader.java:58)
429:Returned in API v1.1 when a request cannot be served due to the application's rate limit having been exhausted for the resource. See Rate Limiting in API v1.1.(https://dev.twitter.com/docs/rate-limiting/1.1)
message - Rate limit exceeded
code - 88

Relevant discussions can be found on the Internet at:
	http://www.google.co.jp/search?q=a0c96a69 or
	http://www.google.co.jp/search?q=1935c143
TwitterException{exceptionCode=[a0c96a69-1935c143], statusCode=429, message=Rate limit exceeded, code=88, retryAfter=-1, rateLimitStatus=RateLimitStatusJSONImpl{remaining=0, limit=15, resetTimeInSeconds=1399115526, secondsUntilReset=0}, version=4.0.1}
	at twitter4j.HttpClientImpl.handleRequest(HttpClientImpl.java:164)
	at twitter4j.HttpClientBase.request(HttpClientBase.java:53)
	at twitter4j.HttpClientBase.get(HttpClientBase.java:71)
	at twitter4j.TwitterImpl.get(TwitterImpl.java:1950)
	at twitter4j.TwitterImpl.getFriendsIDs(TwitterImpl.java:395)
	at retrieval.RetrieveFriendsJSON.main(RetrieveFriendsJSON.java:98)
	at sun.reflect.NativeMethodAccessorImpl.invoke0(Native Method)
	at sun.reflect.NativeMethodAccessorImpl.invoke(NativeMethodAccessorImpl.java:57)
	at sun.reflect.DelegatingMethodAccessorImpl.invoke(DelegatingMethodAccessorImpl.java:43)
	at java.lang.reflect.Method.invoke(Method.java:606)
	at org.eclipse.jdt.internal.jarinjarloader.JarRsrcLoader.main(JarRsrcLoader.java:58)
429:Returned in API v1.1 when a request cannot be served due to the application's rate limit having been exhausted for the resource. See Rate Limiting in API v1.1.(https://dev.twitter.com/docs/rate-limiting/1.1)
message - Rate limit exceeded
code - 88

Relevant discussions can be found on the Internet at:
	http://www.google.co.jp/search?q=a0c96a69 or
	http://www.google.co.jp/search?q=1935c143
TwitterException{exceptionCode=[a0c96a69-1935c143], statusCode=429, message=Rate limit exceeded, code=88, retryAfter=-1, rateLimitStatus=RateLimitStatusJSONImpl{remaining=0, limit=15, resetTimeInSeconds=1399116485, secondsUntilReset=0}, version=4.0.1}
	at twitter4j.HttpClientImpl.handleRequest(HttpClientImpl.java:164)
	at twitter4j.HttpClientBase.request(HttpClientBase.java:53)
	at twitter4j.HttpClientBase.get(HttpClientBase.java:71)
	at twitter4j.TwitterImpl.get(TwitterImpl.java:1950)
	at twitter4j.TwitterImpl.getFriendsIDs(TwitterImpl.java:395)
	at retrieval.RetrieveFriendsJSON.main(RetrieveFriendsJSON.java:98)
	at sun.reflect.NativeMethodAccessorImpl.invoke0(Native Method)
	at sun.reflect.NativeMethodAccessorImpl.invoke(NativeMethodAccessorImpl.java:57)
	at sun.reflect.DelegatingMethodAccessorImpl.invoke(DelegatingMethodAccessorImpl.java:43)
	at java.lang.reflect.Method.invoke(Method.java:606)
	at org.eclipse.jdt.internal.jarinjarloader.JarRsrcLoader.main(JarRsrcLoader.java:58)
401:Authentication credentials (https://dev.twitter.com/pages/auth) were missing or incorrect. Ensure that you have set valid consumer key/secret, access token/secret, and the system clock is in sync.
{"request":"\/1.1\/friends\/ids.json?user_id=2472597427&cursor=-1&include_entities=true","error":"Not authorized."}

Relevant discussions can be found on the Internet at:
	http://www.google.co.jp/search?q=a0c96a69 or
	http://www.google.co.jp/search?q=1935c143
TwitterException{exceptionCode=[a0c96a69-1935c143], statusCode=401, message=null, code=-1, retryAfter=-1, rateLimitStatus=RateLimitStatusJSONImpl{remaining=5, limit=15, resetTimeInSeconds=1399120145, secondsUntilReset=358}, version=4.0.1}
	at twitter4j.HttpClientImpl.handleRequest(HttpClientImpl.java:164)
	at twitter4j.HttpClientBase.request(HttpClientBase.java:53)
	at twitter4j.HttpClientBase.get(HttpClientBase.java:71)
	at twitter4j.TwitterImpl.get(TwitterImpl.java:1950)
	at twitter4j.TwitterImpl.getFriendsIDs(TwitterImpl.java:395)
	at retrieval.RetrieveFriendsJSON.main(RetrieveFriendsJSON.java:98)
	at sun.reflect.NativeMethodAccessorImpl.invoke0(Native Method)
	at sun.reflect.NativeMethodAccessorImpl.invoke(NativeMethodAccessorImpl.java:57)
	at sun.reflect.DelegatingMethodAccessorImpl.invoke(DelegatingMethodAccessorImpl.java:43)
	at java.lang.reflect.Method.invoke(Method.java:606)
	at org.eclipse.jdt.internal.jarinjarloader.JarRsrcLoader.main(JarRsrcLoader.java:58)
401:Authentication credentials (https://dev.twitter.com/pages/auth) were missing or incorrect. Ensure that you have set valid consumer key/secret, access token/secret, and the system clock is in sync.
{"request":"\/1.1\/friends\/ids.json?user_id=761444587&cursor=-1&include_entities=true","error":"Not authorized."}

Relevant discussions can be found on the Internet at:
	http://www.google.co.jp/search?q=a0c96a69 or
	http://www.google.co.jp/search?q=1935c143
TwitterException{exceptionCode=[a0c96a69-1935c143], statusCode=401, message=null, code=-1, retryAfter=-1, rateLimitStatus=RateLimitStatusJSONImpl{remaining=11, limit=15, resetTimeInSeconds=1399121045, secondsUntilReset=718}, version=4.0.1}
	at twitter4j.HttpClientImpl.handleRequest(HttpClientImpl.java:164)
	at twitter4j.HttpClientBase.request(HttpClientBase.java:53)
	at twitter4j.HttpClientBase.get(HttpClientBase.java:71)
	at twitter4j.TwitterImpl.get(TwitterImpl.java:1950)
	at twitter4j.TwitterImpl.getFriendsIDs(TwitterImpl.java:395)
	at retrieval.RetrieveFriendsJSON.main(RetrieveFriendsJSON.java:98)
	at sun.reflect.NativeMethodAccessorImpl.invoke0(Native Method)
	at sun.reflect.NativeMethodAccessorImpl.invoke(NativeMethodAccessorImpl.java:57)
	at sun.reflect.DelegatingMethodAccessorImpl.invoke(DelegatingMethodAccessorImpl.java:43)
	at java.lang.reflect.Method.invoke(Method.java:606)
	at org.eclipse.jdt.internal.jarinjarloader.JarRsrcLoader.main(JarRsrcLoader.java:58)
401:Authentication credentials (https://dev.twitter.com/pages/auth) were missing or incorrect. Ensure that you have set valid consumer key/secret, access token/secret, and the system clock is in sync.
{"request":"\/1.1\/friends\/ids.json?user_id=298144578&cursor=-1&include_entities=true","error":"Not authorized."}

Relevant discussions can be found on the Internet at:
	http://www.google.co.jp/search?q=a0c96a69 or
	http://www.google.co.jp/search?q=1935c143
TwitterException{exceptionCode=[a0c96a69-1935c143], statusCode=401, message=null, code=-1, retryAfter=-1, rateLimitStatus=RateLimitStatusJSONImpl{remaining=8, limit=15, resetTimeInSeconds=1399121045, secondsUntilReset=538}, version=4.0.1}
	at twitter4j.HttpClientImpl.handleRequest(HttpClientImpl.java:164)
	at twitter4j.HttpClientBase.request(HttpClientBase.java:53)
	at twitter4j.HttpClientBase.get(HttpClientBase.java:71)
	at twitter4j.TwitterImpl.get(TwitterImpl.java:1950)
	at twitter4j.TwitterImpl.getFriendsIDs(TwitterImpl.java:395)
	at retrieval.RetrieveFriendsJSON.main(RetrieveFriendsJSON.java:98)
	at sun.reflect.NativeMethodAccessorImpl.invoke0(Native Method)
	at sun.reflect.NativeMethodAccessorImpl.invoke(NativeMethodAccessorImpl.java:57)
	at sun.reflect.DelegatingMethodAccessorImpl.invoke(DelegatingMethodAccessorImpl.java:43)
	at java.lang.reflect.Method.invoke(Method.java:606)
	at org.eclipse.jdt.internal.jarinjarloader.JarRsrcLoader.main(JarRsrcLoader.java:58)
401:Authentication credentials (https://dev.twitter.com/pages/auth) were missing or incorrect. Ensure that you have set valid consumer key/secret, access token/secret, and the system clock is in sync.
{"request":"\/1.1\/friends\/ids.json?user_id=14753953&cursor=-1&include_entities=true","error":"Not authorized."}

Relevant discussions can be found on the Internet at:
	http://www.google.co.jp/search?q=a0c96a69 or
	http://www.google.co.jp/search?q=1935c143
TwitterException{exceptionCode=[a0c96a69-1935c143], statusCode=401, message=null, code=-1, retryAfter=-1, rateLimitStatus=RateLimitStatusJSONImpl{remaining=6, limit=15, resetTimeInSeconds=1399121045, secondsUntilReset=419}, version=4.0.1}
	at twitter4j.HttpClientImpl.handleRequest(HttpClientImpl.java:164)
	at twitter4j.HttpClientBase.request(HttpClientBase.java:53)
	at twitter4j.HttpClientBase.get(HttpClientBase.java:71)
	at twitter4j.TwitterImpl.get(TwitterImpl.java:1950)
	at twitter4j.TwitterImpl.getFriendsIDs(TwitterImpl.java:395)
	at retrieval.RetrieveFriendsJSON.main(RetrieveFriendsJSON.java:98)
	at sun.reflect.NativeMethodAccessorImpl.invoke0(Native Method)
	at sun.reflect.NativeMethodAccessorImpl.invoke(NativeMethodAccessorImpl.java:57)
	at sun.reflect.DelegatingMethodAccessorImpl.invoke(DelegatingMethodAccessorImpl.java:43)
	at java.lang.reflect.Method.invoke(Method.java:606)
	at org.eclipse.jdt.internal.jarinjarloader.JarRsrcLoader.main(JarRsrcLoader.java:58)
401:Authentication credentials (https://dev.twitter.com/pages/auth) were missing or incorrect. Ensure that you have set valid consumer key/secret, access token/secret, and the system clock is in sync.
{"request":"\/1.1\/friends\/ids.json?user_id=420012090&cursor=-1&include_entities=true","error":"Not authorized."}

Relevant discussions can be found on the Internet at:
	http://www.google.co.jp/search?q=a0c96a69 or
	http://www.google.co.jp/search?q=1935c143
TwitterException{exceptionCode=[a0c96a69-1935c143], statusCode=401, message=null, code=-1, retryAfter=-1, rateLimitStatus=RateLimitStatusJSONImpl{remaining=2, limit=15, resetTimeInSeconds=1399121045, secondsUntilReset=179}, version=4.0.1}
	at twitter4j.HttpClientImpl.handleRequest(HttpClientImpl.java:164)
	at twitter4j.HttpClientBase.request(HttpClientBase.java:53)
	at twitter4j.HttpClientBase.get(HttpClientBase.java:71)
	at twitter4j.TwitterImpl.get(TwitterImpl.java:1950)
	at twitter4j.TwitterImpl.getFriendsIDs(TwitterImpl.java:395)
	at retrieval.RetrieveFriendsJSON.main(RetrieveFriendsJSON.java:98)
	at sun.reflect.NativeMethodAccessorImpl.invoke0(Native Method)
	at sun.reflect.NativeMethodAccessorImpl.invoke(NativeMethodAccessorImpl.java:57)
	at sun.reflect.DelegatingMethodAccessorImpl.invoke(DelegatingMethodAccessorImpl.java:43)
	at java.lang.reflect.Method.invoke(Method.java:606)
	at org.eclipse.jdt.internal.jarinjarloader.JarRsrcLoader.main(JarRsrcLoader.java:58)
429:Returned in API v1.1 when a request cannot be served due to the application's rate limit having been exhausted for the resource. See Rate Limiting in API v1.1.(https://dev.twitter.com/docs/rate-limiting/1.1)
message - Rate limit exceeded
code - 88

Relevant discussions can be found on the Internet at:
	http://www.google.co.jp/search?q=a0c96a69 or
	http://www.google.co.jp/search?q=1935c143
TwitterException{exceptionCode=[a0c96a69-1935c143], statusCode=429, message=Rate limit exceeded, code=88, retryAfter=-1, rateLimitStatus=RateLimitStatusJSONImpl{remaining=0, limit=15, resetTimeInSeconds=1399121045, secondsUntilReset=0}, version=4.0.1}
	at twitter4j.HttpClientImpl.handleRequest(HttpClientImpl.java:164)
	at twitter4j.HttpClientBase.request(HttpClientBase.java:53)
	at twitter4j.HttpClientBase.get(HttpClientBase.java:71)
	at twitter4j.TwitterImpl.get(TwitterImpl.java:1950)
	at twitter4j.TwitterImpl.getFriendsIDs(TwitterImpl.java:395)
	at retrieval.RetrieveFriendsJSON.main(RetrieveFriendsJSON.java:98)
	at sun.reflect.NativeMethodAccessorImpl.invoke0(Native Method)
	at sun.reflect.NativeMethodAccessorImpl.invoke(NativeMethodAccessorImpl.java:57)
	at sun.reflect.DelegatingMethodAccessorImpl.invoke(DelegatingMethodAccessorImpl.java:43)
	at java.lang.reflect.Method.invoke(Method.java:606)
	at org.eclipse.jdt.internal.jarinjarloader.JarRsrcLoader.main(JarRsrcLoader.java:58)
404:The URI requested is invalid or the resource requested, such as a user, does not exists. Also returned when the requested format is not supported by the requested method.
message - Sorry, that page does not exist
code - 34

Relevant discussions can be found on the Internet at:
	http://www.google.co.jp/search?q=a0c96a69 or
	http://www.google.co.jp/search?q=1935c143
TwitterException{exceptionCode=[a0c96a69-1935c143], statusCode=404, message=Sorry, that page does not exist, code=34, retryAfter=-1, rateLimitStatus=RateLimitStatusJSONImpl{remaining=13, limit=15, resetTimeInSeconds=1399122005, secondsUntilReset=838}, version=4.0.1}
	at twitter4j.HttpClientImpl.handleRequest(HttpClientImpl.java:164)
	at twitter4j.HttpClientBase.request(HttpClientBase.java:53)
	at twitter4j.HttpClientBase.get(HttpClientBase.java:71)
	at twitter4j.TwitterImpl.get(TwitterImpl.java:1950)
	at twitter4j.TwitterImpl.getFriendsIDs(TwitterImpl.java:395)
	at retrieval.RetrieveFriendsJSON.main(RetrieveFriendsJSON.java:98)
	at sun.reflect.NativeMethodAccessorImpl.invoke0(Native Method)
	at sun.reflect.NativeMethodAccessorImpl.invoke(NativeMethodAccessorImpl.java:57)
	at sun.reflect.DelegatingMethodAccessorImpl.invoke(DelegatingMethodAccessorImpl.java:43)
	at java.lang.reflect.Method.invoke(Method.java:606)
	at org.eclipse.jdt.internal.jarinjarloader.JarRsrcLoader.main(JarRsrcLoader.java:58)
401:Authentication credentials (https://dev.twitter.com/pages/auth) were missing or incorrect. Ensure that you have set valid consumer key/secret, access token/secret, and the system clock is in sync.
{"request":"\/1.1\/friends\/ids.json?user_id=38735080&cursor=-1&include_entities=true","error":"Not authorized."}

Relevant discussions can be found on the Internet at:
	http://www.google.co.jp/search?q=a0c96a69 or
	http://www.google.co.jp/search?q=1935c143
TwitterException{exceptionCode=[a0c96a69-1935c143], statusCode=401, message=null, code=-1, retryAfter=-1, rateLimitStatus=RateLimitStatusJSONImpl{remaining=10, limit=15, resetTimeInSeconds=1399122005, secondsUntilReset=659}, version=4.0.1}
	at twitter4j.HttpClientImpl.handleRequest(HttpClientImpl.java:164)
	at twitter4j.HttpClientBase.request(HttpClientBase.java:53)
	at twitter4j.HttpClientBase.get(HttpClientBase.java:71)
	at twitter4j.TwitterImpl.get(TwitterImpl.java:1950)
	at twitter4j.TwitterImpl.getFriendsIDs(TwitterImpl.java:395)
	at retrieval.RetrieveFriendsJSON.main(RetrieveFriendsJSON.java:98)
	at sun.reflect.NativeMethodAccessorImpl.invoke0(Native Method)
	at sun.reflect.NativeMethodAccessorImpl.invoke(NativeMethodAccessorImpl.java:57)
	at sun.reflect.DelegatingMethodAccessorImpl.invoke(DelegatingMethodAccessorImpl.java:43)
	at java.lang.reflect.Method.invoke(Method.java:606)
	at org.eclipse.jdt.internal.jarinjarloader.JarRsrcLoader.main(JarRsrcLoader.java:58)
401:Authentication credentials (https://dev.twitter.com/pages/auth) were missing or incorrect. Ensure that you have set valid consumer key/secret, access token/secret, and the system clock is in sync.
{"request":"\/1.1\/friends\/ids.json?user_id=65629497&cursor=-1&include_entities=true","error":"Not authorized."}

Relevant discussions can be found on the Internet at:
	http://www.google.co.jp/search?q=a0c96a69 or
	http://www.google.co.jp/search?q=1935c143
TwitterException{exceptionCode=[a0c96a69-1935c143], statusCode=401, message=null, code=-1, retryAfter=-1, rateLimitStatus=RateLimitStatusJSONImpl{remaining=5, limit=15, resetTimeInSeconds=1399122005, secondsUntilReset=359}, version=4.0.1}
	at twitter4j.HttpClientImpl.handleRequest(HttpClientImpl.java:164)
	at twitter4j.HttpClientBase.request(HttpClientBase.java:53)
	at twitter4j.HttpClientBase.get(HttpClientBase.java:71)
	at twitter4j.TwitterImpl.get(TwitterImpl.java:1950)
	at twitter4j.TwitterImpl.getFriendsIDs(TwitterImpl.java:395)
	at retrieval.RetrieveFriendsJSON.main(RetrieveFriendsJSON.java:98)
	at sun.reflect.NativeMethodAccessorImpl.invoke0(Native Method)
	at sun.reflect.NativeMethodAccessorImpl.invoke(NativeMethodAccessorImpl.java:57)
	at sun.reflect.DelegatingMethodAccessorImpl.invoke(DelegatingMethodAccessorImpl.java:43)
	at java.lang.reflect.Method.invoke(Method.java:606)
	at org.eclipse.jdt.internal.jarinjarloader.JarRsrcLoader.main(JarRsrcLoader.java:58)
429:Returned in API v1.1 when a request cannot be served due to the application's rate limit having been exhausted for the resource. See Rate Limiting in API v1.1.(https://dev.twitter.com/docs/rate-limiting/1.1)
message - Rate limit exceeded
code - 88

Relevant discussions can be found on the Internet at:
	http://www.google.co.jp/search?q=0fd39a69 or
	http://www.google.co.jp/search?q=1aa4245d
TwitterException{exceptionCode=[0fd39a69-1aa4245d], statusCode=429, message=Rate limit exceeded, code=88, retryAfter=-1, rateLimitStatus=RateLimitStatusJSONImpl{remaining=0, limit=15, resetTimeInSeconds=1399122787, secondsUntilReset=0}, version=4.0.1}
	at twitter4j.HttpClientImpl.handleRequest(HttpClientImpl.java:164)
	at twitter4j.HttpClientBase.request(HttpClientBase.java:53)
	at twitter4j.HttpClientBase.get(HttpClientBase.java:71)
	at twitter4j.TwitterImpl.get(TwitterImpl.java:1950)
	at twitter4j.TwitterImpl.getFollowersIDs(TwitterImpl.java:421)
	at retrieval.RetrieveFriendsJSON.main(RetrieveFriendsJSON.java:110)
	at sun.reflect.NativeMethodAccessorImpl.invoke0(Native Method)
	at sun.reflect.NativeMethodAccessorImpl.invoke(NativeMethodAccessorImpl.java:57)
	at sun.reflect.DelegatingMethodAccessorImpl.invoke(DelegatingMethodAccessorImpl.java:43)
	at java.lang.reflect.Method.invoke(Method.java:606)
	at org.eclipse.jdt.internal.jarinjarloader.JarRsrcLoader.main(JarRsrcLoader.java:58)
429:Returned in API v1.1 when a request cannot be served due to the application's rate limit having been exhausted for the resource. See Rate Limiting in API v1.1.(https://dev.twitter.com/docs/rate-limiting/1.1)
message - Rate limit exceeded
code - 88

Relevant discussions can be found on the Internet at:
	http://www.google.co.jp/search?q=a0c96a69 or
	http://www.google.co.jp/search?q=1935c143
TwitterException{exceptionCode=[a0c96a69-1935c143], statusCode=429, message=Rate limit exceeded, code=88, retryAfter=-1, rateLimitStatus=RateLimitStatusJSONImpl{remaining=0, limit=15, resetTimeInSeconds=1399122907, secondsUntilReset=0}, version=4.0.1}
	at twitter4j.HttpClientImpl.handleRequest(HttpClientImpl.java:164)
	at twitter4j.HttpClientBase.request(HttpClientBase.java:53)
	at twitter4j.HttpClientBase.get(HttpClientBase.java:71)
	at twitter4j.TwitterImpl.get(TwitterImpl.java:1950)
	at twitter4j.TwitterImpl.getFriendsIDs(TwitterImpl.java:395)
	at retrieval.RetrieveFriendsJSON.main(RetrieveFriendsJSON.java:98)
	at sun.reflect.NativeMethodAccessorImpl.invoke0(Native Method)
	at sun.reflect.NativeMethodAccessorImpl.invoke(NativeMethodAccessorImpl.java:57)
	at sun.reflect.DelegatingMethodAccessorImpl.invoke(DelegatingMethodAccessorImpl.java:43)
	at java.lang.reflect.Method.invoke(Method.java:606)
	at org.eclipse.jdt.internal.jarinjarloader.JarRsrcLoader.main(JarRsrcLoader.java:58)
401:Authentication credentials (https://dev.twitter.com/pages/auth) were missing or incorrect. Ensure that you have set valid consumer key/secret, access token/secret, and the system clock is in sync.
{"request":"\/1.1\/friends\/ids.json?user_id=784541694&cursor=-1&include_entities=true","error":"Not authorized."}

Relevant discussions can be found on the Internet at:
	http://www.google.co.jp/search?q=a0c96a69 or
	http://www.google.co.jp/search?q=1935c143
TwitterException{exceptionCode=[a0c96a69-1935c143], statusCode=401, message=null, code=-1, retryAfter=-1, rateLimitStatus=RateLimitStatusJSONImpl{remaining=6, limit=15, resetTimeInSeconds=1399124766, secondsUntilReset=419}, version=4.0.1}
	at twitter4j.HttpClientImpl.handleRequest(HttpClientImpl.java:164)
	at twitter4j.HttpClientBase.request(HttpClientBase.java:53)
	at twitter4j.HttpClientBase.get(HttpClientBase.java:71)
	at twitter4j.TwitterImpl.get(TwitterImpl.java:1950)
	at twitter4j.TwitterImpl.getFriendsIDs(TwitterImpl.java:395)
	at retrieval.RetrieveFriendsJSON.main(RetrieveFriendsJSON.java:98)
	at sun.reflect.NativeMethodAccessorImpl.invoke0(Native Method)
	at sun.reflect.NativeMethodAccessorImpl.invoke(NativeMethodAccessorImpl.java:57)
	at sun.reflect.DelegatingMethodAccessorImpl.invoke(DelegatingMethodAccessorImpl.java:43)
	at java.lang.reflect.Method.invoke(Method.java:606)
	at org.eclipse.jdt.internal.jarinjarloader.JarRsrcLoader.main(JarRsrcLoader.java:58)
401:Authentication credentials (https://dev.twitter.com/pages/auth) were missing or incorrect. Ensure that you have set valid consumer key/secret, access token/secret, and the system clock is in sync.
{"request":"\/1.1\/friends\/ids.json?user_id=27984909&cursor=-1&include_entities=true","error":"Not authorized."}

Relevant discussions can be found on the Internet at:
	http://www.google.co.jp/search?q=a0c96a69 or
	http://www.google.co.jp/search?q=1935c143
TwitterException{exceptionCode=[a0c96a69-1935c143], statusCode=401, message=null, code=-1, retryAfter=-1, rateLimitStatus=RateLimitStatusJSONImpl{remaining=5, limit=15, resetTimeInSeconds=1399124766, secondsUntilReset=359}, version=4.0.1}
	at twitter4j.HttpClientImpl.handleRequest(HttpClientImpl.java:164)
	at twitter4j.HttpClientBase.request(HttpClientBase.java:53)
	at twitter4j.HttpClientBase.get(HttpClientBase.java:71)
	at twitter4j.TwitterImpl.get(TwitterImpl.java:1950)
	at twitter4j.TwitterImpl.getFriendsIDs(TwitterImpl.java:395)
	at retrieval.RetrieveFriendsJSON.main(RetrieveFriendsJSON.java:98)
	at sun.reflect.NativeMethodAccessorImpl.invoke0(Native Method)
	at sun.reflect.NativeMethodAccessorImpl.invoke(NativeMethodAccessorImpl.java:57)
	at sun.reflect.DelegatingMethodAccessorImpl.invoke(DelegatingMethodAccessorImpl.java:43)
	at java.lang.reflect.Method.invoke(Method.java:606)
	at org.eclipse.jdt.internal.jarinjarloader.JarRsrcLoader.main(JarRsrcLoader.java:58)
429:Returned in API v1.1 when a request cannot be served due to the application's rate limit having been exhausted for the resource. See Rate Limiting in API v1.1.(https://dev.twitter.com/docs/rate-limiting/1.1)
message - Rate limit exceeded
code - 88

Relevant discussions can be found on the Internet at:
	http://www.google.co.jp/search?q=a0c96a69 or
	http://www.google.co.jp/search?q=1935c143
TwitterException{exceptionCode=[a0c96a69-1935c143], statusCode=429, message=Rate limit exceeded, code=88, retryAfter=-1, rateLimitStatus=RateLimitStatusJSONImpl{remaining=0, limit=15, resetTimeInSeconds=1399124766, secondsUntilReset=0}, version=4.0.1}
	at twitter4j.HttpClientImpl.handleRequest(HttpClientImpl.java:164)
	at twitter4j.HttpClientBase.request(HttpClientBase.java:53)
	at twitter4j.HttpClientBase.get(HttpClientBase.java:71)
	at twitter4j.TwitterImpl.get(TwitterImpl.java:1950)
	at twitter4j.TwitterImpl.getFriendsIDs(TwitterImpl.java:395)
	at retrieval.RetrieveFriendsJSON.main(RetrieveFriendsJSON.java:98)
	at sun.reflect.NativeMethodAccessorImpl.invoke0(Native Method)
	at sun.reflect.NativeMethodAccessorImpl.invoke(NativeMethodAccessorImpl.java:57)
	at sun.reflect.DelegatingMethodAccessorImpl.invoke(DelegatingMethodAccessorImpl.java:43)
	at java.lang.reflect.Method.invoke(Method.java:606)
	at org.eclipse.jdt.internal.jarinjarloader.JarRsrcLoader.main(JarRsrcLoader.java:58)
401:Authentication credentials (https://dev.twitter.com/pages/auth) were missing or incorrect. Ensure that you have set valid consumer key/secret, access token/secret, and the system clock is in sync.
{"request":"\/1.1\/friends\/ids.json?user_id=1236715028&cursor=-1&include_entities=true","error":"Not authorized."}

Relevant discussions can be found on the Internet at:
	http://www.google.co.jp/search?q=a0c96a69 or
	http://www.google.co.jp/search?q=1935c143
TwitterException{exceptionCode=[a0c96a69-1935c143], statusCode=401, message=null, code=-1, retryAfter=-1, rateLimitStatus=RateLimitStatusJSONImpl{remaining=9, limit=15, resetTimeInSeconds=1399125726, secondsUntilReset=599}, version=4.0.1}
	at twitter4j.HttpClientImpl.handleRequest(HttpClientImpl.java:164)
	at twitter4j.HttpClientBase.request(HttpClientBase.java:53)
	at twitter4j.HttpClientBase.get(HttpClientBase.java:71)
	at twitter4j.TwitterImpl.get(TwitterImpl.java:1950)
	at twitter4j.TwitterImpl.getFriendsIDs(TwitterImpl.java:395)
	at retrieval.RetrieveFriendsJSON.main(RetrieveFriendsJSON.java:98)
	at sun.reflect.NativeMethodAccessorImpl.invoke0(Native Method)
	at sun.reflect.NativeMethodAccessorImpl.invoke(NativeMethodAccessorImpl.java:57)
	at sun.reflect.DelegatingMethodAccessorImpl.invoke(DelegatingMethodAccessorImpl.java:43)
	at java.lang.reflect.Method.invoke(Method.java:606)
	at org.eclipse.jdt.internal.jarinjarloader.JarRsrcLoader.main(JarRsrcLoader.java:58)
401:Authentication credentials (https://dev.twitter.com/pages/auth) were missing or incorrect. Ensure that you have set valid consumer key/secret, access token/secret, and the system clock is in sync.
{"request":"\/1.1\/friends\/ids.json?user_id=2472556938&cursor=-1&include_entities=true","error":"Not authorized."}

Relevant discussions can be found on the Internet at:
	http://www.google.co.jp/search?q=a0c96a69 or
	http://www.google.co.jp/search?q=1935c143
TwitterException{exceptionCode=[a0c96a69-1935c143], statusCode=401, message=null, code=-1, retryAfter=-1, rateLimitStatus=RateLimitStatusJSONImpl{remaining=5, limit=15, resetTimeInSeconds=1399125726, secondsUntilReset=359}, version=4.0.1}
	at twitter4j.HttpClientImpl.handleRequest(HttpClientImpl.java:164)
	at twitter4j.HttpClientBase.request(HttpClientBase.java:53)
	at twitter4j.HttpClientBase.get(HttpClientBase.java:71)
	at twitter4j.TwitterImpl.get(TwitterImpl.java:1950)
	at twitter4j.TwitterImpl.getFriendsIDs(TwitterImpl.java:395)
	at retrieval.RetrieveFriendsJSON.main(RetrieveFriendsJSON.java:98)
	at sun.reflect.NativeMethodAccessorImpl.invoke0(Native Method)
	at sun.reflect.NativeMethodAccessorImpl.invoke(NativeMethodAccessorImpl.java:57)
	at sun.reflect.DelegatingMethodAccessorImpl.invoke(DelegatingMethodAccessorImpl.java:43)
	at java.lang.reflect.Method.invoke(Method.java:606)
	at org.eclipse.jdt.internal.jarinjarloader.JarRsrcLoader.main(JarRsrcLoader.java:58)
401:Authentication credentials (https://dev.twitter.com/pages/auth) were missing or incorrect. Ensure that you have set valid consumer key/secret, access token/secret, and the system clock is in sync.
{"request":"\/1.1\/friends\/ids.json?user_id=89176460&cursor=-1&include_entities=true","error":"Not authorized."}

Relevant discussions can be found on the Internet at:
	http://www.google.co.jp/search?q=a0c96a69 or
	http://www.google.co.jp/search?q=1935c143
TwitterException{exceptionCode=[a0c96a69-1935c143], statusCode=401, message=null, code=-1, retryAfter=-1, rateLimitStatus=RateLimitStatusJSONImpl{remaining=4, limit=15, resetTimeInSeconds=1399125726, secondsUntilReset=300}, version=4.0.1}
	at twitter4j.HttpClientImpl.handleRequest(HttpClientImpl.java:164)
	at twitter4j.HttpClientBase.request(HttpClientBase.java:53)
	at twitter4j.HttpClientBase.get(HttpClientBase.java:71)
	at twitter4j.TwitterImpl.get(TwitterImpl.java:1950)
	at twitter4j.TwitterImpl.getFriendsIDs(TwitterImpl.java:395)
	at retrieval.RetrieveFriendsJSON.main(RetrieveFriendsJSON.java:98)
	at sun.reflect.NativeMethodAccessorImpl.invoke0(Native Method)
	at sun.reflect.NativeMethodAccessorImpl.invoke(NativeMethodAccessorImpl.java:57)
	at sun.reflect.DelegatingMethodAccessorImpl.invoke(DelegatingMethodAccessorImpl.java:43)
	at java.lang.reflect.Method.invoke(Method.java:606)
	at org.eclipse.jdt.internal.jarinjarloader.JarRsrcLoader.main(JarRsrcLoader.java:58)
429:Returned in API v1.1 when a request cannot be served due to the application's rate limit having been exhausted for the resource. See Rate Limiting in API v1.1.(https://dev.twitter.com/docs/rate-limiting/1.1)
message - Rate limit exceeded
code - 88

Relevant discussions can be found on the Internet at:
	http://www.google.co.jp/search?q=a0c96a69 or
	http://www.google.co.jp/search?q=1935c143
TwitterException{exceptionCode=[a0c96a69-1935c143], statusCode=429, message=Rate limit exceeded, code=88, retryAfter=-1, rateLimitStatus=RateLimitStatusJSONImpl{remaining=0, limit=15, resetTimeInSeconds=1399125726, secondsUntilReset=0}, version=4.0.1}
	at twitter4j.HttpClientImpl.handleRequest(HttpClientImpl.java:164)
	at twitter4j.HttpClientBase.request(HttpClientBase.java:53)
	at twitter4j.HttpClientBase.get(HttpClientBase.java:71)
	at twitter4j.TwitterImpl.get(TwitterImpl.java:1950)
	at twitter4j.TwitterImpl.getFriendsIDs(TwitterImpl.java:395)
	at retrieval.RetrieveFriendsJSON.main(RetrieveFriendsJSON.java:98)
	at sun.reflect.NativeMethodAccessorImpl.invoke0(Native Method)
	at sun.reflect.NativeMethodAccessorImpl.invoke(NativeMethodAccessorImpl.java:57)
	at sun.reflect.DelegatingMethodAccessorImpl.invoke(DelegatingMethodAccessorImpl.java:43)
	at java.lang.reflect.Method.invoke(Method.java:606)
	at org.eclipse.jdt.internal.jarinjarloader.JarRsrcLoader.main(JarRsrcLoader.java:58)
401:Authentication credentials (https://dev.twitter.com/pages/auth) were missing or incorrect. Ensure that you have set valid consumer key/secret, access token/secret, and the system clock is in sync.
{"request":"\/1.1\/friends\/ids.json?user_id=2472559327&cursor=-1&include_entities=true","error":"Not authorized."}

Relevant discussions can be found on the Internet at:
	http://www.google.co.jp/search?q=a0c96a69 or
	http://www.google.co.jp/search?q=1935c143
TwitterException{exceptionCode=[a0c96a69-1935c143], statusCode=401, message=null, code=-1, retryAfter=-1, rateLimitStatus=RateLimitStatusJSONImpl{remaining=9, limit=15, resetTimeInSeconds=1399127586, secondsUntilReset=598}, version=4.0.1}
	at twitter4j.HttpClientImpl.handleRequest(HttpClientImpl.java:164)
	at twitter4j.HttpClientBase.request(HttpClientBase.java:53)
	at twitter4j.HttpClientBase.get(HttpClientBase.java:71)
	at twitter4j.TwitterImpl.get(TwitterImpl.java:1950)
	at twitter4j.TwitterImpl.getFriendsIDs(TwitterImpl.java:395)
	at retrieval.RetrieveFriendsJSON.main(RetrieveFriendsJSON.java:98)
	at sun.reflect.NativeMethodAccessorImpl.invoke0(Native Method)
	at sun.reflect.NativeMethodAccessorImpl.invoke(NativeMethodAccessorImpl.java:57)
	at sun.reflect.DelegatingMethodAccessorImpl.invoke(DelegatingMethodAccessorImpl.java:43)
	at java.lang.reflect.Method.invoke(Method.java:606)
	at org.eclipse.jdt.internal.jarinjarloader.JarRsrcLoader.main(JarRsrcLoader.java:58)
401:Authentication credentials (https://dev.twitter.com/pages/auth) were missing or incorrect. Ensure that you have set valid consumer key/secret, access token/secret, and the system clock is in sync.
{"request":"\/1.1\/friends\/ids.json?user_id=2234690263&cursor=-1&include_entities=true","error":"Not authorized."}

Relevant discussions can be found on the Internet at:
	http://www.google.co.jp/search?q=a0c96a69 or
	http://www.google.co.jp/search?q=1935c143
TwitterException{exceptionCode=[a0c96a69-1935c143], statusCode=401, message=null, code=-1, retryAfter=-1, rateLimitStatus=RateLimitStatusJSONImpl{remaining=4, limit=15, resetTimeInSeconds=1399127586, secondsUntilReset=299}, version=4.0.1}
	at twitter4j.HttpClientImpl.handleRequest(HttpClientImpl.java:164)
	at twitter4j.HttpClientBase.request(HttpClientBase.java:53)
	at twitter4j.HttpClientBase.get(HttpClientBase.java:71)
	at twitter4j.TwitterImpl.get(TwitterImpl.java:1950)
	at twitter4j.TwitterImpl.getFriendsIDs(TwitterImpl.java:395)
	at retrieval.RetrieveFriendsJSON.main(RetrieveFriendsJSON.java:98)
	at sun.reflect.NativeMethodAccessorImpl.invoke0(Native Method)
	at sun.reflect.NativeMethodAccessorImpl.invoke(NativeMethodAccessorImpl.java:57)
	at sun.reflect.DelegatingMethodAccessorImpl.invoke(DelegatingMethodAccessorImpl.java:43)
	at java.lang.reflect.Method.invoke(Method.java:606)
	at org.eclipse.jdt.internal.jarinjarloader.JarRsrcLoader.main(JarRsrcLoader.java:58)
401:Authentication credentials (https://dev.twitter.com/pages/auth) were missing or incorrect. Ensure that you have set valid consumer key/secret, access token/secret, and the system clock is in sync.
{"request":"\/1.1\/friends\/ids.json?user_id=2472542682&cursor=-1&include_entities=true","error":"Not authorized."}

Relevant discussions can be found on the Internet at:
	http://www.google.co.jp/search?q=a0c96a69 or
	http://www.google.co.jp/search?q=1935c143
TwitterException{exceptionCode=[a0c96a69-1935c143], statusCode=401, message=null, code=-1, retryAfter=-1, rateLimitStatus=RateLimitStatusJSONImpl{remaining=0, limit=15, resetTimeInSeconds=1399127586, secondsUntilReset=59}, version=4.0.1}
	at twitter4j.HttpClientImpl.handleRequest(HttpClientImpl.java:164)
	at twitter4j.HttpClientBase.request(HttpClientBase.java:53)
	at twitter4j.HttpClientBase.get(HttpClientBase.java:71)
	at twitter4j.TwitterImpl.get(TwitterImpl.java:1950)
	at twitter4j.TwitterImpl.getFriendsIDs(TwitterImpl.java:395)
	at retrieval.RetrieveFriendsJSON.main(RetrieveFriendsJSON.java:98)
	at sun.reflect.NativeMethodAccessorImpl.invoke0(Native Method)
	at sun.reflect.NativeMethodAccessorImpl.invoke(NativeMethodAccessorImpl.java:57)
	at sun.reflect.DelegatingMethodAccessorImpl.invoke(DelegatingMethodAccessorImpl.java:43)
	at java.lang.reflect.Method.invoke(Method.java:606)
	at org.eclipse.jdt.internal.jarinjarloader.JarRsrcLoader.main(JarRsrcLoader.java:58)
429:Returned in API v1.1 when a request cannot be served due to the application's rate limit having been exhausted for the resource. See Rate Limiting in API v1.1.(https://dev.twitter.com/docs/rate-limiting/1.1)
message - Rate limit exceeded
code - 88

Relevant discussions can be found on the Internet at:
	http://www.google.co.jp/search?q=a0c96a69 or
	http://www.google.co.jp/search?q=1935c143
TwitterException{exceptionCode=[a0c96a69-1935c143], statusCode=429, message=Rate limit exceeded, code=88, retryAfter=-1, rateLimitStatus=RateLimitStatusJSONImpl{remaining=0, limit=15, resetTimeInSeconds=1399127586, secondsUntilReset=0}, version=4.0.1}
	at twitter4j.HttpClientImpl.handleRequest(HttpClientImpl.java:164)
	at twitter4j.HttpClientBase.request(HttpClientBase.java:53)
	at twitter4j.HttpClientBase.get(HttpClientBase.java:71)
	at twitter4j.TwitterImpl.get(TwitterImpl.java:1950)
	at twitter4j.TwitterImpl.getFriendsIDs(TwitterImpl.java:395)
	at retrieval.RetrieveFriendsJSON.main(RetrieveFriendsJSON.java:98)
	at sun.reflect.NativeMethodAccessorImpl.invoke0(Native Method)
	at sun.reflect.NativeMethodAccessorImpl.invoke(NativeMethodAccessorImpl.java:57)
	at sun.reflect.DelegatingMethodAccessorImpl.invoke(DelegatingMethodAccessorImpl.java:43)
	at java.lang.reflect.Method.invoke(Method.java:606)
	at org.eclipse.jdt.internal.jarinjarloader.JarRsrcLoader.main(JarRsrcLoader.java:58)
401:Authentication credentials (https://dev.twitter.com/pages/auth) were missing or incorrect. Ensure that you have set valid consumer key/secret, access token/secret, and the system clock is in sync.
{"request":"\/1.1\/friends\/ids.json?user_id=2472543390&cursor=-1&include_entities=true","error":"Not authorized."}

Relevant discussions can be found on the Internet at:
	http://www.google.co.jp/search?q=a0c96a69 or
	http://www.google.co.jp/search?q=1935c143
TwitterException{exceptionCode=[a0c96a69-1935c143], statusCode=401, message=null, code=-1, retryAfter=-1, rateLimitStatus=RateLimitStatusJSONImpl{remaining=13, limit=15, resetTimeInSeconds=1399128546, secondsUntilReset=838}, version=4.0.1}
	at twitter4j.HttpClientImpl.handleRequest(HttpClientImpl.java:164)
	at twitter4j.HttpClientBase.request(HttpClientBase.java:53)
	at twitter4j.HttpClientBase.get(HttpClientBase.java:71)
	at twitter4j.TwitterImpl.get(TwitterImpl.java:1950)
	at twitter4j.TwitterImpl.getFriendsIDs(TwitterImpl.java:395)
	at retrieval.RetrieveFriendsJSON.main(RetrieveFriendsJSON.java:98)
	at sun.reflect.NativeMethodAccessorImpl.invoke0(Native Method)
	at sun.reflect.NativeMethodAccessorImpl.invoke(NativeMethodAccessorImpl.java:57)
	at sun.reflect.DelegatingMethodAccessorImpl.invoke(DelegatingMethodAccessorImpl.java:43)
	at java.lang.reflect.Method.invoke(Method.java:606)
	at org.eclipse.jdt.internal.jarinjarloader.JarRsrcLoader.main(JarRsrcLoader.java:58)
401:Authentication credentials (https://dev.twitter.com/pages/auth) were missing or incorrect. Ensure that you have set valid consumer key/secret, access token/secret, and the system clock is in sync.
{"request":"\/1.1\/friends\/ids.json?user_id=2472539568&cursor=-1&include_entities=true","error":"Not authorized."}

Relevant discussions can be found on the Internet at:
	http://www.google.co.jp/search?q=a0c96a69 or
	http://www.google.co.jp/search?q=1935c143
TwitterException{exceptionCode=[a0c96a69-1935c143], statusCode=401, message=null, code=-1, retryAfter=-1, rateLimitStatus=RateLimitStatusJSONImpl{remaining=8, limit=15, resetTimeInSeconds=1399128546, secondsUntilReset=539}, version=4.0.1}
	at twitter4j.HttpClientImpl.handleRequest(HttpClientImpl.java:164)
	at twitter4j.HttpClientBase.request(HttpClientBase.java:53)
	at twitter4j.HttpClientBase.get(HttpClientBase.java:71)
	at twitter4j.TwitterImpl.get(TwitterImpl.java:1950)
	at twitter4j.TwitterImpl.getFriendsIDs(TwitterImpl.java:395)
	at retrieval.RetrieveFriendsJSON.main(RetrieveFriendsJSON.java:98)
	at sun.reflect.NativeMethodAccessorImpl.invoke0(Native Method)
	at sun.reflect.NativeMethodAccessorImpl.invoke(NativeMethodAccessorImpl.java:57)
	at sun.reflect.DelegatingMethodAccessorImpl.invoke(DelegatingMethodAccessorImpl.java:43)
	at java.lang.reflect.Method.invoke(Method.java:606)
	at org.eclipse.jdt.internal.jarinjarloader.JarRsrcLoader.main(JarRsrcLoader.java:58)
401:Authentication credentials (https://dev.twitter.com/pages/auth) were missing or incorrect. Ensure that you have set valid consumer key/secret, access token/secret, and the system clock is in sync.
{"request":"\/1.1\/friends\/ids.json?user_id=44734885&cursor=-1&include_entities=true","error":"Not authorized."}

Relevant discussions can be found on the Internet at:
	http://www.google.co.jp/search?q=a0c96a69 or
	http://www.google.co.jp/search?q=1935c143
TwitterException{exceptionCode=[a0c96a69-1935c143], statusCode=401, message=null, code=-1, retryAfter=-1, rateLimitStatus=RateLimitStatusJSONImpl{remaining=1, limit=15, resetTimeInSeconds=1399128546, secondsUntilReset=118}, version=4.0.1}
	at twitter4j.HttpClientImpl.handleRequest(HttpClientImpl.java:164)
	at twitter4j.HttpClientBase.request(HttpClientBase.java:53)
	at twitter4j.HttpClientBase.get(HttpClientBase.java:71)
	at twitter4j.TwitterImpl.get(TwitterImpl.java:1950)
	at twitter4j.TwitterImpl.getFriendsIDs(TwitterImpl.java:395)
	at retrieval.RetrieveFriendsJSON.main(RetrieveFriendsJSON.java:98)
	at sun.reflect.NativeMethodAccessorImpl.invoke0(Native Method)
	at sun.reflect.NativeMethodAccessorImpl.invoke(NativeMethodAccessorImpl.java:57)
	at sun.reflect.DelegatingMethodAccessorImpl.invoke(DelegatingMethodAccessorImpl.java:43)
	at java.lang.reflect.Method.invoke(Method.java:606)
	at org.eclipse.jdt.internal.jarinjarloader.JarRsrcLoader.main(JarRsrcLoader.java:58)
401:Authentication credentials (https://dev.twitter.com/pages/auth) were missing or incorrect. Ensure that you have set valid consumer key/secret, access token/secret, and the system clock is in sync.
{"request":"\/1.1\/friends\/ids.json?user_id=48731959&cursor=-1&include_entities=true","error":"Not authorized."}

Relevant discussions can be found on the Internet at:
	http://www.google.co.jp/search?q=a0c96a69 or
	http://www.google.co.jp/search?q=1935c143
TwitterException{exceptionCode=[a0c96a69-1935c143], statusCode=401, message=null, code=-1, retryAfter=-1, rateLimitStatus=RateLimitStatusJSONImpl{remaining=2, limit=15, resetTimeInSeconds=1399129446, secondsUntilReset=180}, version=4.0.1}
	at twitter4j.HttpClientImpl.handleRequest(HttpClientImpl.java:164)
	at twitter4j.HttpClientBase.request(HttpClientBase.java:53)
	at twitter4j.HttpClientBase.get(HttpClientBase.java:71)
	at twitter4j.TwitterImpl.get(TwitterImpl.java:1950)
	at twitter4j.TwitterImpl.getFriendsIDs(TwitterImpl.java:395)
	at retrieval.RetrieveFriendsJSON.main(RetrieveFriendsJSON.java:98)
	at sun.reflect.NativeMethodAccessorImpl.invoke0(Native Method)
	at sun.reflect.NativeMethodAccessorImpl.invoke(NativeMethodAccessorImpl.java:57)
	at sun.reflect.DelegatingMethodAccessorImpl.invoke(DelegatingMethodAccessorImpl.java:43)
	at java.lang.reflect.Method.invoke(Method.java:606)
	at org.eclipse.jdt.internal.jarinjarloader.JarRsrcLoader.main(JarRsrcLoader.java:58)
429:Returned in API v1.1 when a request cannot be served due to the application's rate limit having been exhausted for the resource. See Rate Limiting in API v1.1.(https://dev.twitter.com/docs/rate-limiting/1.1)
message - Rate limit exceeded
code - 88

Relevant discussions can be found on the Internet at:
	http://www.google.co.jp/search?q=a0c96a69 or
	http://www.google.co.jp/search?q=1935c143
TwitterException{exceptionCode=[a0c96a69-1935c143], statusCode=429, message=Rate limit exceeded, code=88, retryAfter=-1, rateLimitStatus=RateLimitStatusJSONImpl{remaining=0, limit=15, resetTimeInSeconds=1399130346, secondsUntilReset=0}, version=4.0.1}
	at twitter4j.HttpClientImpl.handleRequest(HttpClientImpl.java:164)
	at twitter4j.HttpClientBase.request(HttpClientBase.java:53)
	at twitter4j.HttpClientBase.get(HttpClientBase.java:71)
	at twitter4j.TwitterImpl.get(TwitterImpl.java:1950)
	at twitter4j.TwitterImpl.getFriendsIDs(TwitterImpl.java:395)
	at retrieval.RetrieveFriendsJSON.main(RetrieveFriendsJSON.java:98)
	at sun.reflect.NativeMethodAccessorImpl.invoke0(Native Method)
	at sun.reflect.NativeMethodAccessorImpl.invoke(NativeMethodAccessorImpl.java:57)
	at sun.reflect.DelegatingMethodAccessorImpl.invoke(DelegatingMethodAccessorImpl.java:43)
	at java.lang.reflect.Method.invoke(Method.java:606)
	at org.eclipse.jdt.internal.jarinjarloader.JarRsrcLoader.main(JarRsrcLoader.java:58)
401:Authentication credentials (https://dev.twitter.com/pages/auth) were missing or incorrect. Ensure that you have set valid consumer key/secret, access token/secret, and the system clock is in sync.
{"request":"\/1.1\/friends\/ids.json?user_id=129672748&cursor=-1&include_entities=true","error":"Not authorized."}

Relevant discussions can be found on the Internet at:
	http://www.google.co.jp/search?q=a0c96a69 or
	http://www.google.co.jp/search?q=1935c143
TwitterException{exceptionCode=[a0c96a69-1935c143], statusCode=401, message=null, code=-1, retryAfter=-1, rateLimitStatus=RateLimitStatusJSONImpl{remaining=8, limit=15, resetTimeInSeconds=1399131307, secondsUntilReset=540}, version=4.0.1}
	at twitter4j.HttpClientImpl.handleRequest(HttpClientImpl.java:164)
	at twitter4j.HttpClientBase.request(HttpClientBase.java:53)
	at twitter4j.HttpClientBase.get(HttpClientBase.java:71)
	at twitter4j.TwitterImpl.get(TwitterImpl.java:1950)
	at twitter4j.TwitterImpl.getFriendsIDs(TwitterImpl.java:395)
	at retrieval.RetrieveFriendsJSON.main(RetrieveFriendsJSON.java:98)
	at sun.reflect.NativeMethodAccessorImpl.invoke0(Native Method)
	at sun.reflect.NativeMethodAccessorImpl.invoke(NativeMethodAccessorImpl.java:57)
	at sun.reflect.DelegatingMethodAccessorImpl.invoke(DelegatingMethodAccessorImpl.java:43)
	at java.lang.reflect.Method.invoke(Method.java:606)
	at org.eclipse.jdt.internal.jarinjarloader.JarRsrcLoader.main(JarRsrcLoader.java:58)
429:Returned in API v1.1 when a request cannot be served due to the application's rate limit having been exhausted for the resource. See Rate Limiting in API v1.1.(https://dev.twitter.com/docs/rate-limiting/1.1)
message - Rate limit exceeded
code - 88

Relevant discussions can be found on the Internet at:
	http://www.google.co.jp/search?q=a0c96a69 or
	http://www.google.co.jp/search?q=1935c143
TwitterException{exceptionCode=[a0c96a69-1935c143], statusCode=429, message=Rate limit exceeded, code=88, retryAfter=-1, rateLimitStatus=RateLimitStatusJSONImpl{remaining=0, limit=15, resetTimeInSeconds=1399131307, secondsUntilReset=0}, version=4.0.1}
	at twitter4j.HttpClientImpl.handleRequest(HttpClientImpl.java:164)
	at twitter4j.HttpClientBase.request(HttpClientBase.java:53)
	at twitter4j.HttpClientBase.get(HttpClientBase.java:71)
	at twitter4j.TwitterImpl.get(TwitterImpl.java:1950)
	at twitter4j.TwitterImpl.getFriendsIDs(TwitterImpl.java:395)
	at retrieval.RetrieveFriendsJSON.main(RetrieveFriendsJSON.java:98)
	at sun.reflect.NativeMethodAccessorImpl.invoke0(Native Method)
	at sun.reflect.NativeMethodAccessorImpl.invoke(NativeMethodAccessorImpl.java:57)
	at sun.reflect.DelegatingMethodAccessorImpl.invoke(DelegatingMethodAccessorImpl.java:43)
	at java.lang.reflect.Method.invoke(Method.java:606)
	at org.eclipse.jdt.internal.jarinjarloader.JarRsrcLoader.main(JarRsrcLoader.java:58)
404:The URI requested is invalid or the resource requested, such as a user, does not exists. Also returned when the requested format is not supported by the requested method.
message - Sorry, that page does not exist
code - 34

Relevant discussions can be found on the Internet at:
	http://www.google.co.jp/search?q=a0c96a69 or
	http://www.google.co.jp/search?q=1935c143
TwitterException{exceptionCode=[a0c96a69-1935c143], statusCode=404, message=Sorry, that page does not exist, code=34, retryAfter=-1, rateLimitStatus=RateLimitStatusJSONImpl{remaining=3, limit=15, resetTimeInSeconds=1399132266, secondsUntilReset=239}, version=4.0.1}
	at twitter4j.HttpClientImpl.handleRequest(HttpClientImpl.java:164)
	at twitter4j.HttpClientBase.request(HttpClientBase.java:53)
	at twitter4j.HttpClientBase.get(HttpClientBase.java:71)
	at twitter4j.TwitterImpl.get(TwitterImpl.java:1950)
	at twitter4j.TwitterImpl.getFriendsIDs(TwitterImpl.java:395)
	at retrieval.RetrieveFriendsJSON.main(RetrieveFriendsJSON.java:98)
	at sun.reflect.NativeMethodAccessorImpl.invoke0(Native Method)
	at sun.reflect.NativeMethodAccessorImpl.invoke(NativeMethodAccessorImpl.java:57)
	at sun.reflect.DelegatingMethodAccessorImpl.invoke(DelegatingMethodAccessorImpl.java:43)
	at java.lang.reflect.Method.invoke(Method.java:606)
	at org.eclipse.jdt.internal.jarinjarloader.JarRsrcLoader.main(JarRsrcLoader.java:58)
429:Returned in API v1.1 when a request cannot be served due to the application's rate limit having been exhausted for the resource. See Rate Limiting in API v1.1.(https://dev.twitter.com/docs/rate-limiting/1.1)
message - Rate limit exceeded
code - 88

Relevant discussions can be found on the Internet at:
	http://www.google.co.jp/search?q=a0c96a69 or
	http://www.google.co.jp/search?q=1935c143
TwitterException{exceptionCode=[a0c96a69-1935c143], statusCode=429, message=Rate limit exceeded, code=88, retryAfter=-1, rateLimitStatus=RateLimitStatusJSONImpl{remaining=0, limit=15, resetTimeInSeconds=1399132266, secondsUntilReset=0}, version=4.0.1}
	at twitter4j.HttpClientImpl.handleRequest(HttpClientImpl.java:164)
	at twitter4j.HttpClientBase.request(HttpClientBase.java:53)
	at twitter4j.HttpClientBase.get(HttpClientBase.java:71)
	at twitter4j.TwitterImpl.get(TwitterImpl.java:1950)
	at twitter4j.TwitterImpl.getFriendsIDs(TwitterImpl.java:395)
	at retrieval.RetrieveFriendsJSON.main(RetrieveFriendsJSON.java:98)
	at sun.reflect.NativeMethodAccessorImpl.invoke0(Native Method)
	at sun.reflect.NativeMethodAccessorImpl.invoke(NativeMethodAccessorImpl.java:57)
	at sun.reflect.DelegatingMethodAccessorImpl.invoke(DelegatingMethodAccessorImpl.java:43)
	at java.lang.reflect.Method.invoke(Method.java:606)
	at org.eclipse.jdt.internal.jarinjarloader.JarRsrcLoader.main(JarRsrcLoader.java:58)
401:Authentication credentials (https://dev.twitter.com/pages/auth) were missing or incorrect. Ensure that you have set valid consumer key/secret, access token/secret, and the system clock is in sync.
{"request":"\/1.1\/friends\/ids.json?user_id=2472521054&cursor=-1&include_entities=true","error":"Not authorized."}

Relevant discussions can be found on the Internet at:
	http://www.google.co.jp/search?q=a0c96a69 or
	http://www.google.co.jp/search?q=1935c143
TwitterException{exceptionCode=[a0c96a69-1935c143], statusCode=401, message=null, code=-1, retryAfter=-1, rateLimitStatus=RateLimitStatusJSONImpl{remaining=13, limit=15, resetTimeInSeconds=1399133226, secondsUntilReset=839}, version=4.0.1}
	at twitter4j.HttpClientImpl.handleRequest(HttpClientImpl.java:164)
	at twitter4j.HttpClientBase.request(HttpClientBase.java:53)
	at twitter4j.HttpClientBase.get(HttpClientBase.java:71)
	at twitter4j.TwitterImpl.get(TwitterImpl.java:1950)
	at twitter4j.TwitterImpl.getFriendsIDs(TwitterImpl.java:395)
	at retrieval.RetrieveFriendsJSON.main(RetrieveFriendsJSON.java:98)
	at sun.reflect.NativeMethodAccessorImpl.invoke0(Native Method)
	at sun.reflect.NativeMethodAccessorImpl.invoke(NativeMethodAccessorImpl.java:57)
	at sun.reflect.DelegatingMethodAccessorImpl.invoke(DelegatingMethodAccessorImpl.java:43)
	at java.lang.reflect.Method.invoke(Method.java:606)
	at org.eclipse.jdt.internal.jarinjarloader.JarRsrcLoader.main(JarRsrcLoader.java:58)
401:Authentication credentials (https://dev.twitter.com/pages/auth) were missing or incorrect. Ensure that you have set valid consumer key/secret, access token/secret, and the system clock is in sync.
{"request":"\/1.1\/friends\/ids.json?user_id=2435723223&cursor=-1&include_entities=true","error":"Not authorized."}

Relevant discussions can be found on the Internet at:
	http://www.google.co.jp/search?q=a0c96a69 or
	http://www.google.co.jp/search?q=1935c143
TwitterException{exceptionCode=[a0c96a69-1935c143], statusCode=401, message=null, code=-1, retryAfter=-1, rateLimitStatus=RateLimitStatusJSONImpl{remaining=8, limit=15, resetTimeInSeconds=1399133226, secondsUntilReset=539}, version=4.0.1}
	at twitter4j.HttpClientImpl.handleRequest(HttpClientImpl.java:164)
	at twitter4j.HttpClientBase.request(HttpClientBase.java:53)
	at twitter4j.HttpClientBase.get(HttpClientBase.java:71)
	at twitter4j.TwitterImpl.get(TwitterImpl.java:1950)
	at twitter4j.TwitterImpl.getFriendsIDs(TwitterImpl.java:395)
	at retrieval.RetrieveFriendsJSON.main(RetrieveFriendsJSON.java:98)
	at sun.reflect.NativeMethodAccessorImpl.invoke0(Native Method)
	at sun.reflect.NativeMethodAccessorImpl.invoke(NativeMethodAccessorImpl.java:57)
	at sun.reflect.DelegatingMethodAccessorImpl.invoke(DelegatingMethodAccessorImpl.java:43)
	at java.lang.reflect.Method.invoke(Method.java:606)
	at org.eclipse.jdt.internal.jarinjarloader.JarRsrcLoader.main(JarRsrcLoader.java:58)
401:Authentication credentials (https://dev.twitter.com/pages/auth) were missing or incorrect. Ensure that you have set valid consumer key/secret, access token/secret, and the system clock is in sync.
{"request":"\/1.1\/friends\/ids.json?user_id=45018755&cursor=-1&include_entities=true","error":"Not authorized."}

Relevant discussions can be found on the Internet at:
	http://www.google.co.jp/search?q=a0c96a69 or
	http://www.google.co.jp/search?q=1935c143
TwitterException{exceptionCode=[a0c96a69-1935c143], statusCode=401, message=null, code=-1, retryAfter=-1, rateLimitStatus=RateLimitStatusJSONImpl{remaining=4, limit=15, resetTimeInSeconds=1399133226, secondsUntilReset=299}, version=4.0.1}
	at twitter4j.HttpClientImpl.handleRequest(HttpClientImpl.java:164)
	at twitter4j.HttpClientBase.request(HttpClientBase.java:53)
	at twitter4j.HttpClientBase.get(HttpClientBase.java:71)
	at twitter4j.TwitterImpl.get(TwitterImpl.java:1950)
	at twitter4j.TwitterImpl.getFriendsIDs(TwitterImpl.java:395)
	at retrieval.RetrieveFriendsJSON.main(RetrieveFriendsJSON.java:98)
	at sun.reflect.NativeMethodAccessorImpl.invoke0(Native Method)
	at sun.reflect.NativeMethodAccessorImpl.invoke(NativeMethodAccessorImpl.java:57)
	at sun.reflect.DelegatingMethodAccessorImpl.invoke(DelegatingMethodAccessorImpl.java:43)
	at java.lang.reflect.Method.invoke(Method.java:606)
	at org.eclipse.jdt.internal.jarinjarloader.JarRsrcLoader.main(JarRsrcLoader.java:58)
429:Returned in API v1.1 when a request cannot be served due to the application's rate limit having been exhausted for the resource. See Rate Limiting in API v1.1.(https://dev.twitter.com/docs/rate-limiting/1.1)
message - Rate limit exceeded
code - 88

Relevant discussions can be found on the Internet at:
	http://www.google.co.jp/search?q=a0c96a69 or
	http://www.google.co.jp/search?q=1935c143
TwitterException{exceptionCode=[a0c96a69-1935c143], statusCode=429, message=Rate limit exceeded, code=88, retryAfter=-1, rateLimitStatus=RateLimitStatusJSONImpl{remaining=0, limit=15, resetTimeInSeconds=1399133226, secondsUntilReset=0}, version=4.0.1}
	at twitter4j.HttpClientImpl.handleRequest(HttpClientImpl.java:164)
	at twitter4j.HttpClientBase.request(HttpClientBase.java:53)
	at twitter4j.HttpClientBase.get(HttpClientBase.java:71)
	at twitter4j.TwitterImpl.get(TwitterImpl.java:1950)
	at twitter4j.TwitterImpl.getFriendsIDs(TwitterImpl.java:395)
	at retrieval.RetrieveFriendsJSON.main(RetrieveFriendsJSON.java:98)
	at sun.reflect.NativeMethodAccessorImpl.invoke0(Native Method)
	at sun.reflect.NativeMethodAccessorImpl.invoke(NativeMethodAccessorImpl.java:57)
	at sun.reflect.DelegatingMethodAccessorImpl.invoke(DelegatingMethodAccessorImpl.java:43)
	at java.lang.reflect.Method.invoke(Method.java:606)
	at org.eclipse.jdt.internal.jarinjarloader.JarRsrcLoader.main(JarRsrcLoader.java:58)
401:Authentication credentials (https://dev.twitter.com/pages/auth) were missing or incorrect. Ensure that you have set valid consumer key/secret, access token/secret, and the system clock is in sync.
{"request":"\/1.1\/friends\/ids.json?user_id=2472508916&cursor=-1&include_entities=true","error":"Not authorized."}

Relevant discussions can be found on the Internet at:
	http://www.google.co.jp/search?q=a0c96a69 or
	http://www.google.co.jp/search?q=1935c143
TwitterException{exceptionCode=[a0c96a69-1935c143], statusCode=401, message=null, code=-1, retryAfter=-1, rateLimitStatus=RateLimitStatusJSONImpl{remaining=14, limit=15, resetTimeInSeconds=1399135086, secondsUntilReset=899}, version=4.0.1}
	at twitter4j.HttpClientImpl.handleRequest(HttpClientImpl.java:164)
	at twitter4j.HttpClientBase.request(HttpClientBase.java:53)
	at twitter4j.HttpClientBase.get(HttpClientBase.java:71)
	at twitter4j.TwitterImpl.get(TwitterImpl.java:1950)
	at twitter4j.TwitterImpl.getFriendsIDs(TwitterImpl.java:395)
	at retrieval.RetrieveFriendsJSON.main(RetrieveFriendsJSON.java:98)
	at sun.reflect.NativeMethodAccessorImpl.invoke0(Native Method)
	at sun.reflect.NativeMethodAccessorImpl.invoke(NativeMethodAccessorImpl.java:57)
	at sun.reflect.DelegatingMethodAccessorImpl.invoke(DelegatingMethodAccessorImpl.java:43)
	at java.lang.reflect.Method.invoke(Method.java:606)
	at org.eclipse.jdt.internal.jarinjarloader.JarRsrcLoader.main(JarRsrcLoader.java:58)
429:Returned in API v1.1 when a request cannot be served due to the application's rate limit having been exhausted for the resource. See Rate Limiting in API v1.1.(https://dev.twitter.com/docs/rate-limiting/1.1)
message - Rate limit exceeded
code - 88

Relevant discussions can be found on the Internet at:
	http://www.google.co.jp/search?q=a0c96a69 or
	http://www.google.co.jp/search?q=1935c143
TwitterException{exceptionCode=[a0c96a69-1935c143], statusCode=429, message=Rate limit exceeded, code=88, retryAfter=-1, rateLimitStatus=RateLimitStatusJSONImpl{remaining=0, limit=15, resetTimeInSeconds=1399135086, secondsUntilReset=0}, version=4.0.1}
	at twitter4j.HttpClientImpl.handleRequest(HttpClientImpl.java:164)
	at twitter4j.HttpClientBase.request(HttpClientBase.java:53)
	at twitter4j.HttpClientBase.get(HttpClientBase.java:71)
	at twitter4j.TwitterImpl.get(TwitterImpl.java:1950)
	at twitter4j.TwitterImpl.getFriendsIDs(TwitterImpl.java:395)
	at retrieval.RetrieveFriendsJSON.main(RetrieveFriendsJSON.java:98)
	at sun.reflect.NativeMethodAccessorImpl.invoke0(Native Method)
	at sun.reflect.NativeMethodAccessorImpl.invoke(NativeMethodAccessorImpl.java:57)
	at sun.reflect.DelegatingMethodAccessorImpl.invoke(DelegatingMethodAccessorImpl.java:43)
	at java.lang.reflect.Method.invoke(Method.java:606)
	at org.eclipse.jdt.internal.jarinjarloader.JarRsrcLoader.main(JarRsrcLoader.java:58)
401:Authentication credentials (https://dev.twitter.com/pages/auth) were missing or incorrect. Ensure that you have set valid consumer key/secret, access token/secret, and the system clock is in sync.
{"request":"\/1.1\/friends\/ids.json?user_id=2472518641&cursor=-1&include_entities=true","error":"Not authorized."}

Relevant discussions can be found on the Internet at:
	http://www.google.co.jp/search?q=a0c96a69 or
	http://www.google.co.jp/search?q=1935c143
TwitterException{exceptionCode=[a0c96a69-1935c143], statusCode=401, message=null, code=-1, retryAfter=-1, rateLimitStatus=RateLimitStatusJSONImpl{remaining=14, limit=15, resetTimeInSeconds=1399136045, secondsUntilReset=899}, version=4.0.1}
	at twitter4j.HttpClientImpl.handleRequest(HttpClientImpl.java:164)
	at twitter4j.HttpClientBase.request(HttpClientBase.java:53)
	at twitter4j.HttpClientBase.get(HttpClientBase.java:71)
	at twitter4j.TwitterImpl.get(TwitterImpl.java:1950)
	at twitter4j.TwitterImpl.getFriendsIDs(TwitterImpl.java:395)
	at retrieval.RetrieveFriendsJSON.main(RetrieveFriendsJSON.java:98)
	at sun.reflect.NativeMethodAccessorImpl.invoke0(Native Method)
	at sun.reflect.NativeMethodAccessorImpl.invoke(NativeMethodAccessorImpl.java:57)
	at sun.reflect.DelegatingMethodAccessorImpl.invoke(DelegatingMethodAccessorImpl.java:43)
	at java.lang.reflect.Method.invoke(Method.java:606)
	at org.eclipse.jdt.internal.jarinjarloader.JarRsrcLoader.main(JarRsrcLoader.java:58)
401:Authentication credentials (https://dev.twitter.com/pages/auth) were missing or incorrect. Ensure that you have set valid consumer key/secret, access token/secret, and the system clock is in sync.
{"request":"\/1.1\/friends\/ids.json?user_id=2472505556&cursor=-1&include_entities=true","error":"Not authorized."}

Relevant discussions can be found on the Internet at:
	http://www.google.co.jp/search?q=a0c96a69 or
	http://www.google.co.jp/search?q=1935c143
TwitterException{exceptionCode=[a0c96a69-1935c143], statusCode=401, message=null, code=-1, retryAfter=-1, rateLimitStatus=RateLimitStatusJSONImpl{remaining=11, limit=15, resetTimeInSeconds=1399136045, secondsUntilReset=718}, version=4.0.1}
	at twitter4j.HttpClientImpl.handleRequest(HttpClientImpl.java:164)
	at twitter4j.HttpClientBase.request(HttpClientBase.java:53)
	at twitter4j.HttpClientBase.get(HttpClientBase.java:71)
	at twitter4j.TwitterImpl.get(TwitterImpl.java:1950)
	at twitter4j.TwitterImpl.getFriendsIDs(TwitterImpl.java:395)
	at retrieval.RetrieveFriendsJSON.main(RetrieveFriendsJSON.java:98)
	at sun.reflect.NativeMethodAccessorImpl.invoke0(Native Method)
	at sun.reflect.NativeMethodAccessorImpl.invoke(NativeMethodAccessorImpl.java:57)
	at sun.reflect.DelegatingMethodAccessorImpl.invoke(DelegatingMethodAccessorImpl.java:43)
	at java.lang.reflect.Method.invoke(Method.java:606)
	at org.eclipse.jdt.internal.jarinjarloader.JarRsrcLoader.main(JarRsrcLoader.java:58)
401:Authentication credentials (https://dev.twitter.com/pages/auth) were missing or incorrect. Ensure that you have set valid consumer key/secret, access token/secret, and the system clock is in sync.
{"request":"\/1.1\/friends\/ids.json?user_id=32695498&cursor=-1&include_entities=true","error":"Not authorized."}

Relevant discussions can be found on the Internet at:
	http://www.google.co.jp/search?q=a0c96a69 or
	http://www.google.co.jp/search?q=1935c143
TwitterException{exceptionCode=[a0c96a69-1935c143], statusCode=401, message=null, code=-1, retryAfter=-1, rateLimitStatus=RateLimitStatusJSONImpl{remaining=2, limit=15, resetTimeInSeconds=1399136045, secondsUntilReset=178}, version=4.0.1}
	at twitter4j.HttpClientImpl.handleRequest(HttpClientImpl.java:164)
	at twitter4j.HttpClientBase.request(HttpClientBase.java:53)
	at twitter4j.HttpClientBase.get(HttpClientBase.java:71)
	at twitter4j.TwitterImpl.get(TwitterImpl.java:1950)
	at twitter4j.TwitterImpl.getFriendsIDs(TwitterImpl.java:395)
	at retrieval.RetrieveFriendsJSON.main(RetrieveFriendsJSON.java:98)
	at sun.reflect.NativeMethodAccessorImpl.invoke0(Native Method)
	at sun.reflect.NativeMethodAccessorImpl.invoke(NativeMethodAccessorImpl.java:57)
	at sun.reflect.DelegatingMethodAccessorImpl.invoke(DelegatingMethodAccessorImpl.java:43)
	at java.lang.reflect.Method.invoke(Method.java:606)
	at org.eclipse.jdt.internal.jarinjarloader.JarRsrcLoader.main(JarRsrcLoader.java:58)
401:Authentication credentials (https://dev.twitter.com/pages/auth) were missing or incorrect. Ensure that you have set valid consumer key/secret, access token/secret, and the system clock is in sync.
{"request":"\/1.1\/friends\/ids.json?user_id=2472057433&cursor=-1&include_entities=true","error":"Not authorized."}

Relevant discussions can be found on the Internet at:
	http://www.google.co.jp/search?q=a0c96a69 or
	http://www.google.co.jp/search?q=1935c143
TwitterException{exceptionCode=[a0c96a69-1935c143], statusCode=401, message=null, code=-1, retryAfter=-1, rateLimitStatus=RateLimitStatusJSONImpl{remaining=3, limit=15, resetTimeInSeconds=1399136946, secondsUntilReset=238}, version=4.0.1}
	at twitter4j.HttpClientImpl.handleRequest(HttpClientImpl.java:164)
	at twitter4j.HttpClientBase.request(HttpClientBase.java:53)
	at twitter4j.HttpClientBase.get(HttpClientBase.java:71)
	at twitter4j.TwitterImpl.get(TwitterImpl.java:1950)
	at twitter4j.TwitterImpl.getFriendsIDs(TwitterImpl.java:395)
	at retrieval.RetrieveFriendsJSON.main(RetrieveFriendsJSON.java:98)
	at sun.reflect.NativeMethodAccessorImpl.invoke0(Native Method)
	at sun.reflect.NativeMethodAccessorImpl.invoke(NativeMethodAccessorImpl.java:57)
	at sun.reflect.DelegatingMethodAccessorImpl.invoke(DelegatingMethodAccessorImpl.java:43)
	at java.lang.reflect.Method.invoke(Method.java:606)
	at org.eclipse.jdt.internal.jarinjarloader.JarRsrcLoader.main(JarRsrcLoader.java:58)
404:The URI requested is invalid or the resource requested, such as a user, does not exists. Also returned when the requested format is not supported by the requested method.
message - Sorry, that page does not exist
code - 34

Relevant discussions can be found on the Internet at:
	http://www.google.co.jp/search?q=a0c96a69 or
	http://www.google.co.jp/search?q=1935c143
TwitterException{exceptionCode=[a0c96a69-1935c143], statusCode=404, message=Sorry, that page does not exist, code=34, retryAfter=-1, rateLimitStatus=RateLimitStatusJSONImpl{remaining=0, limit=15, resetTimeInSeconds=1399136946, secondsUntilReset=59}, version=4.0.1}
	at twitter4j.HttpClientImpl.handleRequest(HttpClientImpl.java:164)
	at twitter4j.HttpClientBase.request(HttpClientBase.java:53)
	at twitter4j.HttpClientBase.get(HttpClientBase.java:71)
	at twitter4j.TwitterImpl.get(TwitterImpl.java:1950)
	at twitter4j.TwitterImpl.getFriendsIDs(TwitterImpl.java:395)
	at retrieval.RetrieveFriendsJSON.main(RetrieveFriendsJSON.java:98)
	at sun.reflect.NativeMethodAccessorImpl.invoke0(Native Method)
	at sun.reflect.NativeMethodAccessorImpl.invoke(NativeMethodAccessorImpl.java:57)
	at sun.reflect.DelegatingMethodAccessorImpl.invoke(DelegatingMethodAccessorImpl.java:43)
	at java.lang.reflect.Method.invoke(Method.java:606)
	at org.eclipse.jdt.internal.jarinjarloader.JarRsrcLoader.main(JarRsrcLoader.java:58)
429:Returned in API v1.1 when a request cannot be served due to the application's rate limit having been exhausted for the resource. See Rate Limiting in API v1.1.(https://dev.twitter.com/docs/rate-limiting/1.1)
message - Rate limit exceeded
code - 88

Relevant discussions can be found on the Internet at:
	http://www.google.co.jp/search?q=a0c96a69 or
	http://www.google.co.jp/search?q=1935c143
TwitterException{exceptionCode=[a0c96a69-1935c143], statusCode=429, message=Rate limit exceeded, code=88, retryAfter=-1, rateLimitStatus=RateLimitStatusJSONImpl{remaining=0, limit=15, resetTimeInSeconds=1399136946, secondsUntilReset=0}, version=4.0.1}
	at twitter4j.HttpClientImpl.handleRequest(HttpClientImpl.java:164)
	at twitter4j.HttpClientBase.request(HttpClientBase.java:53)
	at twitter4j.HttpClientBase.get(HttpClientBase.java:71)
	at twitter4j.TwitterImpl.get(TwitterImpl.java:1950)
	at twitter4j.TwitterImpl.getFriendsIDs(TwitterImpl.java:395)
	at retrieval.RetrieveFriendsJSON.main(RetrieveFriendsJSON.java:98)
	at sun.reflect.NativeMethodAccessorImpl.invoke0(Native Method)
	at sun.reflect.NativeMethodAccessorImpl.invoke(NativeMethodAccessorImpl.java:57)
	at sun.reflect.DelegatingMethodAccessorImpl.invoke(DelegatingMethodAccessorImpl.java:43)
	at java.lang.reflect.Method.invoke(Method.java:606)
	at org.eclipse.jdt.internal.jarinjarloader.JarRsrcLoader.main(JarRsrcLoader.java:58)
401:Authentication credentials (https://dev.twitter.com/pages/auth) were missing or incorrect. Ensure that you have set valid consumer key/secret, access token/secret, and the system clock is in sync.
{"request":"\/1.1\/friends\/ids.json?user_id=18637181&cursor=-1&include_entities=true","error":"Not authorized."}

Relevant discussions can be found on the Internet at:
	http://www.google.co.jp/search?q=a0c96a69 or
	http://www.google.co.jp/search?q=1935c143
TwitterException{exceptionCode=[a0c96a69-1935c143], statusCode=401, message=null, code=-1, retryAfter=-1, rateLimitStatus=RateLimitStatusJSONImpl{remaining=5, limit=15, resetTimeInSeconds=1399137906, secondsUntilReset=359}, version=4.0.1}
	at twitter4j.HttpClientImpl.handleRequest(HttpClientImpl.java:164)
	at twitter4j.HttpClientBase.request(HttpClientBase.java:53)
	at twitter4j.HttpClientBase.get(HttpClientBase.java:71)
	at twitter4j.TwitterImpl.get(TwitterImpl.java:1950)
	at twitter4j.TwitterImpl.getFriendsIDs(TwitterImpl.java:395)
	at retrieval.RetrieveFriendsJSON.main(RetrieveFriendsJSON.java:98)
	at sun.reflect.NativeMethodAccessorImpl.invoke0(Native Method)
	at sun.reflect.NativeMethodAccessorImpl.invoke(NativeMethodAccessorImpl.java:57)
	at sun.reflect.DelegatingMethodAccessorImpl.invoke(DelegatingMethodAccessorImpl.java:43)
	at java.lang.reflect.Method.invoke(Method.java:606)
	at org.eclipse.jdt.internal.jarinjarloader.JarRsrcLoader.main(JarRsrcLoader.java:58)
401:Authentication credentials (https://dev.twitter.com/pages/auth) were missing or incorrect. Ensure that you have set valid consumer key/secret, access token/secret, and the system clock is in sync.
{"request":"\/1.1\/friends\/ids.json?user_id=2472030174&cursor=-1&include_entities=true","error":"Not authorized."}

Relevant discussions can be found on the Internet at:
	http://www.google.co.jp/search?q=a0c96a69 or
	http://www.google.co.jp/search?q=1935c143
TwitterException{exceptionCode=[a0c96a69-1935c143], statusCode=401, message=null, code=-1, retryAfter=-1, rateLimitStatus=RateLimitStatusJSONImpl{remaining=13, limit=15, resetTimeInSeconds=1399138807, secondsUntilReset=840}, version=4.0.1}
	at twitter4j.HttpClientImpl.handleRequest(HttpClientImpl.java:164)
	at twitter4j.HttpClientBase.request(HttpClientBase.java:53)
	at twitter4j.HttpClientBase.get(HttpClientBase.java:71)
	at twitter4j.TwitterImpl.get(TwitterImpl.java:1950)
	at twitter4j.TwitterImpl.getFriendsIDs(TwitterImpl.java:395)
	at retrieval.RetrieveFriendsJSON.main(RetrieveFriendsJSON.java:98)
	at sun.reflect.NativeMethodAccessorImpl.invoke0(Native Method)
	at sun.reflect.NativeMethodAccessorImpl.invoke(NativeMethodAccessorImpl.java:57)
	at sun.reflect.DelegatingMethodAccessorImpl.invoke(DelegatingMethodAccessorImpl.java:43)
	at java.lang.reflect.Method.invoke(Method.java:606)
	at org.eclipse.jdt.internal.jarinjarloader.JarRsrcLoader.main(JarRsrcLoader.java:58)
401:Authentication credentials (https://dev.twitter.com/pages/auth) were missing or incorrect. Ensure that you have set valid consumer key/secret, access token/secret, and the system clock is in sync.
{"request":"\/1.1\/friends\/ids.json?user_id=2472380754&cursor=-1&include_entities=true","error":"Not authorized."}

Relevant discussions can be found on the Internet at:
	http://www.google.co.jp/search?q=a0c96a69 or
	http://www.google.co.jp/search?q=1935c143
TwitterException{exceptionCode=[a0c96a69-1935c143], statusCode=401, message=null, code=-1, retryAfter=-1, rateLimitStatus=RateLimitStatusJSONImpl{remaining=1, limit=15, resetTimeInSeconds=1399138807, secondsUntilReset=120}, version=4.0.1}
	at twitter4j.HttpClientImpl.handleRequest(HttpClientImpl.java:164)
	at twitter4j.HttpClientBase.request(HttpClientBase.java:53)
	at twitter4j.HttpClientBase.get(HttpClientBase.java:71)
	at twitter4j.TwitterImpl.get(TwitterImpl.java:1950)
	at twitter4j.TwitterImpl.getFriendsIDs(TwitterImpl.java:395)
	at retrieval.RetrieveFriendsJSON.main(RetrieveFriendsJSON.java:98)
	at sun.reflect.NativeMethodAccessorImpl.invoke0(Native Method)
	at sun.reflect.NativeMethodAccessorImpl.invoke(NativeMethodAccessorImpl.java:57)
	at sun.reflect.DelegatingMethodAccessorImpl.invoke(DelegatingMethodAccessorImpl.java:43)
	at java.lang.reflect.Method.invoke(Method.java:606)
	at org.eclipse.jdt.internal.jarinjarloader.JarRsrcLoader.main(JarRsrcLoader.java:58)
429:Returned in API v1.1 when a request cannot be served due to the application's rate limit having been exhausted for the resource. See Rate Limiting in API v1.1.(https://dev.twitter.com/docs/rate-limiting/1.1)
message - Rate limit exceeded
code - 88

Relevant discussions can be found on the Internet at:
	http://www.google.co.jp/search?q=a0c96a69 or
	http://www.google.co.jp/search?q=1935c143
TwitterException{exceptionCode=[a0c96a69-1935c143], statusCode=429, message=Rate limit exceeded, code=88, retryAfter=-1, rateLimitStatus=RateLimitStatusJSONImpl{remaining=0, limit=15, resetTimeInSeconds=1399138807, secondsUntilReset=0}, version=4.0.1}
	at twitter4j.HttpClientImpl.handleRequest(HttpClientImpl.java:164)
	at twitter4j.HttpClientBase.request(HttpClientBase.java:53)
	at twitter4j.HttpClientBase.get(HttpClientBase.java:71)
	at twitter4j.TwitterImpl.get(TwitterImpl.java:1950)
	at twitter4j.TwitterImpl.getFriendsIDs(TwitterImpl.java:395)
	at retrieval.RetrieveFriendsJSON.main(RetrieveFriendsJSON.java:98)
	at sun.reflect.NativeMethodAccessorImpl.invoke0(Native Method)
	at sun.reflect.NativeMethodAccessorImpl.invoke(NativeMethodAccessorImpl.java:57)
	at sun.reflect.DelegatingMethodAccessorImpl.invoke(DelegatingMethodAccessorImpl.java:43)
	at java.lang.reflect.Method.invoke(Method.java:606)
	at org.eclipse.jdt.internal.jarinjarloader.JarRsrcLoader.main(JarRsrcLoader.java:58)
401:Authentication credentials (https://dev.twitter.com/pages/auth) were missing or incorrect. Ensure that you have set valid consumer key/secret, access token/secret, and the system clock is in sync.
{"request":"\/1.1\/friends\/ids.json?user_id=2472490861&cursor=-1&include_entities=true","error":"Not authorized."}

Relevant discussions can be found on the Internet at:
	http://www.google.co.jp/search?q=a0c96a69 or
	http://www.google.co.jp/search?q=1935c143
TwitterException{exceptionCode=[a0c96a69-1935c143], statusCode=401, message=null, code=-1, retryAfter=-1, rateLimitStatus=RateLimitStatusJSONImpl{remaining=10, limit=15, resetTimeInSeconds=1399139765, secondsUntilReset=657}, version=4.0.1}
	at twitter4j.HttpClientImpl.handleRequest(HttpClientImpl.java:164)
	at twitter4j.HttpClientBase.request(HttpClientBase.java:53)
	at twitter4j.HttpClientBase.get(HttpClientBase.java:71)
	at twitter4j.TwitterImpl.get(TwitterImpl.java:1950)
	at twitter4j.TwitterImpl.getFriendsIDs(TwitterImpl.java:395)
	at retrieval.RetrieveFriendsJSON.main(RetrieveFriendsJSON.java:98)
	at sun.reflect.NativeMethodAccessorImpl.invoke0(Native Method)
	at sun.reflect.NativeMethodAccessorImpl.invoke(NativeMethodAccessorImpl.java:57)
	at sun.reflect.DelegatingMethodAccessorImpl.invoke(DelegatingMethodAccessorImpl.java:43)
	at java.lang.reflect.Method.invoke(Method.java:606)
	at org.eclipse.jdt.internal.jarinjarloader.JarRsrcLoader.main(JarRsrcLoader.java:58)
401:Authentication credentials (https://dev.twitter.com/pages/auth) were missing or incorrect. Ensure that you have set valid consumer key/secret, access token/secret, and the system clock is in sync.
{"request":"\/1.1\/friends\/ids.json?user_id=322814798&cursor=-1&include_entities=true","error":"Not authorized."}

Relevant discussions can be found on the Internet at:
	http://www.google.co.jp/search?q=a0c96a69 or
	http://www.google.co.jp/search?q=1935c143
TwitterException{exceptionCode=[a0c96a69-1935c143], statusCode=401, message=null, code=-1, retryAfter=-1, rateLimitStatus=RateLimitStatusJSONImpl{remaining=7, limit=15, resetTimeInSeconds=1399139765, secondsUntilReset=478}, version=4.0.1}
	at twitter4j.HttpClientImpl.handleRequest(HttpClientImpl.java:164)
	at twitter4j.HttpClientBase.request(HttpClientBase.java:53)
	at twitter4j.HttpClientBase.get(HttpClientBase.java:71)
	at twitter4j.TwitterImpl.get(TwitterImpl.java:1950)
	at twitter4j.TwitterImpl.getFriendsIDs(TwitterImpl.java:395)
	at retrieval.RetrieveFriendsJSON.main(RetrieveFriendsJSON.java:98)
	at sun.reflect.NativeMethodAccessorImpl.invoke0(Native Method)
	at sun.reflect.NativeMethodAccessorImpl.invoke(NativeMethodAccessorImpl.java:57)
	at sun.reflect.DelegatingMethodAccessorImpl.invoke(DelegatingMethodAccessorImpl.java:43)
	at java.lang.reflect.Method.invoke(Method.java:606)
	at org.eclipse.jdt.internal.jarinjarloader.JarRsrcLoader.main(JarRsrcLoader.java:58)
401:Authentication credentials (https://dev.twitter.com/pages/auth) were missing or incorrect. Ensure that you have set valid consumer key/secret, access token/secret, and the system clock is in sync.
{"request":"\/1.1\/friends\/ids.json?user_id=388283640&cursor=-1&include_entities=true","error":"Not authorized."}

Relevant discussions can be found on the Internet at:
	http://www.google.co.jp/search?q=a0c96a69 or
	http://www.google.co.jp/search?q=1935c143
TwitterException{exceptionCode=[a0c96a69-1935c143], statusCode=401, message=null, code=-1, retryAfter=-1, rateLimitStatus=RateLimitStatusJSONImpl{remaining=0, limit=15, resetTimeInSeconds=1399139765, secondsUntilReset=57}, version=4.0.1}
	at twitter4j.HttpClientImpl.handleRequest(HttpClientImpl.java:164)
	at twitter4j.HttpClientBase.request(HttpClientBase.java:53)
	at twitter4j.HttpClientBase.get(HttpClientBase.java:71)
	at twitter4j.TwitterImpl.get(TwitterImpl.java:1950)
	at twitter4j.TwitterImpl.getFriendsIDs(TwitterImpl.java:395)
	at retrieval.RetrieveFriendsJSON.main(RetrieveFriendsJSON.java:98)
	at sun.reflect.NativeMethodAccessorImpl.invoke0(Native Method)
	at sun.reflect.NativeMethodAccessorImpl.invoke(NativeMethodAccessorImpl.java:57)
	at sun.reflect.DelegatingMethodAccessorImpl.invoke(DelegatingMethodAccessorImpl.java:43)
	at java.lang.reflect.Method.invoke(Method.java:606)
	at org.eclipse.jdt.internal.jarinjarloader.JarRsrcLoader.main(JarRsrcLoader.java:58)
401:Authentication credentials (https://dev.twitter.com/pages/auth) were missing or incorrect. Ensure that you have set valid consumer key/secret, access token/secret, and the system clock is in sync.
{"request":"\/1.1\/friends\/ids.json?user_id=308328245&cursor=-1&include_entities=true","error":"Not authorized."}

Relevant discussions can be found on the Internet at:
	http://www.google.co.jp/search?q=a0c96a69 or
	http://www.google.co.jp/search?q=1935c143
TwitterException{exceptionCode=[a0c96a69-1935c143], statusCode=401, message=null, code=-1, retryAfter=-1, rateLimitStatus=RateLimitStatusJSONImpl{remaining=6, limit=15, resetTimeInSeconds=1399140665, secondsUntilReset=418}, version=4.0.1}
	at twitter4j.HttpClientImpl.handleRequest(HttpClientImpl.java:164)
	at twitter4j.HttpClientBase.request(HttpClientBase.java:53)
	at twitter4j.HttpClientBase.get(HttpClientBase.java:71)
	at twitter4j.TwitterImpl.get(TwitterImpl.java:1950)
	at twitter4j.TwitterImpl.getFriendsIDs(TwitterImpl.java:395)
	at retrieval.RetrieveFriendsJSON.main(RetrieveFriendsJSON.java:98)
	at sun.reflect.NativeMethodAccessorImpl.invoke0(Native Method)
	at sun.reflect.NativeMethodAccessorImpl.invoke(NativeMethodAccessorImpl.java:57)
	at sun.reflect.DelegatingMethodAccessorImpl.invoke(DelegatingMethodAccessorImpl.java:43)
	at java.lang.reflect.Method.invoke(Method.java:606)
	at org.eclipse.jdt.internal.jarinjarloader.JarRsrcLoader.main(JarRsrcLoader.java:58)
401:Authentication credentials (https://dev.twitter.com/pages/auth) were missing or incorrect. Ensure that you have set valid consumer key/secret, access token/secret, and the system clock is in sync.
{"request":"\/1.1\/friends\/ids.json?user_id=29031721&cursor=-1&include_entities=true","error":"Not authorized."}

Relevant discussions can be found on the Internet at:
	http://www.google.co.jp/search?q=a0c96a69 or
	http://www.google.co.jp/search?q=1935c143
TwitterException{exceptionCode=[a0c96a69-1935c143], statusCode=401, message=null, code=-1, retryAfter=-1, rateLimitStatus=RateLimitStatusJSONImpl{remaining=1, limit=15, resetTimeInSeconds=1399141566, secondsUntilReset=119}, version=4.0.1}
	at twitter4j.HttpClientImpl.handleRequest(HttpClientImpl.java:164)
	at twitter4j.HttpClientBase.request(HttpClientBase.java:53)
	at twitter4j.HttpClientBase.get(HttpClientBase.java:71)
	at twitter4j.TwitterImpl.get(TwitterImpl.java:1950)
	at twitter4j.TwitterImpl.getFriendsIDs(TwitterImpl.java:395)
	at retrieval.RetrieveFriendsJSON.main(RetrieveFriendsJSON.java:98)
	at sun.reflect.NativeMethodAccessorImpl.invoke0(Native Method)
	at sun.reflect.NativeMethodAccessorImpl.invoke(NativeMethodAccessorImpl.java:57)
	at sun.reflect.DelegatingMethodAccessorImpl.invoke(DelegatingMethodAccessorImpl.java:43)
	at java.lang.reflect.Method.invoke(Method.java:606)
	at org.eclipse.jdt.internal.jarinjarloader.JarRsrcLoader.main(JarRsrcLoader.java:58)
429:Returned in API v1.1 when a request cannot be served due to the application's rate limit having been exhausted for the resource. See Rate Limiting in API v1.1.(https://dev.twitter.com/docs/rate-limiting/1.1)
message - Rate limit exceeded
code - 88

Relevant discussions can be found on the Internet at:
	http://www.google.co.jp/search?q=a0c96a69 or
	http://www.google.co.jp/search?q=1935c143
TwitterException{exceptionCode=[a0c96a69-1935c143], statusCode=429, message=Rate limit exceeded, code=88, retryAfter=-1, rateLimitStatus=RateLimitStatusJSONImpl{remaining=0, limit=15, resetTimeInSeconds=1399141566, secondsUntilReset=0}, version=4.0.1}
	at twitter4j.HttpClientImpl.handleRequest(HttpClientImpl.java:164)
	at twitter4j.HttpClientBase.request(HttpClientBase.java:53)
	at twitter4j.HttpClientBase.get(HttpClientBase.java:71)
	at twitter4j.TwitterImpl.get(TwitterImpl.java:1950)
	at twitter4j.TwitterImpl.getFriendsIDs(TwitterImpl.java:395)
	at retrieval.RetrieveFriendsJSON.main(RetrieveFriendsJSON.java:98)
	at sun.reflect.NativeMethodAccessorImpl.invoke0(Native Method)
	at sun.reflect.NativeMethodAccessorImpl.invoke(NativeMethodAccessorImpl.java:57)
	at sun.reflect.DelegatingMethodAccessorImpl.invoke(DelegatingMethodAccessorImpl.java:43)
	at java.lang.reflect.Method.invoke(Method.java:606)
	at org.eclipse.jdt.internal.jarinjarloader.JarRsrcLoader.main(JarRsrcLoader.java:58)
429:Returned in API v1.1 when a request cannot be served due to the application's rate limit having been exhausted for the resource. See Rate Limiting in API v1.1.(https://dev.twitter.com/docs/rate-limiting/1.1)
message - Rate limit exceeded
code - 88

Relevant discussions can be found on the Internet at:
	http://www.google.co.jp/search?q=0fd39a69 or
	http://www.google.co.jp/search?q=1aa4245d
TwitterException{exceptionCode=[0fd39a69-1aa4245d], statusCode=429, message=Rate limit exceeded, code=88, retryAfter=-1, rateLimitStatus=RateLimitStatusJSONImpl{remaining=0, limit=15, resetTimeInSeconds=1399142647, secondsUntilReset=0}, version=4.0.1}
	at twitter4j.HttpClientImpl.handleRequest(HttpClientImpl.java:164)
	at twitter4j.HttpClientBase.request(HttpClientBase.java:53)
	at twitter4j.HttpClientBase.get(HttpClientBase.java:71)
	at twitter4j.TwitterImpl.get(TwitterImpl.java:1950)
	at twitter4j.TwitterImpl.getFollowersIDs(TwitterImpl.java:421)
	at retrieval.RetrieveFriendsJSON.main(RetrieveFriendsJSON.java:110)
	at sun.reflect.NativeMethodAccessorImpl.invoke0(Native Method)
	at sun.reflect.NativeMethodAccessorImpl.invoke(NativeMethodAccessorImpl.java:57)
	at sun.reflect.DelegatingMethodAccessorImpl.invoke(DelegatingMethodAccessorImpl.java:43)
	at java.lang.reflect.Method.invoke(Method.java:606)
	at org.eclipse.jdt.internal.jarinjarloader.JarRsrcLoader.main(JarRsrcLoader.java:58)
429:Returned in API v1.1 when a request cannot be served due to the application's rate limit having been exhausted for the resource. See Rate Limiting in API v1.1.(https://dev.twitter.com/docs/rate-limiting/1.1)
message - Rate limit exceeded
code - 88

Relevant discussions can be found on the Internet at:
	http://www.google.co.jp/search?q=a0c96a69 or
	http://www.google.co.jp/search?q=1935c143
TwitterException{exceptionCode=[a0c96a69-1935c143], statusCode=429, message=Rate limit exceeded, code=88, retryAfter=-1, rateLimitStatus=RateLimitStatusJSONImpl{remaining=0, limit=15, resetTimeInSeconds=1399143427, secondsUntilReset=0}, version=4.0.1}
	at twitter4j.HttpClientImpl.handleRequest(HttpClientImpl.java:164)
	at twitter4j.HttpClientBase.request(HttpClientBase.java:53)
	at twitter4j.HttpClientBase.get(HttpClientBase.java:71)
	at twitter4j.TwitterImpl.get(TwitterImpl.java:1950)
	at twitter4j.TwitterImpl.getFriendsIDs(TwitterImpl.java:395)
	at retrieval.RetrieveFriendsJSON.main(RetrieveFriendsJSON.java:98)
	at sun.reflect.NativeMethodAccessorImpl.invoke0(Native Method)
	at sun.reflect.NativeMethodAccessorImpl.invoke(NativeMethodAccessorImpl.java:57)
	at sun.reflect.DelegatingMethodAccessorImpl.invoke(DelegatingMethodAccessorImpl.java:43)
	at java.lang.reflect.Method.invoke(Method.java:606)
	at org.eclipse.jdt.internal.jarinjarloader.JarRsrcLoader.main(JarRsrcLoader.java:58)
401:Authentication credentials (https://dev.twitter.com/pages/auth) were missing or incorrect. Ensure that you have set valid consumer key/secret, access token/secret, and the system clock is in sync.
{"request":"\/1.1\/friends\/ids.json?user_id=156497414&cursor=-1&include_entities=true","error":"Not authorized."}

Relevant discussions can be found on the Internet at:
	http://www.google.co.jp/search?q=a0c96a69 or
	http://www.google.co.jp/search?q=1935c143
TwitterException{exceptionCode=[a0c96a69-1935c143], statusCode=401, message=null, code=-1, retryAfter=-1, rateLimitStatus=RateLimitStatusJSONImpl{remaining=4, limit=15, resetTimeInSeconds=1399144385, secondsUntilReset=298}, version=4.0.1}
	at twitter4j.HttpClientImpl.handleRequest(HttpClientImpl.java:164)
	at twitter4j.HttpClientBase.request(HttpClientBase.java:53)
	at twitter4j.HttpClientBase.get(HttpClientBase.java:71)
	at twitter4j.TwitterImpl.get(TwitterImpl.java:1950)
	at twitter4j.TwitterImpl.getFriendsIDs(TwitterImpl.java:395)
	at retrieval.RetrieveFriendsJSON.main(RetrieveFriendsJSON.java:98)
	at sun.reflect.NativeMethodAccessorImpl.invoke0(Native Method)
	at sun.reflect.NativeMethodAccessorImpl.invoke(NativeMethodAccessorImpl.java:57)
	at sun.reflect.DelegatingMethodAccessorImpl.invoke(DelegatingMethodAccessorImpl.java:43)
	at java.lang.reflect.Method.invoke(Method.java:606)
	at org.eclipse.jdt.internal.jarinjarloader.JarRsrcLoader.main(JarRsrcLoader.java:58)
401:Authentication credentials (https://dev.twitter.com/pages/auth) were missing or incorrect. Ensure that you have set valid consumer key/secret, access token/secret, and the system clock is in sync.
{"request":"\/1.1\/friends\/ids.json?user_id=2472245360&cursor=-1&include_entities=true","error":"Not authorized."}

Relevant discussions can be found on the Internet at:
	http://www.google.co.jp/search?q=a0c96a69 or
	http://www.google.co.jp/search?q=1935c143
TwitterException{exceptionCode=[a0c96a69-1935c143], statusCode=401, message=null, code=-1, retryAfter=-1, rateLimitStatus=RateLimitStatusJSONImpl{remaining=4, limit=15, resetTimeInSeconds=1399145286, secondsUntilReset=299}, version=4.0.1}
	at twitter4j.HttpClientImpl.handleRequest(HttpClientImpl.java:164)
	at twitter4j.HttpClientBase.request(HttpClientBase.java:53)
	at twitter4j.HttpClientBase.get(HttpClientBase.java:71)
	at twitter4j.TwitterImpl.get(TwitterImpl.java:1950)
	at twitter4j.TwitterImpl.getFriendsIDs(TwitterImpl.java:395)
	at retrieval.RetrieveFriendsJSON.main(RetrieveFriendsJSON.java:98)
	at sun.reflect.NativeMethodAccessorImpl.invoke0(Native Method)
	at sun.reflect.NativeMethodAccessorImpl.invoke(NativeMethodAccessorImpl.java:57)
	at sun.reflect.DelegatingMethodAccessorImpl.invoke(DelegatingMethodAccessorImpl.java:43)
	at java.lang.reflect.Method.invoke(Method.java:606)
	at org.eclipse.jdt.internal.jarinjarloader.JarRsrcLoader.main(JarRsrcLoader.java:58)
429:Returned in API v1.1 when a request cannot be served due to the application's rate limit having been exhausted for the resource. See Rate Limiting in API v1.1.(https://dev.twitter.com/docs/rate-limiting/1.1)
message - Rate limit exceeded
code - 88

Relevant discussions can be found on the Internet at:
	http://www.google.co.jp/search?q=a0c96a69 or
	http://www.google.co.jp/search?q=1935c143
TwitterException{exceptionCode=[a0c96a69-1935c143], statusCode=429, message=Rate limit exceeded, code=88, retryAfter=-1, rateLimitStatus=RateLimitStatusJSONImpl{remaining=0, limit=15, resetTimeInSeconds=1399145286, secondsUntilReset=0}, version=4.0.1}
	at twitter4j.HttpClientImpl.handleRequest(HttpClientImpl.java:164)
	at twitter4j.HttpClientBase.request(HttpClientBase.java:53)
	at twitter4j.HttpClientBase.get(HttpClientBase.java:71)
	at twitter4j.TwitterImpl.get(TwitterImpl.java:1950)
	at twitter4j.TwitterImpl.getFriendsIDs(TwitterImpl.java:395)
	at retrieval.RetrieveFriendsJSON.main(RetrieveFriendsJSON.java:98)
	at sun.reflect.NativeMethodAccessorImpl.invoke0(Native Method)
	at sun.reflect.NativeMethodAccessorImpl.invoke(NativeMethodAccessorImpl.java:57)
	at sun.reflect.DelegatingMethodAccessorImpl.invoke(DelegatingMethodAccessorImpl.java:43)
	at java.lang.reflect.Method.invoke(Method.java:606)
	at org.eclipse.jdt.internal.jarinjarloader.JarRsrcLoader.main(JarRsrcLoader.java:58)
401:Authentication credentials (https://dev.twitter.com/pages/auth) were missing or incorrect. Ensure that you have set valid consumer key/secret, access token/secret, and the system clock is in sync.
{"request":"\/1.1\/friends\/ids.json?user_id=282785470&cursor=-1&include_entities=true","error":"Not authorized."}

Relevant discussions can be found on the Internet at:
	http://www.google.co.jp/search?q=a0c96a69 or
	http://www.google.co.jp/search?q=1935c143
TwitterException{exceptionCode=[a0c96a69-1935c143], statusCode=401, message=null, code=-1, retryAfter=-1, rateLimitStatus=RateLimitStatusJSONImpl{remaining=9, limit=15, resetTimeInSeconds=1399146246, secondsUntilReset=599}, version=4.0.1}
	at twitter4j.HttpClientImpl.handleRequest(HttpClientImpl.java:164)
	at twitter4j.HttpClientBase.request(HttpClientBase.java:53)
	at twitter4j.HttpClientBase.get(HttpClientBase.java:71)
	at twitter4j.TwitterImpl.get(TwitterImpl.java:1950)
	at twitter4j.TwitterImpl.getFriendsIDs(TwitterImpl.java:395)
	at retrieval.RetrieveFriendsJSON.main(RetrieveFriendsJSON.java:98)
	at sun.reflect.NativeMethodAccessorImpl.invoke0(Native Method)
	at sun.reflect.NativeMethodAccessorImpl.invoke(NativeMethodAccessorImpl.java:57)
	at sun.reflect.DelegatingMethodAccessorImpl.invoke(DelegatingMethodAccessorImpl.java:43)
	at java.lang.reflect.Method.invoke(Method.java:606)
	at org.eclipse.jdt.internal.jarinjarloader.JarRsrcLoader.main(JarRsrcLoader.java:58)
401:Authentication credentials (https://dev.twitter.com/pages/auth) were missing or incorrect. Ensure that you have set valid consumer key/secret, access token/secret, and the system clock is in sync.
{"request":"\/1.1\/friends\/ids.json?user_id=224819366&cursor=-1&include_entities=true","error":"Not authorized."}

Relevant discussions can be found on the Internet at:
	http://www.google.co.jp/search?q=a0c96a69 or
	http://www.google.co.jp/search?q=1935c143
TwitterException{exceptionCode=[a0c96a69-1935c143], statusCode=401, message=null, code=-1, retryAfter=-1, rateLimitStatus=RateLimitStatusJSONImpl{remaining=6, limit=15, resetTimeInSeconds=1399146246, secondsUntilReset=419}, version=4.0.1}
	at twitter4j.HttpClientImpl.handleRequest(HttpClientImpl.java:164)
	at twitter4j.HttpClientBase.request(HttpClientBase.java:53)
	at twitter4j.HttpClientBase.get(HttpClientBase.java:71)
	at twitter4j.TwitterImpl.get(TwitterImpl.java:1950)
	at twitter4j.TwitterImpl.getFriendsIDs(TwitterImpl.java:395)
	at retrieval.RetrieveFriendsJSON.main(RetrieveFriendsJSON.java:98)
	at sun.reflect.NativeMethodAccessorImpl.invoke0(Native Method)
	at sun.reflect.NativeMethodAccessorImpl.invoke(NativeMethodAccessorImpl.java:57)
	at sun.reflect.DelegatingMethodAccessorImpl.invoke(DelegatingMethodAccessorImpl.java:43)
	at java.lang.reflect.Method.invoke(Method.java:606)
	at org.eclipse.jdt.internal.jarinjarloader.JarRsrcLoader.main(JarRsrcLoader.java:58)
429:Returned in API v1.1 when a request cannot be served due to the application's rate limit having been exhausted for the resource. See Rate Limiting in API v1.1.(https://dev.twitter.com/docs/rate-limiting/1.1)
message - Rate limit exceeded
code - 88

Relevant discussions can be found on the Internet at:
	http://www.google.co.jp/search?q=a0c96a69 or
	http://www.google.co.jp/search?q=1935c143
TwitterException{exceptionCode=[a0c96a69-1935c143], statusCode=429, message=Rate limit exceeded, code=88, retryAfter=-1, rateLimitStatus=RateLimitStatusJSONImpl{remaining=0, limit=15, resetTimeInSeconds=1399147147, secondsUntilReset=0}, version=4.0.1}
	at twitter4j.HttpClientImpl.handleRequest(HttpClientImpl.java:164)
	at twitter4j.HttpClientBase.request(HttpClientBase.java:53)
	at twitter4j.HttpClientBase.get(HttpClientBase.java:71)
	at twitter4j.TwitterImpl.get(TwitterImpl.java:1950)
	at twitter4j.TwitterImpl.getFriendsIDs(TwitterImpl.java:395)
	at retrieval.RetrieveFriendsJSON.main(RetrieveFriendsJSON.java:98)
	at sun.reflect.NativeMethodAccessorImpl.invoke0(Native Method)
	at sun.reflect.NativeMethodAccessorImpl.invoke(NativeMethodAccessorImpl.java:57)
	at sun.reflect.DelegatingMethodAccessorImpl.invoke(DelegatingMethodAccessorImpl.java:43)
	at java.lang.reflect.Method.invoke(Method.java:606)
	at org.eclipse.jdt.internal.jarinjarloader.JarRsrcLoader.main(JarRsrcLoader.java:58)
401:Authentication credentials (https://dev.twitter.com/pages/auth) were missing or incorrect. Ensure that you have set valid consumer key/secret, access token/secret, and the system clock is in sync.
{"request":"\/1.1\/friends\/ids.json?user_id=997188914&cursor=-1&include_entities=true","error":"Not authorized."}

Relevant discussions can be found on the Internet at:
	http://www.google.co.jp/search?q=a0c96a69 or
	http://www.google.co.jp/search?q=1935c143
TwitterException{exceptionCode=[a0c96a69-1935c143], statusCode=401, message=null, code=-1, retryAfter=-1, rateLimitStatus=RateLimitStatusJSONImpl{remaining=4, limit=15, resetTimeInSeconds=1399148107, secondsUntilReset=299}, version=4.0.1}
	at twitter4j.HttpClientImpl.handleRequest(HttpClientImpl.java:164)
	at twitter4j.HttpClientBase.request(HttpClientBase.java:53)
	at twitter4j.HttpClientBase.get(HttpClientBase.java:71)
	at twitter4j.TwitterImpl.get(TwitterImpl.java:1950)
	at twitter4j.TwitterImpl.getFriendsIDs(TwitterImpl.java:395)
	at retrieval.RetrieveFriendsJSON.main(RetrieveFriendsJSON.java:98)
	at sun.reflect.NativeMethodAccessorImpl.invoke0(Native Method)
	at sun.reflect.NativeMethodAccessorImpl.invoke(NativeMethodAccessorImpl.java:57)
	at sun.reflect.DelegatingMethodAccessorImpl.invoke(DelegatingMethodAccessorImpl.java:43)
	at java.lang.reflect.Method.invoke(Method.java:606)
	at org.eclipse.jdt.internal.jarinjarloader.JarRsrcLoader.main(JarRsrcLoader.java:58)
401:Authentication credentials (https://dev.twitter.com/pages/auth) were missing or incorrect. Ensure that you have set valid consumer key/secret, access token/secret, and the system clock is in sync.
{"request":"\/1.1\/friends\/ids.json?user_id=575150087&cursor=-1&include_entities=true","error":"Not authorized."}

Relevant discussions can be found on the Internet at:
	http://www.google.co.jp/search?q=a0c96a69 or
	http://www.google.co.jp/search?q=1935c143
TwitterException{exceptionCode=[a0c96a69-1935c143], statusCode=401, message=null, code=-1, retryAfter=-1, rateLimitStatus=RateLimitStatusJSONImpl{remaining=12, limit=15, resetTimeInSeconds=1399149907, secondsUntilReset=780}, version=4.0.1}
	at twitter4j.HttpClientImpl.handleRequest(HttpClientImpl.java:164)
	at twitter4j.HttpClientBase.request(HttpClientBase.java:53)
	at twitter4j.HttpClientBase.get(HttpClientBase.java:71)
	at twitter4j.TwitterImpl.get(TwitterImpl.java:1950)
	at twitter4j.TwitterImpl.getFriendsIDs(TwitterImpl.java:395)
	at retrieval.RetrieveFriendsJSON.main(RetrieveFriendsJSON.java:98)
	at sun.reflect.NativeMethodAccessorImpl.invoke0(Native Method)
	at sun.reflect.NativeMethodAccessorImpl.invoke(NativeMethodAccessorImpl.java:57)
	at sun.reflect.DelegatingMethodAccessorImpl.invoke(DelegatingMethodAccessorImpl.java:43)
	at java.lang.reflect.Method.invoke(Method.java:606)
	at org.eclipse.jdt.internal.jarinjarloader.JarRsrcLoader.main(JarRsrcLoader.java:58)
401:Authentication credentials (https://dev.twitter.com/pages/auth) were missing or incorrect. Ensure that you have set valid consumer key/secret, access token/secret, and the system clock is in sync.
{"request":"\/1.1\/friends\/ids.json?user_id=82175483&cursor=-1&include_entities=true","error":"Not authorized."}

Relevant discussions can be found on the Internet at:
	http://www.google.co.jp/search?q=a0c96a69 or
	http://www.google.co.jp/search?q=1935c143
TwitterException{exceptionCode=[a0c96a69-1935c143], statusCode=401, message=null, code=-1, retryAfter=-1, rateLimitStatus=RateLimitStatusJSONImpl{remaining=4, limit=15, resetTimeInSeconds=1399149907, secondsUntilReset=299}, version=4.0.1}
	at twitter4j.HttpClientImpl.handleRequest(HttpClientImpl.java:164)
	at twitter4j.HttpClientBase.request(HttpClientBase.java:53)
	at twitter4j.HttpClientBase.get(HttpClientBase.java:71)
	at twitter4j.TwitterImpl.get(TwitterImpl.java:1950)
	at twitter4j.TwitterImpl.getFriendsIDs(TwitterImpl.java:395)
	at retrieval.RetrieveFriendsJSON.main(RetrieveFriendsJSON.java:98)
	at sun.reflect.NativeMethodAccessorImpl.invoke0(Native Method)
	at sun.reflect.NativeMethodAccessorImpl.invoke(NativeMethodAccessorImpl.java:57)
	at sun.reflect.DelegatingMethodAccessorImpl.invoke(DelegatingMethodAccessorImpl.java:43)
	at java.lang.reflect.Method.invoke(Method.java:606)
	at org.eclipse.jdt.internal.jarinjarloader.JarRsrcLoader.main(JarRsrcLoader.java:58)
401:Authentication credentials (https://dev.twitter.com/pages/auth) were missing or incorrect. Ensure that you have set valid consumer key/secret, access token/secret, and the system clock is in sync.
{"request":"\/1.1\/friends\/ids.json?user_id=55966304&cursor=-1&include_entities=true","error":"Not authorized."}

Relevant discussions can be found on the Internet at:
	http://www.google.co.jp/search?q=a0c96a69 or
	http://www.google.co.jp/search?q=1935c143
TwitterException{exceptionCode=[a0c96a69-1935c143], statusCode=401, message=null, code=-1, retryAfter=-1, rateLimitStatus=RateLimitStatusJSONImpl{remaining=0, limit=15, resetTimeInSeconds=1399149907, secondsUntilReset=60}, version=4.0.1}
	at twitter4j.HttpClientImpl.handleRequest(HttpClientImpl.java:164)
	at twitter4j.HttpClientBase.request(HttpClientBase.java:53)
	at twitter4j.HttpClientBase.get(HttpClientBase.java:71)
	at twitter4j.TwitterImpl.get(TwitterImpl.java:1950)
	at twitter4j.TwitterImpl.getFriendsIDs(TwitterImpl.java:395)
	at retrieval.RetrieveFriendsJSON.main(RetrieveFriendsJSON.java:98)
	at sun.reflect.NativeMethodAccessorImpl.invoke0(Native Method)
	at sun.reflect.NativeMethodAccessorImpl.invoke(NativeMethodAccessorImpl.java:57)
	at sun.reflect.DelegatingMethodAccessorImpl.invoke(DelegatingMethodAccessorImpl.java:43)
	at java.lang.reflect.Method.invoke(Method.java:606)
	at org.eclipse.jdt.internal.jarinjarloader.JarRsrcLoader.main(JarRsrcLoader.java:58)
429:Returned in API v1.1 when a request cannot be served due to the application's rate limit having been exhausted for the resource. See Rate Limiting in API v1.1.(https://dev.twitter.com/docs/rate-limiting/1.1)
message - Rate limit exceeded
code - 88

Relevant discussions can be found on the Internet at:
	http://www.google.co.jp/search?q=a0c96a69 or
	http://www.google.co.jp/search?q=1935c143
TwitterException{exceptionCode=[a0c96a69-1935c143], statusCode=429, message=Rate limit exceeded, code=88, retryAfter=-1, rateLimitStatus=RateLimitStatusJSONImpl{remaining=0, limit=15, resetTimeInSeconds=1399149907, secondsUntilReset=0}, version=4.0.1}
	at twitter4j.HttpClientImpl.handleRequest(HttpClientImpl.java:164)
	at twitter4j.HttpClientBase.request(HttpClientBase.java:53)
	at twitter4j.HttpClientBase.get(HttpClientBase.java:71)
	at twitter4j.TwitterImpl.get(TwitterImpl.java:1950)
	at twitter4j.TwitterImpl.getFriendsIDs(TwitterImpl.java:395)
	at retrieval.RetrieveFriendsJSON.main(RetrieveFriendsJSON.java:98)
	at sun.reflect.NativeMethodAccessorImpl.invoke0(Native Method)
	at sun.reflect.NativeMethodAccessorImpl.invoke(NativeMethodAccessorImpl.java:57)
	at sun.reflect.DelegatingMethodAccessorImpl.invoke(DelegatingMethodAccessorImpl.java:43)
	at java.lang.reflect.Method.invoke(Method.java:606)
	at org.eclipse.jdt.internal.jarinjarloader.JarRsrcLoader.main(JarRsrcLoader.java:58)
401:Authentication credentials (https://dev.twitter.com/pages/auth) were missing or incorrect. Ensure that you have set valid consumer key/secret, access token/secret, and the system clock is in sync.
{"request":"\/1.1\/friends\/ids.json?user_id=237664229&cursor=-1&include_entities=true","error":"Not authorized."}

Relevant discussions can be found on the Internet at:
	http://www.google.co.jp/search?q=a0c96a69 or
	http://www.google.co.jp/search?q=1935c143
TwitterException{exceptionCode=[a0c96a69-1935c143], statusCode=401, message=null, code=-1, retryAfter=-1, rateLimitStatus=RateLimitStatusJSONImpl{remaining=13, limit=15, resetTimeInSeconds=1399150866, secondsUntilReset=839}, version=4.0.1}
	at twitter4j.HttpClientImpl.handleRequest(HttpClientImpl.java:164)
	at twitter4j.HttpClientBase.request(HttpClientBase.java:53)
	at twitter4j.HttpClientBase.get(HttpClientBase.java:71)
	at twitter4j.TwitterImpl.get(TwitterImpl.java:1950)
	at twitter4j.TwitterImpl.getFriendsIDs(TwitterImpl.java:395)
	at retrieval.RetrieveFriendsJSON.main(RetrieveFriendsJSON.java:98)
	at sun.reflect.NativeMethodAccessorImpl.invoke0(Native Method)
	at sun.reflect.NativeMethodAccessorImpl.invoke(NativeMethodAccessorImpl.java:57)
	at sun.reflect.DelegatingMethodAccessorImpl.invoke(DelegatingMethodAccessorImpl.java:43)
	at java.lang.reflect.Method.invoke(Method.java:606)
	at org.eclipse.jdt.internal.jarinjarloader.JarRsrcLoader.main(JarRsrcLoader.java:58)
429:Returned in API v1.1 when a request cannot be served due to the application's rate limit having been exhausted for the resource. See Rate Limiting in API v1.1.(https://dev.twitter.com/docs/rate-limiting/1.1)
message - Rate limit exceeded
code - 88

Relevant discussions can be found on the Internet at:
	http://www.google.co.jp/search?q=a0c96a69 or
	http://www.google.co.jp/search?q=1935c143
TwitterException{exceptionCode=[a0c96a69-1935c143], statusCode=429, message=Rate limit exceeded, code=88, retryAfter=-1, rateLimitStatus=RateLimitStatusJSONImpl{remaining=0, limit=15, resetTimeInSeconds=1399150866, secondsUntilReset=0}, version=4.0.1}
	at twitter4j.HttpClientImpl.handleRequest(HttpClientImpl.java:164)
	at twitter4j.HttpClientBase.request(HttpClientBase.java:53)
	at twitter4j.HttpClientBase.get(HttpClientBase.java:71)
	at twitter4j.TwitterImpl.get(TwitterImpl.java:1950)
	at twitter4j.TwitterImpl.getFriendsIDs(TwitterImpl.java:395)
	at retrieval.RetrieveFriendsJSON.main(RetrieveFriendsJSON.java:98)
	at sun.reflect.NativeMethodAccessorImpl.invoke0(Native Method)
	at sun.reflect.NativeMethodAccessorImpl.invoke(NativeMethodAccessorImpl.java:57)
	at sun.reflect.DelegatingMethodAccessorImpl.invoke(DelegatingMethodAccessorImpl.java:43)
	at java.lang.reflect.Method.invoke(Method.java:606)
	at org.eclipse.jdt.internal.jarinjarloader.JarRsrcLoader.main(JarRsrcLoader.java:58)
401:Authentication credentials (https://dev.twitter.com/pages/auth) were missing or incorrect. Ensure that you have set valid consumer key/secret, access token/secret, and the system clock is in sync.
{"request":"\/1.1\/friends\/ids.json?user_id=50503925&cursor=-1&include_entities=true","error":"Not authorized."}

Relevant discussions can be found on the Internet at:
	http://www.google.co.jp/search?q=a0c96a69 or
	http://www.google.co.jp/search?q=1935c143
TwitterException{exceptionCode=[a0c96a69-1935c143], statusCode=401, message=null, code=-1, retryAfter=-1, rateLimitStatus=RateLimitStatusJSONImpl{remaining=14, limit=15, resetTimeInSeconds=1399151825, secondsUntilReset=899}, version=4.0.1}
	at twitter4j.HttpClientImpl.handleRequest(HttpClientImpl.java:164)
	at twitter4j.HttpClientBase.request(HttpClientBase.java:53)
	at twitter4j.HttpClientBase.get(HttpClientBase.java:71)
	at twitter4j.TwitterImpl.get(TwitterImpl.java:1950)
	at twitter4j.TwitterImpl.getFriendsIDs(TwitterImpl.java:395)
	at retrieval.RetrieveFriendsJSON.main(RetrieveFriendsJSON.java:98)
	at sun.reflect.NativeMethodAccessorImpl.invoke0(Native Method)
	at sun.reflect.NativeMethodAccessorImpl.invoke(NativeMethodAccessorImpl.java:57)
	at sun.reflect.DelegatingMethodAccessorImpl.invoke(DelegatingMethodAccessorImpl.java:43)
	at java.lang.reflect.Method.invoke(Method.java:606)
	at org.eclipse.jdt.internal.jarinjarloader.JarRsrcLoader.main(JarRsrcLoader.java:58)
401:Authentication credentials (https://dev.twitter.com/pages/auth) were missing or incorrect. Ensure that you have set valid consumer key/secret, access token/secret, and the system clock is in sync.
{"request":"\/1.1\/friends\/ids.json?user_id=2314703176&cursor=-1&include_entities=true","error":"Not authorized."}

Relevant discussions can be found on the Internet at:
	http://www.google.co.jp/search?q=a0c96a69 or
	http://www.google.co.jp/search?q=1935c143
TwitterException{exceptionCode=[a0c96a69-1935c143], statusCode=401, message=null, code=-1, retryAfter=-1, rateLimitStatus=RateLimitStatusJSONImpl{remaining=11, limit=15, resetTimeInSeconds=1399151825, secondsUntilReset=717}, version=4.0.1}
	at twitter4j.HttpClientImpl.handleRequest(HttpClientImpl.java:164)
	at twitter4j.HttpClientBase.request(HttpClientBase.java:53)
	at twitter4j.HttpClientBase.get(HttpClientBase.java:71)
	at twitter4j.TwitterImpl.get(TwitterImpl.java:1950)
	at twitter4j.TwitterImpl.getFriendsIDs(TwitterImpl.java:395)
	at retrieval.RetrieveFriendsJSON.main(RetrieveFriendsJSON.java:98)
	at sun.reflect.NativeMethodAccessorImpl.invoke0(Native Method)
	at sun.reflect.NativeMethodAccessorImpl.invoke(NativeMethodAccessorImpl.java:57)
	at sun.reflect.DelegatingMethodAccessorImpl.invoke(DelegatingMethodAccessorImpl.java:43)
	at java.lang.reflect.Method.invoke(Method.java:606)
	at org.eclipse.jdt.internal.jarinjarloader.JarRsrcLoader.main(JarRsrcLoader.java:58)
401:Authentication credentials (https://dev.twitter.com/pages/auth) were missing or incorrect. Ensure that you have set valid consumer key/secret, access token/secret, and the system clock is in sync.
{"request":"\/1.1\/friends\/ids.json?user_id=106181239&cursor=-1&include_entities=true","error":"Not authorized."}

Relevant discussions can be found on the Internet at:
	http://www.google.co.jp/search?q=a0c96a69 or
	http://www.google.co.jp/search?q=1935c143
TwitterException{exceptionCode=[a0c96a69-1935c143], statusCode=401, message=null, code=-1, retryAfter=-1, rateLimitStatus=RateLimitStatusJSONImpl{remaining=10, limit=15, resetTimeInSeconds=1399152726, secondsUntilReset=658}, version=4.0.1}
	at twitter4j.HttpClientImpl.handleRequest(HttpClientImpl.java:164)
	at twitter4j.HttpClientBase.request(HttpClientBase.java:53)
	at twitter4j.HttpClientBase.get(HttpClientBase.java:71)
	at twitter4j.TwitterImpl.get(TwitterImpl.java:1950)
	at twitter4j.TwitterImpl.getFriendsIDs(TwitterImpl.java:395)
	at retrieval.RetrieveFriendsJSON.main(RetrieveFriendsJSON.java:98)
	at sun.reflect.NativeMethodAccessorImpl.invoke0(Native Method)
	at sun.reflect.NativeMethodAccessorImpl.invoke(NativeMethodAccessorImpl.java:57)
	at sun.reflect.DelegatingMethodAccessorImpl.invoke(DelegatingMethodAccessorImpl.java:43)
	at java.lang.reflect.Method.invoke(Method.java:606)
	at org.eclipse.jdt.internal.jarinjarloader.JarRsrcLoader.main(JarRsrcLoader.java:58)
429:Returned in API v1.1 when a request cannot be served due to the application's rate limit having been exhausted for the resource. See Rate Limiting in API v1.1.(https://dev.twitter.com/docs/rate-limiting/1.1)
message - Rate limit exceeded
code - 88

Relevant discussions can be found on the Internet at:
	http://www.google.co.jp/search?q=a0c96a69 or
	http://www.google.co.jp/search?q=1935c143
TwitterException{exceptionCode=[a0c96a69-1935c143], statusCode=429, message=Rate limit exceeded, code=88, retryAfter=-1, rateLimitStatus=RateLimitStatusJSONImpl{remaining=0, limit=15, resetTimeInSeconds=1399152726, secondsUntilReset=0}, version=4.0.1}
	at twitter4j.HttpClientImpl.handleRequest(HttpClientImpl.java:164)
	at twitter4j.HttpClientBase.request(HttpClientBase.java:53)
	at twitter4j.HttpClientBase.get(HttpClientBase.java:71)
	at twitter4j.TwitterImpl.get(TwitterImpl.java:1950)
	at twitter4j.TwitterImpl.getFriendsIDs(TwitterImpl.java:395)
	at retrieval.RetrieveFriendsJSON.main(RetrieveFriendsJSON.java:98)
	at sun.reflect.NativeMethodAccessorImpl.invoke0(Native Method)
	at sun.reflect.NativeMethodAccessorImpl.invoke(NativeMethodAccessorImpl.java:57)
	at sun.reflect.DelegatingMethodAccessorImpl.invoke(DelegatingMethodAccessorImpl.java:43)
	at java.lang.reflect.Method.invoke(Method.java:606)
	at org.eclipse.jdt.internal.jarinjarloader.JarRsrcLoader.main(JarRsrcLoader.java:58)
401:Authentication credentials (https://dev.twitter.com/pages/auth) were missing or incorrect. Ensure that you have set valid consumer key/secret, access token/secret, and the system clock is in sync.
{"request":"\/1.1\/friends\/ids.json?user_id=334502605&cursor=-1&include_entities=true","error":"Not authorized."}

Relevant discussions can be found on the Internet at:
	http://www.google.co.jp/search?q=a0c96a69 or
	http://www.google.co.jp/search?q=1935c143
TwitterException{exceptionCode=[a0c96a69-1935c143], statusCode=401, message=null, code=-1, retryAfter=-1, rateLimitStatus=RateLimitStatusJSONImpl{remaining=5, limit=15, resetTimeInSeconds=1399153686, secondsUntilReset=359}, version=4.0.1}
	at twitter4j.HttpClientImpl.handleRequest(HttpClientImpl.java:164)
	at twitter4j.HttpClientBase.request(HttpClientBase.java:53)
	at twitter4j.HttpClientBase.get(HttpClientBase.java:71)
	at twitter4j.TwitterImpl.get(TwitterImpl.java:1950)
	at twitter4j.TwitterImpl.getFriendsIDs(TwitterImpl.java:395)
	at retrieval.RetrieveFriendsJSON.main(RetrieveFriendsJSON.java:98)
	at sun.reflect.NativeMethodAccessorImpl.invoke0(Native Method)
	at sun.reflect.NativeMethodAccessorImpl.invoke(NativeMethodAccessorImpl.java:57)
	at sun.reflect.DelegatingMethodAccessorImpl.invoke(DelegatingMethodAccessorImpl.java:43)
	at java.lang.reflect.Method.invoke(Method.java:606)
	at org.eclipse.jdt.internal.jarinjarloader.JarRsrcLoader.main(JarRsrcLoader.java:58)
401:Authentication credentials (https://dev.twitter.com/pages/auth) were missing or incorrect. Ensure that you have set valid consumer key/secret, access token/secret, and the system clock is in sync.
{"request":"\/1.1\/friends\/ids.json?user_id=2472403231&cursor=-1&include_entities=true","error":"Not authorized."}

Relevant discussions can be found on the Internet at:
	http://www.google.co.jp/search?q=a0c96a69 or
	http://www.google.co.jp/search?q=1935c143
TwitterException{exceptionCode=[a0c96a69-1935c143], statusCode=401, message=null, code=-1, retryAfter=-1, rateLimitStatus=RateLimitStatusJSONImpl{remaining=13, limit=15, resetTimeInSeconds=1399154586, secondsUntilReset=839}, version=4.0.1}
	at twitter4j.HttpClientImpl.handleRequest(HttpClientImpl.java:164)
	at twitter4j.HttpClientBase.request(HttpClientBase.java:53)
	at twitter4j.HttpClientBase.get(HttpClientBase.java:71)
	at twitter4j.TwitterImpl.get(TwitterImpl.java:1950)
	at twitter4j.TwitterImpl.getFriendsIDs(TwitterImpl.java:395)
	at retrieval.RetrieveFriendsJSON.main(RetrieveFriendsJSON.java:98)
	at sun.reflect.NativeMethodAccessorImpl.invoke0(Native Method)
	at sun.reflect.NativeMethodAccessorImpl.invoke(NativeMethodAccessorImpl.java:57)
	at sun.reflect.DelegatingMethodAccessorImpl.invoke(DelegatingMethodAccessorImpl.java:43)
	at java.lang.reflect.Method.invoke(Method.java:606)
	at org.eclipse.jdt.internal.jarinjarloader.JarRsrcLoader.main(JarRsrcLoader.java:58)
401:Authentication credentials (https://dev.twitter.com/pages/auth) were missing or incorrect. Ensure that you have set valid consumer key/secret, access token/secret, and the system clock is in sync.
{"request":"\/1.1\/friends\/ids.json?user_id=26901067&cursor=-1&include_entities=true","error":"Not authorized."}

Relevant discussions can be found on the Internet at:
	http://www.google.co.jp/search?q=a0c96a69 or
	http://www.google.co.jp/search?q=1935c143
TwitterException{exceptionCode=[a0c96a69-1935c143], statusCode=401, message=null, code=-1, retryAfter=-1, rateLimitStatus=RateLimitStatusJSONImpl{remaining=1, limit=15, resetTimeInSeconds=1399154586, secondsUntilReset=119}, version=4.0.1}
	at twitter4j.HttpClientImpl.handleRequest(HttpClientImpl.java:164)
	at twitter4j.HttpClientBase.request(HttpClientBase.java:53)
	at twitter4j.HttpClientBase.get(HttpClientBase.java:71)
	at twitter4j.TwitterImpl.get(TwitterImpl.java:1950)
	at twitter4j.TwitterImpl.getFriendsIDs(TwitterImpl.java:395)
	at retrieval.RetrieveFriendsJSON.main(RetrieveFriendsJSON.java:98)
	at sun.reflect.NativeMethodAccessorImpl.invoke0(Native Method)
	at sun.reflect.NativeMethodAccessorImpl.invoke(NativeMethodAccessorImpl.java:57)
	at sun.reflect.DelegatingMethodAccessorImpl.invoke(DelegatingMethodAccessorImpl.java:43)
	at java.lang.reflect.Method.invoke(Method.java:606)
	at org.eclipse.jdt.internal.jarinjarloader.JarRsrcLoader.main(JarRsrcLoader.java:58)
401:Authentication credentials (https://dev.twitter.com/pages/auth) were missing or incorrect. Ensure that you have set valid consumer key/secret, access token/secret, and the system clock is in sync.
{"request":"\/1.1\/friends\/ids.json?user_id=2472361554&cursor=-1&include_entities=true","error":"Not authorized."}

Relevant discussions can be found on the Internet at:
	http://www.google.co.jp/search?q=a0c96a69 or
	http://www.google.co.jp/search?q=1935c143
TwitterException{exceptionCode=[a0c96a69-1935c143], statusCode=401, message=null, code=-1, retryAfter=-1, rateLimitStatus=RateLimitStatusJSONImpl{remaining=12, limit=15, resetTimeInSeconds=1399155487, secondsUntilReset=778}, version=4.0.1}
	at twitter4j.HttpClientImpl.handleRequest(HttpClientImpl.java:164)
	at twitter4j.HttpClientBase.request(HttpClientBase.java:53)
	at twitter4j.HttpClientBase.get(HttpClientBase.java:71)
	at twitter4j.TwitterImpl.get(TwitterImpl.java:1950)
	at twitter4j.TwitterImpl.getFriendsIDs(TwitterImpl.java:395)
	at retrieval.RetrieveFriendsJSON.main(RetrieveFriendsJSON.java:98)
	at sun.reflect.NativeMethodAccessorImpl.invoke0(Native Method)
	at sun.reflect.NativeMethodAccessorImpl.invoke(NativeMethodAccessorImpl.java:57)
	at sun.reflect.DelegatingMethodAccessorImpl.invoke(DelegatingMethodAccessorImpl.java:43)
	at java.lang.reflect.Method.invoke(Method.java:606)
	at org.eclipse.jdt.internal.jarinjarloader.JarRsrcLoader.main(JarRsrcLoader.java:58)
429:Returned in API v1.1 when a request cannot be served due to the application's rate limit having been exhausted for the resource. See Rate Limiting in API v1.1.(https://dev.twitter.com/docs/rate-limiting/1.1)
message - Rate limit exceeded
code - 88

Relevant discussions can be found on the Internet at:
	http://www.google.co.jp/search?q=a0c96a69 or
	http://www.google.co.jp/search?q=1935c143
TwitterException{exceptionCode=[a0c96a69-1935c143], statusCode=429, message=Rate limit exceeded, code=88, retryAfter=-1, rateLimitStatus=RateLimitStatusJSONImpl{remaining=0, limit=15, resetTimeInSeconds=1399155487, secondsUntilReset=0}, version=4.0.1}
	at twitter4j.HttpClientImpl.handleRequest(HttpClientImpl.java:164)
	at twitter4j.HttpClientBase.request(HttpClientBase.java:53)
	at twitter4j.HttpClientBase.get(HttpClientBase.java:71)
	at twitter4j.TwitterImpl.get(TwitterImpl.java:1950)
	at twitter4j.TwitterImpl.getFriendsIDs(TwitterImpl.java:395)
	at retrieval.RetrieveFriendsJSON.main(RetrieveFriendsJSON.java:98)
	at sun.reflect.NativeMethodAccessorImpl.invoke0(Native Method)
	at sun.reflect.NativeMethodAccessorImpl.invoke(NativeMethodAccessorImpl.java:57)
	at sun.reflect.DelegatingMethodAccessorImpl.invoke(DelegatingMethodAccessorImpl.java:43)
	at java.lang.reflect.Method.invoke(Method.java:606)
	at org.eclipse.jdt.internal.jarinjarloader.JarRsrcLoader.main(JarRsrcLoader.java:58)
429:Returned in API v1.1 when a request cannot be served due to the application's rate limit having been exhausted for the resource. See Rate Limiting in API v1.1.(https://dev.twitter.com/docs/rate-limiting/1.1)
message - Rate limit exceeded
code - 88

Relevant discussions can be found on the Internet at:
	http://www.google.co.jp/search?q=0fd39a69 or
	http://www.google.co.jp/search?q=1aa4245d
TwitterException{exceptionCode=[0fd39a69-1aa4245d], statusCode=429, message=Rate limit exceeded, code=88, retryAfter=-1, rateLimitStatus=RateLimitStatusJSONImpl{remaining=0, limit=15, resetTimeInSeconds=1399156747, secondsUntilReset=0}, version=4.0.1}
	at twitter4j.HttpClientImpl.handleRequest(HttpClientImpl.java:164)
	at twitter4j.HttpClientBase.request(HttpClientBase.java:53)
	at twitter4j.HttpClientBase.get(HttpClientBase.java:71)
	at twitter4j.TwitterImpl.get(TwitterImpl.java:1950)
	at twitter4j.TwitterImpl.getFollowersIDs(TwitterImpl.java:421)
	at retrieval.RetrieveFriendsJSON.main(RetrieveFriendsJSON.java:110)
	at sun.reflect.NativeMethodAccessorImpl.invoke0(Native Method)
	at sun.reflect.NativeMethodAccessorImpl.invoke(NativeMethodAccessorImpl.java:57)
	at sun.reflect.DelegatingMethodAccessorImpl.invoke(DelegatingMethodAccessorImpl.java:43)
	at java.lang.reflect.Method.invoke(Method.java:606)
	at org.eclipse.jdt.internal.jarinjarloader.JarRsrcLoader.main(JarRsrcLoader.java:58)
401:Authentication credentials (https://dev.twitter.com/pages/auth) were missing or incorrect. Ensure that you have set valid consumer key/secret, access token/secret, and the system clock is in sync.
{"request":"\/1.1\/friends\/ids.json?user_id=2472362096&cursor=-1&include_entities=true","error":"Not authorized."}

Relevant discussions can be found on the Internet at:
	http://www.google.co.jp/search?q=a0c96a69 or
	http://www.google.co.jp/search?q=1935c143
TwitterException{exceptionCode=[a0c96a69-1935c143], statusCode=401, message=null, code=-1, retryAfter=-1, rateLimitStatus=RateLimitStatusJSONImpl{remaining=3, limit=15, resetTimeInSeconds=1399158246, secondsUntilReset=238}, version=4.0.1}
	at twitter4j.HttpClientImpl.handleRequest(HttpClientImpl.java:164)
	at twitter4j.HttpClientBase.request(HttpClientBase.java:53)
	at twitter4j.HttpClientBase.get(HttpClientBase.java:71)
	at twitter4j.TwitterImpl.get(TwitterImpl.java:1950)
	at twitter4j.TwitterImpl.getFriendsIDs(TwitterImpl.java:395)
	at retrieval.RetrieveFriendsJSON.main(RetrieveFriendsJSON.java:98)
	at sun.reflect.NativeMethodAccessorImpl.invoke0(Native Method)
	at sun.reflect.NativeMethodAccessorImpl.invoke(NativeMethodAccessorImpl.java:57)
	at sun.reflect.DelegatingMethodAccessorImpl.invoke(DelegatingMethodAccessorImpl.java:43)
	at java.lang.reflect.Method.invoke(Method.java:606)
	at org.eclipse.jdt.internal.jarinjarloader.JarRsrcLoader.main(JarRsrcLoader.java:58)
429:Returned in API v1.1 when a request cannot be served due to the application's rate limit having been exhausted for the resource. See Rate Limiting in API v1.1.(https://dev.twitter.com/docs/rate-limiting/1.1)
message - Rate limit exceeded
code - 88

Relevant discussions can be found on the Internet at:
	http://www.google.co.jp/search?q=a0c96a69 or
	http://www.google.co.jp/search?q=1935c143
TwitterException{exceptionCode=[a0c96a69-1935c143], statusCode=429, message=Rate limit exceeded, code=88, retryAfter=-1, rateLimitStatus=RateLimitStatusJSONImpl{remaining=0, limit=15, resetTimeInSeconds=1399158246, secondsUntilReset=0}, version=4.0.1}
	at twitter4j.HttpClientImpl.handleRequest(HttpClientImpl.java:164)
	at twitter4j.HttpClientBase.request(HttpClientBase.java:53)
	at twitter4j.HttpClientBase.get(HttpClientBase.java:71)
	at twitter4j.TwitterImpl.get(TwitterImpl.java:1950)
	at twitter4j.TwitterImpl.getFriendsIDs(TwitterImpl.java:395)
	at retrieval.RetrieveFriendsJSON.main(RetrieveFriendsJSON.java:98)
	at sun.reflect.NativeMethodAccessorImpl.invoke0(Native Method)
	at sun.reflect.NativeMethodAccessorImpl.invoke(NativeMethodAccessorImpl.java:57)
	at sun.reflect.DelegatingMethodAccessorImpl.invoke(DelegatingMethodAccessorImpl.java:43)
	at java.lang.reflect.Method.invoke(Method.java:606)
	at org.eclipse.jdt.internal.jarinjarloader.JarRsrcLoader.main(JarRsrcLoader.java:58)
429:Returned in API v1.1 when a request cannot be served due to the application's rate limit having been exhausted for the resource. See Rate Limiting in API v1.1.(https://dev.twitter.com/docs/rate-limiting/1.1)
message - Rate limit exceeded
code - 88

Relevant discussions can be found on the Internet at:
	http://www.google.co.jp/search?q=0fd39a69 or
	http://www.google.co.jp/search?q=1aa4245d
TwitterException{exceptionCode=[0fd39a69-1aa4245d], statusCode=429, message=Rate limit exceeded, code=88, retryAfter=-1, rateLimitStatus=RateLimitStatusJSONImpl{remaining=0, limit=15, resetTimeInSeconds=1399160469, secondsUntilReset=2}, version=4.0.1}
	at twitter4j.HttpClientImpl.handleRequest(HttpClientImpl.java:164)
	at twitter4j.HttpClientBase.request(HttpClientBase.java:53)
	at twitter4j.HttpClientBase.get(HttpClientBase.java:71)
	at twitter4j.TwitterImpl.get(TwitterImpl.java:1950)
	at twitter4j.TwitterImpl.getFollowersIDs(TwitterImpl.java:421)
	at retrieval.RetrieveFriendsJSON.main(RetrieveFriendsJSON.java:110)
	at sun.reflect.NativeMethodAccessorImpl.invoke0(Native Method)
	at sun.reflect.NativeMethodAccessorImpl.invoke(NativeMethodAccessorImpl.java:57)
	at sun.reflect.DelegatingMethodAccessorImpl.invoke(DelegatingMethodAccessorImpl.java:43)
	at java.lang.reflect.Method.invoke(Method.java:606)
	at org.eclipse.jdt.internal.jarinjarloader.JarRsrcLoader.main(JarRsrcLoader.java:58)
401:Authentication credentials (https://dev.twitter.com/pages/auth) were missing or incorrect. Ensure that you have set valid consumer key/secret, access token/secret, and the system clock is in sync.
{"request":"\/1.1\/friends\/ids.json?user_id=49333139&cursor=-1&include_entities=true","error":"Not authorized."}

Relevant discussions can be found on the Internet at:
	http://www.google.co.jp/search?q=a0c96a69 or
	http://www.google.co.jp/search?q=1935c143
TwitterException{exceptionCode=[a0c96a69-1935c143], statusCode=401, message=null, code=-1, retryAfter=-1, rateLimitStatus=RateLimitStatusJSONImpl{remaining=0, limit=15, resetTimeInSeconds=1399161907, secondsUntilReset=60}, version=4.0.1}
	at twitter4j.HttpClientImpl.handleRequest(HttpClientImpl.java:164)
	at twitter4j.HttpClientBase.request(HttpClientBase.java:53)
	at twitter4j.HttpClientBase.get(HttpClientBase.java:71)
	at twitter4j.TwitterImpl.get(TwitterImpl.java:1950)
	at twitter4j.TwitterImpl.getFriendsIDs(TwitterImpl.java:395)
	at retrieval.RetrieveFriendsJSON.main(RetrieveFriendsJSON.java:98)
	at sun.reflect.NativeMethodAccessorImpl.invoke0(Native Method)
	at sun.reflect.NativeMethodAccessorImpl.invoke(NativeMethodAccessorImpl.java:57)
	at sun.reflect.DelegatingMethodAccessorImpl.invoke(DelegatingMethodAccessorImpl.java:43)
	at java.lang.reflect.Method.invoke(Method.java:606)
	at org.eclipse.jdt.internal.jarinjarloader.JarRsrcLoader.main(JarRsrcLoader.java:58)
429:Returned in API v1.1 when a request cannot be served due to the application's rate limit having been exhausted for the resource. See Rate Limiting in API v1.1.(https://dev.twitter.com/docs/rate-limiting/1.1)
message - Rate limit exceeded
code - 88

Relevant discussions can be found on the Internet at:
	http://www.google.co.jp/search?q=a0c96a69 or
	http://www.google.co.jp/search?q=1935c143
TwitterException{exceptionCode=[a0c96a69-1935c143], statusCode=429, message=Rate limit exceeded, code=88, retryAfter=-1, rateLimitStatus=RateLimitStatusJSONImpl{remaining=0, limit=15, resetTimeInSeconds=1399161907, secondsUntilReset=0}, version=4.0.1}
	at twitter4j.HttpClientImpl.handleRequest(HttpClientImpl.java:164)
	at twitter4j.HttpClientBase.request(HttpClientBase.java:53)
	at twitter4j.HttpClientBase.get(HttpClientBase.java:71)
	at twitter4j.TwitterImpl.get(TwitterImpl.java:1950)
	at twitter4j.TwitterImpl.getFriendsIDs(TwitterImpl.java:395)
	at retrieval.RetrieveFriendsJSON.main(RetrieveFriendsJSON.java:98)
	at sun.reflect.NativeMethodAccessorImpl.invoke0(Native Method)
	at sun.reflect.NativeMethodAccessorImpl.invoke(NativeMethodAccessorImpl.java:57)
	at sun.reflect.DelegatingMethodAccessorImpl.invoke(DelegatingMethodAccessorImpl.java:43)
	at java.lang.reflect.Method.invoke(Method.java:606)
	at org.eclipse.jdt.internal.jarinjarloader.JarRsrcLoader.main(JarRsrcLoader.java:58)
401:Authentication credentials (https://dev.twitter.com/pages/auth) were missing or incorrect. Ensure that you have set valid consumer key/secret, access token/secret, and the system clock is in sync.
{"request":"\/1.1\/friends\/ids.json?user_id=2472342517&cursor=-1&include_entities=true","error":"Not authorized."}

Relevant discussions can be found on the Internet at:
	http://www.google.co.jp/search?q=a0c96a69 or
	http://www.google.co.jp/search?q=1935c143
TwitterException{exceptionCode=[a0c96a69-1935c143], statusCode=401, message=null, code=-1, retryAfter=-1, rateLimitStatus=RateLimitStatusJSONImpl{remaining=12, limit=15, resetTimeInSeconds=1399162866, secondsUntilReset=776}, version=4.0.1}
	at twitter4j.HttpClientImpl.handleRequest(HttpClientImpl.java:164)
	at twitter4j.HttpClientBase.request(HttpClientBase.java:53)
	at twitter4j.HttpClientBase.get(HttpClientBase.java:71)
	at twitter4j.TwitterImpl.get(TwitterImpl.java:1950)
	at twitter4j.TwitterImpl.getFriendsIDs(TwitterImpl.java:395)
	at retrieval.RetrieveFriendsJSON.main(RetrieveFriendsJSON.java:98)
	at sun.reflect.NativeMethodAccessorImpl.invoke0(Native Method)
	at sun.reflect.NativeMethodAccessorImpl.invoke(NativeMethodAccessorImpl.java:57)
	at sun.reflect.DelegatingMethodAccessorImpl.invoke(DelegatingMethodAccessorImpl.java:43)
	at java.lang.reflect.Method.invoke(Method.java:606)
	at org.eclipse.jdt.internal.jarinjarloader.JarRsrcLoader.main(JarRsrcLoader.java:58)
429:Returned in API v1.1 when a request cannot be served due to the application's rate limit having been exhausted for the resource. See Rate Limiting in API v1.1.(https://dev.twitter.com/docs/rate-limiting/1.1)
message - Rate limit exceeded
code - 88

Relevant discussions can be found on the Internet at:
	http://www.google.co.jp/search?q=a0c96a69 or
	http://www.google.co.jp/search?q=1935c143
TwitterException{exceptionCode=[a0c96a69-1935c143], statusCode=429, message=Rate limit exceeded, code=88, retryAfter=-1, rateLimitStatus=RateLimitStatusJSONImpl{remaining=0, limit=15, resetTimeInSeconds=1399162866, secondsUntilReset=0}, version=4.0.1}
	at twitter4j.HttpClientImpl.handleRequest(HttpClientImpl.java:164)
	at twitter4j.HttpClientBase.request(HttpClientBase.java:53)
	at twitter4j.HttpClientBase.get(HttpClientBase.java:71)
	at twitter4j.TwitterImpl.get(TwitterImpl.java:1950)
	at twitter4j.TwitterImpl.getFriendsIDs(TwitterImpl.java:395)
	at retrieval.RetrieveFriendsJSON.main(RetrieveFriendsJSON.java:98)
	at sun.reflect.NativeMethodAccessorImpl.invoke0(Native Method)
	at sun.reflect.NativeMethodAccessorImpl.invoke(NativeMethodAccessorImpl.java:57)
	at sun.reflect.DelegatingMethodAccessorImpl.invoke(DelegatingMethodAccessorImpl.java:43)
	at java.lang.reflect.Method.invoke(Method.java:606)
	at org.eclipse.jdt.internal.jarinjarloader.JarRsrcLoader.main(JarRsrcLoader.java:58)
401:Authentication credentials (https://dev.twitter.com/pages/auth) were missing or incorrect. Ensure that you have set valid consumer key/secret, access token/secret, and the system clock is in sync.
{"request":"\/1.1\/friends\/ids.json?user_id=2471424056&cursor=-1&include_entities=true","error":"Not authorized."}

Relevant discussions can be found on the Internet at:
	http://www.google.co.jp/search?q=a0c96a69 or
	http://www.google.co.jp/search?q=1935c143
TwitterException{exceptionCode=[a0c96a69-1935c143], statusCode=401, message=null, code=-1, retryAfter=-1, rateLimitStatus=RateLimitStatusJSONImpl{remaining=1, limit=15, resetTimeInSeconds=1399163825, secondsUntilReset=117}, version=4.0.1}
	at twitter4j.HttpClientImpl.handleRequest(HttpClientImpl.java:164)
	at twitter4j.HttpClientBase.request(HttpClientBase.java:53)
	at twitter4j.HttpClientBase.get(HttpClientBase.java:71)
	at twitter4j.TwitterImpl.get(TwitterImpl.java:1950)
	at twitter4j.TwitterImpl.getFriendsIDs(TwitterImpl.java:395)
	at retrieval.RetrieveFriendsJSON.main(RetrieveFriendsJSON.java:98)
	at sun.reflect.NativeMethodAccessorImpl.invoke0(Native Method)
	at sun.reflect.NativeMethodAccessorImpl.invoke(NativeMethodAccessorImpl.java:57)
	at sun.reflect.DelegatingMethodAccessorImpl.invoke(DelegatingMethodAccessorImpl.java:43)
	at java.lang.reflect.Method.invoke(Method.java:606)
	at org.eclipse.jdt.internal.jarinjarloader.JarRsrcLoader.main(JarRsrcLoader.java:58)
401:Authentication credentials (https://dev.twitter.com/pages/auth) were missing or incorrect. Ensure that you have set valid consumer key/secret, access token/secret, and the system clock is in sync.
{"request":"\/1.1\/friends\/ids.json?user_id=151480409&cursor=-1&include_entities=true","error":"Not authorized."}

Relevant discussions can be found on the Internet at:
	http://www.google.co.jp/search?q=a0c96a69 or
	http://www.google.co.jp/search?q=1935c143
TwitterException{exceptionCode=[a0c96a69-1935c143], statusCode=401, message=null, code=-1, retryAfter=-1, rateLimitStatus=RateLimitStatusJSONImpl{remaining=12, limit=15, resetTimeInSeconds=1399164726, secondsUntilReset=780}, version=4.0.1}
	at twitter4j.HttpClientImpl.handleRequest(HttpClientImpl.java:164)
	at twitter4j.HttpClientBase.request(HttpClientBase.java:53)
	at twitter4j.HttpClientBase.get(HttpClientBase.java:71)
	at twitter4j.TwitterImpl.get(TwitterImpl.java:1950)
	at twitter4j.TwitterImpl.getFriendsIDs(TwitterImpl.java:395)
	at retrieval.RetrieveFriendsJSON.main(RetrieveFriendsJSON.java:98)
	at sun.reflect.NativeMethodAccessorImpl.invoke0(Native Method)
	at sun.reflect.NativeMethodAccessorImpl.invoke(NativeMethodAccessorImpl.java:57)
	at sun.reflect.DelegatingMethodAccessorImpl.invoke(DelegatingMethodAccessorImpl.java:43)
	at java.lang.reflect.Method.invoke(Method.java:606)
	at org.eclipse.jdt.internal.jarinjarloader.JarRsrcLoader.main(JarRsrcLoader.java:58)
429:Returned in API v1.1 when a request cannot be served due to the application's rate limit having been exhausted for the resource. See Rate Limiting in API v1.1.(https://dev.twitter.com/docs/rate-limiting/1.1)
message - Rate limit exceeded
code - 88

Relevant discussions can be found on the Internet at:
	http://www.google.co.jp/search?q=0fd39a69 or
	http://www.google.co.jp/search?q=1aa4245d
TwitterException{exceptionCode=[0fd39a69-1aa4245d], statusCode=429, message=Rate limit exceeded, code=88, retryAfter=-1, rateLimitStatus=RateLimitStatusJSONImpl{remaining=0, limit=15, resetTimeInSeconds=1399164236, secondsUntilReset=49}, version=4.0.1}
	at twitter4j.HttpClientImpl.handleRequest(HttpClientImpl.java:164)
	at twitter4j.HttpClientBase.request(HttpClientBase.java:53)
	at twitter4j.HttpClientBase.get(HttpClientBase.java:71)
	at twitter4j.TwitterImpl.get(TwitterImpl.java:1950)
	at twitter4j.TwitterImpl.getFollowersIDs(TwitterImpl.java:421)
	at retrieval.RetrieveFriendsJSON.main(RetrieveFriendsJSON.java:110)
	at sun.reflect.NativeMethodAccessorImpl.invoke0(Native Method)
	at sun.reflect.NativeMethodAccessorImpl.invoke(NativeMethodAccessorImpl.java:57)
	at sun.reflect.DelegatingMethodAccessorImpl.invoke(DelegatingMethodAccessorImpl.java:43)
	at java.lang.reflect.Method.invoke(Method.java:606)
	at org.eclipse.jdt.internal.jarinjarloader.JarRsrcLoader.main(JarRsrcLoader.java:58)
429:Returned in API v1.1 when a request cannot be served due to the application's rate limit having been exhausted for the resource. See Rate Limiting in API v1.1.(https://dev.twitter.com/docs/rate-limiting/1.1)
message - Rate limit exceeded
code - 88

Relevant discussions can be found on the Internet at:
	http://www.google.co.jp/search?q=a0c96a69 or
	http://www.google.co.jp/search?q=1935c143
TwitterException{exceptionCode=[a0c96a69-1935c143], statusCode=429, message=Rate limit exceeded, code=88, retryAfter=-1, rateLimitStatus=RateLimitStatusJSONImpl{remaining=0, limit=15, resetTimeInSeconds=1399164726, secondsUntilReset=0}, version=4.0.1}
	at twitter4j.HttpClientImpl.handleRequest(HttpClientImpl.java:164)
	at twitter4j.HttpClientBase.request(HttpClientBase.java:53)
	at twitter4j.HttpClientBase.get(HttpClientBase.java:71)
	at twitter4j.TwitterImpl.get(TwitterImpl.java:1950)
	at twitter4j.TwitterImpl.getFriendsIDs(TwitterImpl.java:395)
	at retrieval.RetrieveFriendsJSON.main(RetrieveFriendsJSON.java:98)
	at sun.reflect.NativeMethodAccessorImpl.invoke0(Native Method)
	at sun.reflect.NativeMethodAccessorImpl.invoke(NativeMethodAccessorImpl.java:57)
	at sun.reflect.DelegatingMethodAccessorImpl.invoke(DelegatingMethodAccessorImpl.java:43)
	at java.lang.reflect.Method.invoke(Method.java:606)
	at org.eclipse.jdt.internal.jarinjarloader.JarRsrcLoader.main(JarRsrcLoader.java:58)
429:Returned in API v1.1 when a request cannot be served due to the application's rate limit having been exhausted for the resource. See Rate Limiting in API v1.1.(https://dev.twitter.com/docs/rate-limiting/1.1)
message - Rate limit exceeded
code - 88

Relevant discussions can be found on the Internet at:
	http://www.google.co.jp/search?q=0fd39a69 or
	http://www.google.co.jp/search?q=1aa4245d
TwitterException{exceptionCode=[0fd39a69-1aa4245d], statusCode=429, message=Rate limit exceeded, code=88, retryAfter=-1, rateLimitStatus=RateLimitStatusJSONImpl{remaining=0, limit=15, resetTimeInSeconds=1399166048, secondsUntilReset=1}, version=4.0.1}
	at twitter4j.HttpClientImpl.handleRequest(HttpClientImpl.java:164)
	at twitter4j.HttpClientBase.request(HttpClientBase.java:53)
	at twitter4j.HttpClientBase.get(HttpClientBase.java:71)
	at twitter4j.TwitterImpl.get(TwitterImpl.java:1950)
	at twitter4j.TwitterImpl.getFollowersIDs(TwitterImpl.java:421)
	at retrieval.RetrieveFriendsJSON.main(RetrieveFriendsJSON.java:110)
	at sun.reflect.NativeMethodAccessorImpl.invoke0(Native Method)
	at sun.reflect.NativeMethodAccessorImpl.invoke(NativeMethodAccessorImpl.java:57)
	at sun.reflect.DelegatingMethodAccessorImpl.invoke(DelegatingMethodAccessorImpl.java:43)
	at java.lang.reflect.Method.invoke(Method.java:606)
	at org.eclipse.jdt.internal.jarinjarloader.JarRsrcLoader.main(JarRsrcLoader.java:58)
429:Returned in API v1.1 when a request cannot be served due to the application's rate limit having been exhausted for the resource. See Rate Limiting in API v1.1.(https://dev.twitter.com/docs/rate-limiting/1.1)
message - Rate limit exceeded
code - 88

Relevant discussions can be found on the Internet at:
	http://www.google.co.jp/search?q=0fd39a69 or
	http://www.google.co.jp/search?q=1aa4245d
TwitterException{exceptionCode=[0fd39a69-1aa4245d], statusCode=429, message=Rate limit exceeded, code=88, retryAfter=-1, rateLimitStatus=RateLimitStatusJSONImpl{remaining=0, limit=15, resetTimeInSeconds=1399167906, secondsUntilReset=0}, version=4.0.1}
	at twitter4j.HttpClientImpl.handleRequest(HttpClientImpl.java:164)
	at twitter4j.HttpClientBase.request(HttpClientBase.java:53)
	at twitter4j.HttpClientBase.get(HttpClientBase.java:71)
	at twitter4j.TwitterImpl.get(TwitterImpl.java:1950)
	at twitter4j.TwitterImpl.getFollowersIDs(TwitterImpl.java:421)
	at retrieval.RetrieveFriendsJSON.main(RetrieveFriendsJSON.java:110)
	at sun.reflect.NativeMethodAccessorImpl.invoke0(Native Method)
	at sun.reflect.NativeMethodAccessorImpl.invoke(NativeMethodAccessorImpl.java:57)
	at sun.reflect.DelegatingMethodAccessorImpl.invoke(DelegatingMethodAccessorImpl.java:43)
	at java.lang.reflect.Method.invoke(Method.java:606)
	at org.eclipse.jdt.internal.jarinjarloader.JarRsrcLoader.main(JarRsrcLoader.java:58)
401:Authentication credentials (https://dev.twitter.com/pages/auth) were missing or incorrect. Ensure that you have set valid consumer key/secret, access token/secret, and the system clock is in sync.
{"request":"\/1.1\/friends\/ids.json?user_id=2472292338&cursor=-1&include_entities=true","error":"Not authorized."}

Relevant discussions can be found on the Internet at:
	http://www.google.co.jp/search?q=a0c96a69 or
	http://www.google.co.jp/search?q=1935c143
TwitterException{exceptionCode=[a0c96a69-1935c143], statusCode=401, message=null, code=-1, retryAfter=-1, rateLimitStatus=RateLimitStatusJSONImpl{remaining=5, limit=15, resetTimeInSeconds=1399168385, secondsUntilReset=359}, version=4.0.1}
	at twitter4j.HttpClientImpl.handleRequest(HttpClientImpl.java:164)
	at twitter4j.HttpClientBase.request(HttpClientBase.java:53)
	at twitter4j.HttpClientBase.get(HttpClientBase.java:71)
	at twitter4j.TwitterImpl.get(TwitterImpl.java:1950)
	at twitter4j.TwitterImpl.getFriendsIDs(TwitterImpl.java:395)
	at retrieval.RetrieveFriendsJSON.main(RetrieveFriendsJSON.java:98)
	at sun.reflect.NativeMethodAccessorImpl.invoke0(Native Method)
	at sun.reflect.NativeMethodAccessorImpl.invoke(NativeMethodAccessorImpl.java:57)
	at sun.reflect.DelegatingMethodAccessorImpl.invoke(DelegatingMethodAccessorImpl.java:43)
	at java.lang.reflect.Method.invoke(Method.java:606)
	at org.eclipse.jdt.internal.jarinjarloader.JarRsrcLoader.main(JarRsrcLoader.java:58)
429:Returned in API v1.1 when a request cannot be served due to the application's rate limit having been exhausted for the resource. See Rate Limiting in API v1.1.(https://dev.twitter.com/docs/rate-limiting/1.1)
message - Rate limit exceeded
code - 88

Relevant discussions can be found on the Internet at:
	http://www.google.co.jp/search?q=a0c96a69 or
	http://www.google.co.jp/search?q=1935c143
TwitterException{exceptionCode=[a0c96a69-1935c143], statusCode=429, message=Rate limit exceeded, code=88, retryAfter=-1, rateLimitStatus=RateLimitStatusJSONImpl{remaining=0, limit=15, resetTimeInSeconds=1399168385, secondsUntilReset=0}, version=4.0.1}
	at twitter4j.HttpClientImpl.handleRequest(HttpClientImpl.java:164)
	at twitter4j.HttpClientBase.request(HttpClientBase.java:53)
	at twitter4j.HttpClientBase.get(HttpClientBase.java:71)
	at twitter4j.TwitterImpl.get(TwitterImpl.java:1950)
	at twitter4j.TwitterImpl.getFriendsIDs(TwitterImpl.java:395)
	at retrieval.RetrieveFriendsJSON.main(RetrieveFriendsJSON.java:98)
	at sun.reflect.NativeMethodAccessorImpl.invoke0(Native Method)
	at sun.reflect.NativeMethodAccessorImpl.invoke(NativeMethodAccessorImpl.java:57)
	at sun.reflect.DelegatingMethodAccessorImpl.invoke(DelegatingMethodAccessorImpl.java:43)
	at java.lang.reflect.Method.invoke(Method.java:606)
	at org.eclipse.jdt.internal.jarinjarloader.JarRsrcLoader.main(JarRsrcLoader.java:58)
429:Returned in API v1.1 when a request cannot be served due to the application's rate limit having been exhausted for the resource. See Rate Limiting in API v1.1.(https://dev.twitter.com/docs/rate-limiting/1.1)
message - Rate limit exceeded
code - 88

Relevant discussions can be found on the Internet at:
	http://www.google.co.jp/search?q=a0c96a69 or
	http://www.google.co.jp/search?q=1935c143
TwitterException{exceptionCode=[a0c96a69-1935c143], statusCode=429, message=Rate limit exceeded, code=88, retryAfter=-1, rateLimitStatus=RateLimitStatusJSONImpl{remaining=0, limit=15, resetTimeInSeconds=1399169345, secondsUntilReset=0}, version=4.0.1}
	at twitter4j.HttpClientImpl.handleRequest(HttpClientImpl.java:164)
	at twitter4j.HttpClientBase.request(HttpClientBase.java:53)
	at twitter4j.HttpClientBase.get(HttpClientBase.java:71)
	at twitter4j.TwitterImpl.get(TwitterImpl.java:1950)
	at twitter4j.TwitterImpl.getFriendsIDs(TwitterImpl.java:395)
	at retrieval.RetrieveFriendsJSON.main(RetrieveFriendsJSON.java:98)
	at sun.reflect.NativeMethodAccessorImpl.invoke0(Native Method)
	at sun.reflect.NativeMethodAccessorImpl.invoke(NativeMethodAccessorImpl.java:57)
	at sun.reflect.DelegatingMethodAccessorImpl.invoke(DelegatingMethodAccessorImpl.java:43)
	at java.lang.reflect.Method.invoke(Method.java:606)
	at org.eclipse.jdt.internal.jarinjarloader.JarRsrcLoader.main(JarRsrcLoader.java:58)
429:Returned in API v1.1 when a request cannot be served due to the application's rate limit having been exhausted for the resource. See Rate Limiting in API v1.1.(https://dev.twitter.com/docs/rate-limiting/1.1)
message - Rate limit exceeded
code - 88

Relevant discussions can be found on the Internet at:
	http://www.google.co.jp/search?q=a0c96a69 or
	http://www.google.co.jp/search?q=1935c143
TwitterException{exceptionCode=[a0c96a69-1935c143], statusCode=429, message=Rate limit exceeded, code=88, retryAfter=-1, rateLimitStatus=RateLimitStatusJSONImpl{remaining=0, limit=15, resetTimeInSeconds=1399170306, secondsUntilReset=0}, version=4.0.1}
	at twitter4j.HttpClientImpl.handleRequest(HttpClientImpl.java:164)
	at twitter4j.HttpClientBase.request(HttpClientBase.java:53)
	at twitter4j.HttpClientBase.get(HttpClientBase.java:71)
	at twitter4j.TwitterImpl.get(TwitterImpl.java:1950)
	at twitter4j.TwitterImpl.getFriendsIDs(TwitterImpl.java:395)
	at retrieval.RetrieveFriendsJSON.main(RetrieveFriendsJSON.java:98)
	at sun.reflect.NativeMethodAccessorImpl.invoke0(Native Method)
	at sun.reflect.NativeMethodAccessorImpl.invoke(NativeMethodAccessorImpl.java:57)
	at sun.reflect.DelegatingMethodAccessorImpl.invoke(DelegatingMethodAccessorImpl.java:43)
	at java.lang.reflect.Method.invoke(Method.java:606)
	at org.eclipse.jdt.internal.jarinjarloader.JarRsrcLoader.main(JarRsrcLoader.java:58)
401:Authentication credentials (https://dev.twitter.com/pages/auth) were missing or incorrect. Ensure that you have set valid consumer key/secret, access token/secret, and the system clock is in sync.
{"request":"\/1.1\/friends\/ids.json?user_id=2520915987&cursor=-1&include_entities=true","error":"Not authorized."}

Relevant discussions can be found on the Internet at:
	http://www.google.co.jp/search?q=a0c96a69 or
	http://www.google.co.jp/search?q=1935c143
TwitterException{exceptionCode=[a0c96a69-1935c143], statusCode=401, message=null, code=-1, retryAfter=-1, rateLimitStatus=RateLimitStatusJSONImpl{remaining=12, limit=15, resetTimeInSeconds=1399171265, secondsUntilReset=779}, version=4.0.1}
	at twitter4j.HttpClientImpl.handleRequest(HttpClientImpl.java:164)
	at twitter4j.HttpClientBase.request(HttpClientBase.java:53)
	at twitter4j.HttpClientBase.get(HttpClientBase.java:71)
	at twitter4j.TwitterImpl.get(TwitterImpl.java:1950)
	at twitter4j.TwitterImpl.getFriendsIDs(TwitterImpl.java:395)
	at retrieval.RetrieveFriendsJSON.main(RetrieveFriendsJSON.java:98)
	at sun.reflect.NativeMethodAccessorImpl.invoke0(Native Method)
	at sun.reflect.NativeMethodAccessorImpl.invoke(NativeMethodAccessorImpl.java:57)
	at sun.reflect.DelegatingMethodAccessorImpl.invoke(DelegatingMethodAccessorImpl.java:43)
	at java.lang.reflect.Method.invoke(Method.java:606)
	at org.eclipse.jdt.internal.jarinjarloader.JarRsrcLoader.main(JarRsrcLoader.java:58)
401:Authentication credentials (https://dev.twitter.com/pages/auth) were missing or incorrect. Ensure that you have set valid consumer key/secret, access token/secret, and the system clock is in sync.
{"request":"\/1.1\/friends\/ids.json?user_id=2472284942&cursor=-1&include_entities=true","error":"Not authorized."}

Relevant discussions can be found on the Internet at:
	http://www.google.co.jp/search?q=a0c96a69 or
	http://www.google.co.jp/search?q=1935c143
TwitterException{exceptionCode=[a0c96a69-1935c143], statusCode=401, message=null, code=-1, retryAfter=-1, rateLimitStatus=RateLimitStatusJSONImpl{remaining=9, limit=15, resetTimeInSeconds=1399171265, secondsUntilReset=598}, version=4.0.1}
	at twitter4j.HttpClientImpl.handleRequest(HttpClientImpl.java:164)
	at twitter4j.HttpClientBase.request(HttpClientBase.java:53)
	at twitter4j.HttpClientBase.get(HttpClientBase.java:71)
	at twitter4j.TwitterImpl.get(TwitterImpl.java:1950)
	at twitter4j.TwitterImpl.getFriendsIDs(TwitterImpl.java:395)
	at retrieval.RetrieveFriendsJSON.main(RetrieveFriendsJSON.java:98)
	at sun.reflect.NativeMethodAccessorImpl.invoke0(Native Method)
	at sun.reflect.NativeMethodAccessorImpl.invoke(NativeMethodAccessorImpl.java:57)
	at sun.reflect.DelegatingMethodAccessorImpl.invoke(DelegatingMethodAccessorImpl.java:43)
	at java.lang.reflect.Method.invoke(Method.java:606)
	at org.eclipse.jdt.internal.jarinjarloader.JarRsrcLoader.main(JarRsrcLoader.java:58)
429:Returned in API v1.1 when a request cannot be served due to the application's rate limit having been exhausted for the resource. See Rate Limiting in API v1.1.(https://dev.twitter.com/docs/rate-limiting/1.1)
message - Rate limit exceeded
code - 88

Relevant discussions can be found on the Internet at:
	http://www.google.co.jp/search?q=a0c96a69 or
	http://www.google.co.jp/search?q=1935c143
TwitterException{exceptionCode=[a0c96a69-1935c143], statusCode=429, message=Rate limit exceeded, code=88, retryAfter=-1, rateLimitStatus=RateLimitStatusJSONImpl{remaining=0, limit=15, resetTimeInSeconds=1399171265, secondsUntilReset=0}, version=4.0.1}
	at twitter4j.HttpClientImpl.handleRequest(HttpClientImpl.java:164)
	at twitter4j.HttpClientBase.request(HttpClientBase.java:53)
	at twitter4j.HttpClientBase.get(HttpClientBase.java:71)
	at twitter4j.TwitterImpl.get(TwitterImpl.java:1950)
	at twitter4j.TwitterImpl.getFriendsIDs(TwitterImpl.java:395)
	at retrieval.RetrieveFriendsJSON.main(RetrieveFriendsJSON.java:98)
	at sun.reflect.NativeMethodAccessorImpl.invoke0(Native Method)
	at sun.reflect.NativeMethodAccessorImpl.invoke(NativeMethodAccessorImpl.java:57)
	at sun.reflect.DelegatingMethodAccessorImpl.invoke(DelegatingMethodAccessorImpl.java:43)
	at java.lang.reflect.Method.invoke(Method.java:606)
	at org.eclipse.jdt.internal.jarinjarloader.JarRsrcLoader.main(JarRsrcLoader.java:58)
429:Returned in API v1.1 when a request cannot be served due to the application's rate limit having been exhausted for the resource. See Rate Limiting in API v1.1.(https://dev.twitter.com/docs/rate-limiting/1.1)
message - Rate limit exceeded
code - 88

Relevant discussions can be found on the Internet at:
	http://www.google.co.jp/search?q=a0c96a69 or
	http://www.google.co.jp/search?q=1935c143
TwitterException{exceptionCode=[a0c96a69-1935c143], statusCode=429, message=Rate limit exceeded, code=88, retryAfter=-1, rateLimitStatus=RateLimitStatusJSONImpl{remaining=0, limit=15, resetTimeInSeconds=1399172225, secondsUntilReset=0}, version=4.0.1}
	at twitter4j.HttpClientImpl.handleRequest(HttpClientImpl.java:164)
	at twitter4j.HttpClientBase.request(HttpClientBase.java:53)
	at twitter4j.HttpClientBase.get(HttpClientBase.java:71)
	at twitter4j.TwitterImpl.get(TwitterImpl.java:1950)
	at twitter4j.TwitterImpl.getFriendsIDs(TwitterImpl.java:395)
	at retrieval.RetrieveFriendsJSON.main(RetrieveFriendsJSON.java:98)
	at sun.reflect.NativeMethodAccessorImpl.invoke0(Native Method)
	at sun.reflect.NativeMethodAccessorImpl.invoke(NativeMethodAccessorImpl.java:57)
	at sun.reflect.DelegatingMethodAccessorImpl.invoke(DelegatingMethodAccessorImpl.java:43)
	at java.lang.reflect.Method.invoke(Method.java:606)
	at org.eclipse.jdt.internal.jarinjarloader.JarRsrcLoader.main(JarRsrcLoader.java:58)
429:Returned in API v1.1 when a request cannot be served due to the application's rate limit having been exhausted for the resource. See Rate Limiting in API v1.1.(https://dev.twitter.com/docs/rate-limiting/1.1)
message - Rate limit exceeded
code - 88

Relevant discussions can be found on the Internet at:
	http://www.google.co.jp/search?q=a0c96a69 or
	http://www.google.co.jp/search?q=1935c143
TwitterException{exceptionCode=[a0c96a69-1935c143], statusCode=429, message=Rate limit exceeded, code=88, retryAfter=-1, rateLimitStatus=RateLimitStatusJSONImpl{remaining=0, limit=15, resetTimeInSeconds=1399173185, secondsUntilReset=0}, version=4.0.1}
	at twitter4j.HttpClientImpl.handleRequest(HttpClientImpl.java:164)
	at twitter4j.HttpClientBase.request(HttpClientBase.java:53)
	at twitter4j.HttpClientBase.get(HttpClientBase.java:71)
	at twitter4j.TwitterImpl.get(TwitterImpl.java:1950)
	at twitter4j.TwitterImpl.getFriendsIDs(TwitterImpl.java:395)
	at retrieval.RetrieveFriendsJSON.main(RetrieveFriendsJSON.java:98)
	at sun.reflect.NativeMethodAccessorImpl.invoke0(Native Method)
	at sun.reflect.NativeMethodAccessorImpl.invoke(NativeMethodAccessorImpl.java:57)
	at sun.reflect.DelegatingMethodAccessorImpl.invoke(DelegatingMethodAccessorImpl.java:43)
	at java.lang.reflect.Method.invoke(Method.java:606)
	at org.eclipse.jdt.internal.jarinjarloader.JarRsrcLoader.main(JarRsrcLoader.java:58)
401:Authentication credentials (https://dev.twitter.com/pages/auth) were missing or incorrect. Ensure that you have set valid consumer key/secret, access token/secret, and the system clock is in sync.
{"request":"\/1.1\/friends\/ids.json?user_id=110042311&cursor=-1&include_entities=true","error":"Not authorized."}

Relevant discussions can be found on the Internet at:
	http://www.google.co.jp/search?q=a0c96a69 or
	http://www.google.co.jp/search?q=1935c143
TwitterException{exceptionCode=[a0c96a69-1935c143], statusCode=401, message=null, code=-1, retryAfter=-1, rateLimitStatus=RateLimitStatusJSONImpl{remaining=14, limit=15, resetTimeInSeconds=1399174145, secondsUntilReset=899}, version=4.0.1}
	at twitter4j.HttpClientImpl.handleRequest(HttpClientImpl.java:164)
	at twitter4j.HttpClientBase.request(HttpClientBase.java:53)
	at twitter4j.HttpClientBase.get(HttpClientBase.java:71)
	at twitter4j.TwitterImpl.get(TwitterImpl.java:1950)
	at twitter4j.TwitterImpl.getFriendsIDs(TwitterImpl.java:395)
	at retrieval.RetrieveFriendsJSON.main(RetrieveFriendsJSON.java:98)
	at sun.reflect.NativeMethodAccessorImpl.invoke0(Native Method)
	at sun.reflect.NativeMethodAccessorImpl.invoke(NativeMethodAccessorImpl.java:57)
	at sun.reflect.DelegatingMethodAccessorImpl.invoke(DelegatingMethodAccessorImpl.java:43)
	at java.lang.reflect.Method.invoke(Method.java:606)
	at org.eclipse.jdt.internal.jarinjarloader.JarRsrcLoader.main(JarRsrcLoader.java:58)
401:Authentication credentials (https://dev.twitter.com/pages/auth) were missing or incorrect. Ensure that you have set valid consumer key/secret, access token/secret, and the system clock is in sync.
{"request":"\/1.1\/friends\/ids.json?user_id=19852389&cursor=-1&include_entities=true","error":"Not authorized."}

Relevant discussions can be found on the Internet at:
	http://www.google.co.jp/search?q=a0c96a69 or
	http://www.google.co.jp/search?q=1935c143
TwitterException{exceptionCode=[a0c96a69-1935c143], statusCode=401, message=null, code=-1, retryAfter=-1, rateLimitStatus=RateLimitStatusJSONImpl{remaining=11, limit=15, resetTimeInSeconds=1399174145, secondsUntilReset=719}, version=4.0.1}
	at twitter4j.HttpClientImpl.handleRequest(HttpClientImpl.java:164)
	at twitter4j.HttpClientBase.request(HttpClientBase.java:53)
	at twitter4j.HttpClientBase.get(HttpClientBase.java:71)
	at twitter4j.TwitterImpl.get(TwitterImpl.java:1950)
	at twitter4j.TwitterImpl.getFriendsIDs(TwitterImpl.java:395)
	at retrieval.RetrieveFriendsJSON.main(RetrieveFriendsJSON.java:98)
	at sun.reflect.NativeMethodAccessorImpl.invoke0(Native Method)
	at sun.reflect.NativeMethodAccessorImpl.invoke(NativeMethodAccessorImpl.java:57)
	at sun.reflect.DelegatingMethodAccessorImpl.invoke(DelegatingMethodAccessorImpl.java:43)
	at java.lang.reflect.Method.invoke(Method.java:606)
	at org.eclipse.jdt.internal.jarinjarloader.JarRsrcLoader.main(JarRsrcLoader.java:58)
429:Returned in API v1.1 when a request cannot be served due to the application's rate limit having been exhausted for the resource. See Rate Limiting in API v1.1.(https://dev.twitter.com/docs/rate-limiting/1.1)
message - Rate limit exceeded
code - 88

Relevant discussions can be found on the Internet at:
	http://www.google.co.jp/search?q=a0c96a69 or
	http://www.google.co.jp/search?q=1935c143
TwitterException{exceptionCode=[a0c96a69-1935c143], statusCode=429, message=Rate limit exceeded, code=88, retryAfter=-1, rateLimitStatus=RateLimitStatusJSONImpl{remaining=0, limit=15, resetTimeInSeconds=1399174145, secondsUntilReset=0}, version=4.0.1}
	at twitter4j.HttpClientImpl.handleRequest(HttpClientImpl.java:164)
	at twitter4j.HttpClientBase.request(HttpClientBase.java:53)
	at twitter4j.HttpClientBase.get(HttpClientBase.java:71)
	at twitter4j.TwitterImpl.get(TwitterImpl.java:1950)
	at twitter4j.TwitterImpl.getFriendsIDs(TwitterImpl.java:395)
	at retrieval.RetrieveFriendsJSON.main(RetrieveFriendsJSON.java:98)
	at sun.reflect.NativeMethodAccessorImpl.invoke0(Native Method)
	at sun.reflect.NativeMethodAccessorImpl.invoke(NativeMethodAccessorImpl.java:57)
	at sun.reflect.DelegatingMethodAccessorImpl.invoke(DelegatingMethodAccessorImpl.java:43)
	at java.lang.reflect.Method.invoke(Method.java:606)
	at org.eclipse.jdt.internal.jarinjarloader.JarRsrcLoader.main(JarRsrcLoader.java:58)
401:Authentication credentials (https://dev.twitter.com/pages/auth) were missing or incorrect. Ensure that you have set valid consumer key/secret, access token/secret, and the system clock is in sync.
{"request":"\/1.1\/friends\/ids.json?user_id=2472146035&cursor=-1&include_entities=true","error":"Not authorized."}

Relevant discussions can be found on the Internet at:
	http://www.google.co.jp/search?q=a0c96a69 or
	http://www.google.co.jp/search?q=1935c143
TwitterException{exceptionCode=[a0c96a69-1935c143], statusCode=401, message=null, code=-1, retryAfter=-1, rateLimitStatus=RateLimitStatusJSONImpl{remaining=11, limit=15, resetTimeInSeconds=1399175105, secondsUntilReset=718}, version=4.0.1}
	at twitter4j.HttpClientImpl.handleRequest(HttpClientImpl.java:164)
	at twitter4j.HttpClientBase.request(HttpClientBase.java:53)
	at twitter4j.HttpClientBase.get(HttpClientBase.java:71)
	at twitter4j.TwitterImpl.get(TwitterImpl.java:1950)
	at twitter4j.TwitterImpl.getFriendsIDs(TwitterImpl.java:395)
	at retrieval.RetrieveFriendsJSON.main(RetrieveFriendsJSON.java:98)
	at sun.reflect.NativeMethodAccessorImpl.invoke0(Native Method)
	at sun.reflect.NativeMethodAccessorImpl.invoke(NativeMethodAccessorImpl.java:57)
	at sun.reflect.DelegatingMethodAccessorImpl.invoke(DelegatingMethodAccessorImpl.java:43)
	at java.lang.reflect.Method.invoke(Method.java:606)
	at org.eclipse.jdt.internal.jarinjarloader.JarRsrcLoader.main(JarRsrcLoader.java:58)
404:The URI requested is invalid or the resource requested, such as a user, does not exists. Also returned when the requested format is not supported by the requested method.
message - Sorry, that page does not exist
code - 34

Relevant discussions can be found on the Internet at:
	http://www.google.co.jp/search?q=a0c96a69 or
	http://www.google.co.jp/search?q=1935c143
TwitterException{exceptionCode=[a0c96a69-1935c143], statusCode=404, message=Sorry, that page does not exist, code=34, retryAfter=-1, rateLimitStatus=RateLimitStatusJSONImpl{remaining=5, limit=15, resetTimeInSeconds=1399175105, secondsUntilReset=359}, version=4.0.1}
	at twitter4j.HttpClientImpl.handleRequest(HttpClientImpl.java:164)
	at twitter4j.HttpClientBase.request(HttpClientBase.java:53)
	at twitter4j.HttpClientBase.get(HttpClientBase.java:71)
	at twitter4j.TwitterImpl.get(TwitterImpl.java:1950)
	at twitter4j.TwitterImpl.getFriendsIDs(TwitterImpl.java:395)
	at retrieval.RetrieveFriendsJSON.main(RetrieveFriendsJSON.java:98)
	at sun.reflect.NativeMethodAccessorImpl.invoke0(Native Method)
	at sun.reflect.NativeMethodAccessorImpl.invoke(NativeMethodAccessorImpl.java:57)
	at sun.reflect.DelegatingMethodAccessorImpl.invoke(DelegatingMethodAccessorImpl.java:43)
	at java.lang.reflect.Method.invoke(Method.java:606)
	at org.eclipse.jdt.internal.jarinjarloader.JarRsrcLoader.main(JarRsrcLoader.java:58)
401:Authentication credentials (https://dev.twitter.com/pages/auth) were missing or incorrect. Ensure that you have set valid consumer key/secret, access token/secret, and the system clock is in sync.
{"request":"\/1.1\/friends\/ids.json?user_id=304404642&cursor=-1&include_entities=true","error":"Not authorized."}

Relevant discussions can be found on the Internet at:
	http://www.google.co.jp/search?q=a0c96a69 or
	http://www.google.co.jp/search?q=1935c143
TwitterException{exceptionCode=[a0c96a69-1935c143], statusCode=401, message=null, code=-1, retryAfter=-1, rateLimitStatus=RateLimitStatusJSONImpl{remaining=10, limit=15, resetTimeInSeconds=1399176905, secondsUntilReset=659}, version=4.0.1}
	at twitter4j.HttpClientImpl.handleRequest(HttpClientImpl.java:164)
	at twitter4j.HttpClientBase.request(HttpClientBase.java:53)
	at twitter4j.HttpClientBase.get(HttpClientBase.java:71)
	at twitter4j.TwitterImpl.get(TwitterImpl.java:1950)
	at twitter4j.TwitterImpl.getFriendsIDs(TwitterImpl.java:395)
	at retrieval.RetrieveFriendsJSON.main(RetrieveFriendsJSON.java:98)
	at sun.reflect.NativeMethodAccessorImpl.invoke0(Native Method)
	at sun.reflect.NativeMethodAccessorImpl.invoke(NativeMethodAccessorImpl.java:57)
	at sun.reflect.DelegatingMethodAccessorImpl.invoke(DelegatingMethodAccessorImpl.java:43)
	at java.lang.reflect.Method.invoke(Method.java:606)
	at org.eclipse.jdt.internal.jarinjarloader.JarRsrcLoader.main(JarRsrcLoader.java:58)
401:Authentication credentials (https://dev.twitter.com/pages/auth) were missing or incorrect. Ensure that you have set valid consumer key/secret, access token/secret, and the system clock is in sync.
{"request":"\/1.1\/friends\/ids.json?user_id=81052768&cursor=-1&include_entities=true","error":"Not authorized."}

Relevant discussions can be found on the Internet at:
	http://www.google.co.jp/search?q=a0c96a69 or
	http://www.google.co.jp/search?q=1935c143
TwitterException{exceptionCode=[a0c96a69-1935c143], statusCode=401, message=null, code=-1, retryAfter=-1, rateLimitStatus=RateLimitStatusJSONImpl{remaining=10, limit=15, resetTimeInSeconds=1399177806, secondsUntilReset=660}, version=4.0.1}
	at twitter4j.HttpClientImpl.handleRequest(HttpClientImpl.java:164)
	at twitter4j.HttpClientBase.request(HttpClientBase.java:53)
	at twitter4j.HttpClientBase.get(HttpClientBase.java:71)
	at twitter4j.TwitterImpl.get(TwitterImpl.java:1950)
	at twitter4j.TwitterImpl.getFriendsIDs(TwitterImpl.java:395)
	at retrieval.RetrieveFriendsJSON.main(RetrieveFriendsJSON.java:98)
	at sun.reflect.NativeMethodAccessorImpl.invoke0(Native Method)
	at sun.reflect.NativeMethodAccessorImpl.invoke(NativeMethodAccessorImpl.java:57)
	at sun.reflect.DelegatingMethodAccessorImpl.invoke(DelegatingMethodAccessorImpl.java:43)
	at java.lang.reflect.Method.invoke(Method.java:606)
	at org.eclipse.jdt.internal.jarinjarloader.JarRsrcLoader.main(JarRsrcLoader.java:58)
401:Authentication credentials (https://dev.twitter.com/pages/auth) were missing or incorrect. Ensure that you have set valid consumer key/secret, access token/secret, and the system clock is in sync.
{"request":"\/1.1\/friends\/ids.json?user_id=2472229477&cursor=-1&include_entities=true","error":"Not authorized."}

Relevant discussions can be found on the Internet at:
	http://www.google.co.jp/search?q=a0c96a69 or
	http://www.google.co.jp/search?q=1935c143
TwitterException{exceptionCode=[a0c96a69-1935c143], statusCode=401, message=null, code=-1, retryAfter=-1, rateLimitStatus=RateLimitStatusJSONImpl{remaining=3, limit=15, resetTimeInSeconds=1399177806, secondsUntilReset=240}, version=4.0.1}
	at twitter4j.HttpClientImpl.handleRequest(HttpClientImpl.java:164)
	at twitter4j.HttpClientBase.request(HttpClientBase.java:53)
	at twitter4j.HttpClientBase.get(HttpClientBase.java:71)
	at twitter4j.TwitterImpl.get(TwitterImpl.java:1950)
	at twitter4j.TwitterImpl.getFriendsIDs(TwitterImpl.java:395)
	at retrieval.RetrieveFriendsJSON.main(RetrieveFriendsJSON.java:98)
	at sun.reflect.NativeMethodAccessorImpl.invoke0(Native Method)
	at sun.reflect.NativeMethodAccessorImpl.invoke(NativeMethodAccessorImpl.java:57)
	at sun.reflect.DelegatingMethodAccessorImpl.invoke(DelegatingMethodAccessorImpl.java:43)
	at java.lang.reflect.Method.invoke(Method.java:606)
	at org.eclipse.jdt.internal.jarinjarloader.JarRsrcLoader.main(JarRsrcLoader.java:58)
429:Returned in API v1.1 when a request cannot be served due to the application's rate limit having been exhausted for the resource. See Rate Limiting in API v1.1.(https://dev.twitter.com/docs/rate-limiting/1.1)
message - Rate limit exceeded
code - 88

Relevant discussions can be found on the Internet at:
	http://www.google.co.jp/search?q=a0c96a69 or
	http://www.google.co.jp/search?q=1935c143
TwitterException{exceptionCode=[a0c96a69-1935c143], statusCode=429, message=Rate limit exceeded, code=88, retryAfter=-1, rateLimitStatus=RateLimitStatusJSONImpl{remaining=0, limit=15, resetTimeInSeconds=1399177806, secondsUntilReset=0}, version=4.0.1}
	at twitter4j.HttpClientImpl.handleRequest(HttpClientImpl.java:164)
	at twitter4j.HttpClientBase.request(HttpClientBase.java:53)
	at twitter4j.HttpClientBase.get(HttpClientBase.java:71)
	at twitter4j.TwitterImpl.get(TwitterImpl.java:1950)
	at twitter4j.TwitterImpl.getFriendsIDs(TwitterImpl.java:395)
	at retrieval.RetrieveFriendsJSON.main(RetrieveFriendsJSON.java:98)
	at sun.reflect.NativeMethodAccessorImpl.invoke0(Native Method)
	at sun.reflect.NativeMethodAccessorImpl.invoke(NativeMethodAccessorImpl.java:57)
	at sun.reflect.DelegatingMethodAccessorImpl.invoke(DelegatingMethodAccessorImpl.java:43)
	at java.lang.reflect.Method.invoke(Method.java:606)
	at org.eclipse.jdt.internal.jarinjarloader.JarRsrcLoader.main(JarRsrcLoader.java:58)
401:Authentication credentials (https://dev.twitter.com/pages/auth) were missing or incorrect. Ensure that you have set valid consumer key/secret, access token/secret, and the system clock is in sync.
{"request":"\/1.1\/friends\/ids.json?user_id=361837330&cursor=-1&include_entities=true","error":"Not authorized."}

Relevant discussions can be found on the Internet at:
	http://www.google.co.jp/search?q=a0c96a69 or
	http://www.google.co.jp/search?q=1935c143
TwitterException{exceptionCode=[a0c96a69-1935c143], statusCode=401, message=null, code=-1, retryAfter=-1, rateLimitStatus=RateLimitStatusJSONImpl{remaining=0, limit=15, resetTimeInSeconds=1399178765, secondsUntilReset=58}, version=4.0.1}
	at twitter4j.HttpClientImpl.handleRequest(HttpClientImpl.java:164)
	at twitter4j.HttpClientBase.request(HttpClientBase.java:53)
	at twitter4j.HttpClientBase.get(HttpClientBase.java:71)
	at twitter4j.TwitterImpl.get(TwitterImpl.java:1950)
	at twitter4j.TwitterImpl.getFriendsIDs(TwitterImpl.java:395)
	at retrieval.RetrieveFriendsJSON.main(RetrieveFriendsJSON.java:98)
	at sun.reflect.NativeMethodAccessorImpl.invoke0(Native Method)
	at sun.reflect.NativeMethodAccessorImpl.invoke(NativeMethodAccessorImpl.java:57)
	at sun.reflect.DelegatingMethodAccessorImpl.invoke(DelegatingMethodAccessorImpl.java:43)
	at java.lang.reflect.Method.invoke(Method.java:606)
	at org.eclipse.jdt.internal.jarinjarloader.JarRsrcLoader.main(JarRsrcLoader.java:58)
429:Returned in API v1.1 when a request cannot be served due to the application's rate limit having been exhausted for the resource. See Rate Limiting in API v1.1.(https://dev.twitter.com/docs/rate-limiting/1.1)
message - Rate limit exceeded
code - 88

Relevant discussions can be found on the Internet at:
	http://www.google.co.jp/search?q=a0c96a69 or
	http://www.google.co.jp/search?q=1935c143
TwitterException{exceptionCode=[a0c96a69-1935c143], statusCode=429, message=Rate limit exceeded, code=88, retryAfter=-1, rateLimitStatus=RateLimitStatusJSONImpl{remaining=0, limit=15, resetTimeInSeconds=1399178765, secondsUntilReset=0}, version=4.0.1}
	at twitter4j.HttpClientImpl.handleRequest(HttpClientImpl.java:164)
	at twitter4j.HttpClientBase.request(HttpClientBase.java:53)
	at twitter4j.HttpClientBase.get(HttpClientBase.java:71)
	at twitter4j.TwitterImpl.get(TwitterImpl.java:1950)
	at twitter4j.TwitterImpl.getFriendsIDs(TwitterImpl.java:395)
	at retrieval.RetrieveFriendsJSON.main(RetrieveFriendsJSON.java:98)
	at sun.reflect.NativeMethodAccessorImpl.invoke0(Native Method)
	at sun.reflect.NativeMethodAccessorImpl.invoke(NativeMethodAccessorImpl.java:57)
	at sun.reflect.DelegatingMethodAccessorImpl.invoke(DelegatingMethodAccessorImpl.java:43)
	at java.lang.reflect.Method.invoke(Method.java:606)
	at org.eclipse.jdt.internal.jarinjarloader.JarRsrcLoader.main(JarRsrcLoader.java:58)
429:Returned in API v1.1 when a request cannot be served due to the application's rate limit having been exhausted for the resource. See Rate Limiting in API v1.1.(https://dev.twitter.com/docs/rate-limiting/1.1)
message - Rate limit exceeded
code - 88

Relevant discussions can be found on the Internet at:
	http://www.google.co.jp/search?q=a0c96a69 or
	http://www.google.co.jp/search?q=1935c143
TwitterException{exceptionCode=[a0c96a69-1935c143], statusCode=429, message=Rate limit exceeded, code=88, retryAfter=-1, rateLimitStatus=RateLimitStatusJSONImpl{remaining=0, limit=15, resetTimeInSeconds=1399179725, secondsUntilReset=0}, version=4.0.1}
	at twitter4j.HttpClientImpl.handleRequest(HttpClientImpl.java:164)
	at twitter4j.HttpClientBase.request(HttpClientBase.java:53)
	at twitter4j.HttpClientBase.get(HttpClientBase.java:71)
	at twitter4j.TwitterImpl.get(TwitterImpl.java:1950)
	at twitter4j.TwitterImpl.getFriendsIDs(TwitterImpl.java:395)
	at retrieval.RetrieveFriendsJSON.main(RetrieveFriendsJSON.java:98)
	at sun.reflect.NativeMethodAccessorImpl.invoke0(Native Method)
	at sun.reflect.NativeMethodAccessorImpl.invoke(NativeMethodAccessorImpl.java:57)
	at sun.reflect.DelegatingMethodAccessorImpl.invoke(DelegatingMethodAccessorImpl.java:43)
	at java.lang.reflect.Method.invoke(Method.java:606)
	at org.eclipse.jdt.internal.jarinjarloader.JarRsrcLoader.main(JarRsrcLoader.java:58)
401:Authentication credentials (https://dev.twitter.com/pages/auth) were missing or incorrect. Ensure that you have set valid consumer key/secret, access token/secret, and the system clock is in sync.
{"request":"\/1.1\/friends\/ids.json?user_id=2472206041&cursor=-1&include_entities=true","error":"Not authorized."}

Relevant discussions can be found on the Internet at:
	http://www.google.co.jp/search?q=a0c96a69 or
	http://www.google.co.jp/search?q=1935c143
TwitterException{exceptionCode=[a0c96a69-1935c143], statusCode=401, message=null, code=-1, retryAfter=-1, rateLimitStatus=RateLimitStatusJSONImpl{remaining=13, limit=15, resetTimeInSeconds=1399180685, secondsUntilReset=839}, version=4.0.1}
	at twitter4j.HttpClientImpl.handleRequest(HttpClientImpl.java:164)
	at twitter4j.HttpClientBase.request(HttpClientBase.java:53)
	at twitter4j.HttpClientBase.get(HttpClientBase.java:71)
	at twitter4j.TwitterImpl.get(TwitterImpl.java:1950)
	at twitter4j.TwitterImpl.getFriendsIDs(TwitterImpl.java:395)
	at retrieval.RetrieveFriendsJSON.main(RetrieveFriendsJSON.java:98)
	at sun.reflect.NativeMethodAccessorImpl.invoke0(Native Method)
	at sun.reflect.NativeMethodAccessorImpl.invoke(NativeMethodAccessorImpl.java:57)
	at sun.reflect.DelegatingMethodAccessorImpl.invoke(DelegatingMethodAccessorImpl.java:43)
	at java.lang.reflect.Method.invoke(Method.java:606)
	at org.eclipse.jdt.internal.jarinjarloader.JarRsrcLoader.main(JarRsrcLoader.java:58)
429:Returned in API v1.1 when a request cannot be served due to the application's rate limit having been exhausted for the resource. See Rate Limiting in API v1.1.(https://dev.twitter.com/docs/rate-limiting/1.1)
message - Rate limit exceeded
code - 88

Relevant discussions can be found on the Internet at:
	http://www.google.co.jp/search?q=a0c96a69 or
	http://www.google.co.jp/search?q=1935c143
TwitterException{exceptionCode=[a0c96a69-1935c143], statusCode=429, message=Rate limit exceeded, code=88, retryAfter=-1, rateLimitStatus=RateLimitStatusJSONImpl{remaining=0, limit=15, resetTimeInSeconds=1399180685, secondsUntilReset=0}, version=4.0.1}
	at twitter4j.HttpClientImpl.handleRequest(HttpClientImpl.java:164)
	at twitter4j.HttpClientBase.request(HttpClientBase.java:53)
	at twitter4j.HttpClientBase.get(HttpClientBase.java:71)
	at twitter4j.TwitterImpl.get(TwitterImpl.java:1950)
	at twitter4j.TwitterImpl.getFriendsIDs(TwitterImpl.java:395)
	at retrieval.RetrieveFriendsJSON.main(RetrieveFriendsJSON.java:98)
	at sun.reflect.NativeMethodAccessorImpl.invoke0(Native Method)
	at sun.reflect.NativeMethodAccessorImpl.invoke(NativeMethodAccessorImpl.java:57)
	at sun.reflect.DelegatingMethodAccessorImpl.invoke(DelegatingMethodAccessorImpl.java:43)
	at java.lang.reflect.Method.invoke(Method.java:606)
	at org.eclipse.jdt.internal.jarinjarloader.JarRsrcLoader.main(JarRsrcLoader.java:58)
401:Authentication credentials (https://dev.twitter.com/pages/auth) were missing or incorrect. Ensure that you have set valid consumer key/secret, access token/secret, and the system clock is in sync.
{"request":"\/1.1\/friends\/ids.json?user_id=74813114&cursor=-1&include_entities=true","error":"Not authorized."}

Relevant discussions can be found on the Internet at:
	http://www.google.co.jp/search?q=a0c96a69 or
	http://www.google.co.jp/search?q=1935c143
TwitterException{exceptionCode=[a0c96a69-1935c143], statusCode=401, message=null, code=-1, retryAfter=-1, rateLimitStatus=RateLimitStatusJSONImpl{remaining=13, limit=15, resetTimeInSeconds=1399181645, secondsUntilReset=839}, version=4.0.1}
	at twitter4j.HttpClientImpl.handleRequest(HttpClientImpl.java:164)
	at twitter4j.HttpClientBase.request(HttpClientBase.java:53)
	at twitter4j.HttpClientBase.get(HttpClientBase.java:71)
	at twitter4j.TwitterImpl.get(TwitterImpl.java:1950)
	at twitter4j.TwitterImpl.getFriendsIDs(TwitterImpl.java:395)
	at retrieval.RetrieveFriendsJSON.main(RetrieveFriendsJSON.java:98)
	at sun.reflect.NativeMethodAccessorImpl.invoke0(Native Method)
	at sun.reflect.NativeMethodAccessorImpl.invoke(NativeMethodAccessorImpl.java:57)
	at sun.reflect.DelegatingMethodAccessorImpl.invoke(DelegatingMethodAccessorImpl.java:43)
	at java.lang.reflect.Method.invoke(Method.java:606)
	at org.eclipse.jdt.internal.jarinjarloader.JarRsrcLoader.main(JarRsrcLoader.java:58)
401:Authentication credentials (https://dev.twitter.com/pages/auth) were missing or incorrect. Ensure that you have set valid consumer key/secret, access token/secret, and the system clock is in sync.
{"request":"\/1.1\/friends\/ids.json?user_id=2472189552&cursor=-1&include_entities=true","error":"Not authorized."}

Relevant discussions can be found on the Internet at:
	http://www.google.co.jp/search?q=a0c96a69 or
	http://www.google.co.jp/search?q=1935c143
TwitterException{exceptionCode=[a0c96a69-1935c143], statusCode=401, message=null, code=-1, retryAfter=-1, rateLimitStatus=RateLimitStatusJSONImpl{remaining=11, limit=15, resetTimeInSeconds=1399181645, secondsUntilReset=719}, version=4.0.1}
	at twitter4j.HttpClientImpl.handleRequest(HttpClientImpl.java:164)
	at twitter4j.HttpClientBase.request(HttpClientBase.java:53)
	at twitter4j.HttpClientBase.get(HttpClientBase.java:71)
	at twitter4j.TwitterImpl.get(TwitterImpl.java:1950)
	at twitter4j.TwitterImpl.getFriendsIDs(TwitterImpl.java:395)
	at retrieval.RetrieveFriendsJSON.main(RetrieveFriendsJSON.java:98)
	at sun.reflect.NativeMethodAccessorImpl.invoke0(Native Method)
	at sun.reflect.NativeMethodAccessorImpl.invoke(NativeMethodAccessorImpl.java:57)
	at sun.reflect.DelegatingMethodAccessorImpl.invoke(DelegatingMethodAccessorImpl.java:43)
	at java.lang.reflect.Method.invoke(Method.java:606)
	at org.eclipse.jdt.internal.jarinjarloader.JarRsrcLoader.main(JarRsrcLoader.java:58)
401:Authentication credentials (https://dev.twitter.com/pages/auth) were missing or incorrect. Ensure that you have set valid consumer key/secret, access token/secret, and the system clock is in sync.
{"request":"\/1.1\/friends\/ids.json?user_id=73833748&cursor=-1&include_entities=true","error":"Not authorized."}

Relevant discussions can be found on the Internet at:
	http://www.google.co.jp/search?q=a0c96a69 or
	http://www.google.co.jp/search?q=1935c143
TwitterException{exceptionCode=[a0c96a69-1935c143], statusCode=401, message=null, code=-1, retryAfter=-1, rateLimitStatus=RateLimitStatusJSONImpl{remaining=2, limit=15, resetTimeInSeconds=1399181645, secondsUntilReset=179}, version=4.0.1}
	at twitter4j.HttpClientImpl.handleRequest(HttpClientImpl.java:164)
	at twitter4j.HttpClientBase.request(HttpClientBase.java:53)
	at twitter4j.HttpClientBase.get(HttpClientBase.java:71)
	at twitter4j.TwitterImpl.get(TwitterImpl.java:1950)
	at twitter4j.TwitterImpl.getFriendsIDs(TwitterImpl.java:395)
	at retrieval.RetrieveFriendsJSON.main(RetrieveFriendsJSON.java:98)
	at sun.reflect.NativeMethodAccessorImpl.invoke0(Native Method)
	at sun.reflect.NativeMethodAccessorImpl.invoke(NativeMethodAccessorImpl.java:57)
	at sun.reflect.DelegatingMethodAccessorImpl.invoke(DelegatingMethodAccessorImpl.java:43)
	at java.lang.reflect.Method.invoke(Method.java:606)
	at org.eclipse.jdt.internal.jarinjarloader.JarRsrcLoader.main(JarRsrcLoader.java:58)
429:Returned in API v1.1 when a request cannot be served due to the application's rate limit having been exhausted for the resource. See Rate Limiting in API v1.1.(https://dev.twitter.com/docs/rate-limiting/1.1)
message - Rate limit exceeded
code - 88

Relevant discussions can be found on the Internet at:
	http://www.google.co.jp/search?q=a0c96a69 or
	http://www.google.co.jp/search?q=1935c143
TwitterException{exceptionCode=[a0c96a69-1935c143], statusCode=429, message=Rate limit exceeded, code=88, retryAfter=-1, rateLimitStatus=RateLimitStatusJSONImpl{remaining=0, limit=15, resetTimeInSeconds=1399181645, secondsUntilReset=0}, version=4.0.1}
	at twitter4j.HttpClientImpl.handleRequest(HttpClientImpl.java:164)
	at twitter4j.HttpClientBase.request(HttpClientBase.java:53)
	at twitter4j.HttpClientBase.get(HttpClientBase.java:71)
	at twitter4j.TwitterImpl.get(TwitterImpl.java:1950)
	at twitter4j.TwitterImpl.getFriendsIDs(TwitterImpl.java:395)
	at retrieval.RetrieveFriendsJSON.main(RetrieveFriendsJSON.java:98)
	at sun.reflect.NativeMethodAccessorImpl.invoke0(Native Method)
	at sun.reflect.NativeMethodAccessorImpl.invoke(NativeMethodAccessorImpl.java:57)
	at sun.reflect.DelegatingMethodAccessorImpl.invoke(DelegatingMethodAccessorImpl.java:43)
	at java.lang.reflect.Method.invoke(Method.java:606)
	at org.eclipse.jdt.internal.jarinjarloader.JarRsrcLoader.main(JarRsrcLoader.java:58)
